

================================================================
== Vitis HLS Report for 'relu_array_ap_fixed_10u_array_ap_fixed_16_6_5_3_0_10u_relu_config33_s'
================================================================
* Date:           Tue Jun 13 19:59:00 2023

* Version:        2022.1 (Build 3526262 on Mon Apr 18 15:47:01 MDT 2022)
* Project:        AlexNet_Cifar10_Keras_prj
* Solution:       solution1 (Vivado IP Flow Target)
* Product family: zynquplus
* Target device:  xczu7ev-ffvc1156-2-e


================================================================
== Performance Estimates
================================================================
+ Timing: 
    * Summary: 
    +--------+---------+----------+------------+
    |  Clock |  Target | Estimated| Uncertainty|
    +--------+---------+----------+------------+
    |ap_clk  |  5.00 ns|  3.235 ns|     0.62 ns|
    +--------+---------+----------+------------+

+ Latency: 
    * Summary: 
    +---------+---------+----------+----------+-----+-----+---------+
    |  Latency (cycles) |  Latency (absolute) |  Interval | Pipeline|
    |   min   |   max   |    min   |    max   | min | max |   Type  |
    +---------+---------+----------+----------+-----+-----+---------+
    |        1|        1|  5.000 ns|  5.000 ns|    1|    1|       no|
    +---------+---------+----------+----------+-----+-----+---------+

    + Detail: 
        * Instance: 
        N/A

        * Loop: 
        N/A



================================================================
== Utilization Estimates
================================================================
* Summary: 
+-----------------+---------+------+--------+--------+-----+
|       Name      | BRAM_18K|  DSP |   FF   |   LUT  | URAM|
+-----------------+---------+------+--------+--------+-----+
|DSP              |        -|     -|       -|       -|    -|
|Expression       |        -|     -|       0|     282|    -|
|FIFO             |        -|     -|       -|       -|    -|
|Instance         |        -|     -|       -|       -|    -|
|Memory           |        -|     -|       -|       -|    -|
|Multiplexer      |        -|     -|       -|      50|    -|
|Register         |        -|     -|     154|       -|    -|
+-----------------+---------+------+--------+--------+-----+
|Total            |        0|     0|     154|     332|    0|
+-----------------+---------+------+--------+--------+-----+
|Available        |      624|  1728|  460800|  230400|   96|
+-----------------+---------+------+--------+--------+-----+
|Utilization (%)  |        0|     0|      ~0|      ~0|    0|
+-----------------+---------+------+--------+--------+-----+

+ Detail: 
    * Instance: 
    N/A

    * DSP: 
    N/A

    * Memory: 
    N/A

    * FIFO: 
    N/A

    * Expression: 
    +---------------------------+----------+----+---+----+------------+------------+
    |       Variable Name       | Operation| DSP| FF| LUT| Bitwidth P0| Bitwidth P1|
    +---------------------------+----------+----+---+----+------------+------------+
    |icmp_ln1695_119_fu_297_p2  |      icmp|   0|  0|  13|          16|           1|
    |icmp_ln1695_120_fu_311_p2  |      icmp|   0|  0|  13|          16|           1|
    |icmp_ln1695_121_fu_325_p2  |      icmp|   0|  0|  13|          16|           1|
    |icmp_ln1695_122_fu_339_p2  |      icmp|   0|  0|  13|          16|           1|
    |icmp_ln1695_123_fu_353_p2  |      icmp|   0|  0|  13|          16|           1|
    |icmp_ln1695_124_fu_367_p2  |      icmp|   0|  0|  13|          16|           1|
    |icmp_ln1695_125_fu_381_p2  |      icmp|   0|  0|  13|          16|           1|
    |icmp_ln1695_126_fu_395_p2  |      icmp|   0|  0|  13|          16|           1|
    |icmp_ln1695_127_fu_409_p2  |      icmp|   0|  0|  13|          16|           1|
    |icmp_ln1695_fu_283_p2      |      icmp|   0|  0|  13|          16|           1|
    |ap_block_state1            |        or|   0|  0|   2|           1|           1|
    |select_ln51_100_fu_303_p3  |    select|   0|  0|  15|           1|          15|
    |select_ln51_101_fu_317_p3  |    select|   0|  0|  15|           1|          15|
    |select_ln51_102_fu_331_p3  |    select|   0|  0|  15|           1|          15|
    |select_ln51_103_fu_345_p3  |    select|   0|  0|  15|           1|          15|
    |select_ln51_104_fu_359_p3  |    select|   0|  0|  15|           1|          15|
    |select_ln51_105_fu_373_p3  |    select|   0|  0|  15|           1|          15|
    |select_ln51_106_fu_387_p3  |    select|   0|  0|  15|           1|          15|
    |select_ln51_107_fu_401_p3  |    select|   0|  0|  15|           1|          15|
    |select_ln51_108_fu_415_p3  |    select|   0|  0|  15|           1|          15|
    |select_ln51_fu_289_p3      |    select|   0|  0|  15|           1|          15|
    +---------------------------+----------+----+---+----+------------+------------+
    |Total                      |          |   0|  0| 282|         171|         161|
    +---------------------------+----------+----+---+----+------------+------------+

    * Multiplexer: 
    +-------------------+----+-----------+-----+-----------+
    |        Name       | LUT| Input Size| Bits| Total Bits|
    +-------------------+----+-----------+-----+-----------+
    |ap_NS_fsm          |  14|          3|    1|          3|
    |ap_done            |   9|          2|    1|          2|
    |layer30_out_blk_n  |   9|          2|    1|          2|
    |layer33_out_blk_n  |   9|          2|    1|          2|
    |real_start         |   9|          2|    1|          2|
    +-------------------+----+-----------+-----+-----------+
    |Total              |  50|         11|    5|         11|
    +-------------------+----+-----------+-----+-----------+

    * Register: 
    +-------------------------+----+----+-----+-----------+
    |           Name          | FF | LUT| Bits| Const Bits|
    +-------------------------+----+----+-----+-----------+
    |ap_CS_fsm                |   2|   0|    2|          0|
    |ap_done_reg              |   1|   0|    1|          0|
    |select_ln51_100_reg_483  |  15|   0|   15|          0|
    |select_ln51_101_reg_488  |  15|   0|   15|          0|
    |select_ln51_102_reg_493  |  15|   0|   15|          0|
    |select_ln51_103_reg_498  |  15|   0|   15|          0|
    |select_ln51_104_reg_503  |  15|   0|   15|          0|
    |select_ln51_105_reg_508  |  15|   0|   15|          0|
    |select_ln51_106_reg_513  |  15|   0|   15|          0|
    |select_ln51_107_reg_518  |  15|   0|   15|          0|
    |select_ln51_108_reg_523  |  15|   0|   15|          0|
    |select_ln51_reg_478      |  15|   0|   15|          0|
    |start_once_reg           |   1|   0|    1|          0|
    +-------------------------+----+----+-----+-----------+
    |Total                    | 154|   0|  154|          0|
    +-------------------------+----+----+-----+-----------+



================================================================
== Interface
================================================================
* Summary: 
+----------------------------+-----+-----+------------+-------------------------------------------------------------------------+--------------+
|          RTL Ports         | Dir | Bits|  Protocol  |                              Source Object                              |    C Type    |
+----------------------------+-----+-----+------------+-------------------------------------------------------------------------+--------------+
|ap_clk                      |   in|    1|  ap_ctrl_hs|  relu<array<ap_fixed,10u>,array<ap_fixed<16,6,5,3,0>,10u>,relu_config33>|  return value|
|ap_rst                      |   in|    1|  ap_ctrl_hs|  relu<array<ap_fixed,10u>,array<ap_fixed<16,6,5,3,0>,10u>,relu_config33>|  return value|
|ap_start                    |   in|    1|  ap_ctrl_hs|  relu<array<ap_fixed,10u>,array<ap_fixed<16,6,5,3,0>,10u>,relu_config33>|  return value|
|start_full_n                |   in|    1|  ap_ctrl_hs|  relu<array<ap_fixed,10u>,array<ap_fixed<16,6,5,3,0>,10u>,relu_config33>|  return value|
|ap_done                     |  out|    1|  ap_ctrl_hs|  relu<array<ap_fixed,10u>,array<ap_fixed<16,6,5,3,0>,10u>,relu_config33>|  return value|
|ap_continue                 |   in|    1|  ap_ctrl_hs|  relu<array<ap_fixed,10u>,array<ap_fixed<16,6,5,3,0>,10u>,relu_config33>|  return value|
|ap_idle                     |  out|    1|  ap_ctrl_hs|  relu<array<ap_fixed,10u>,array<ap_fixed<16,6,5,3,0>,10u>,relu_config33>|  return value|
|ap_ready                    |  out|    1|  ap_ctrl_hs|  relu<array<ap_fixed,10u>,array<ap_fixed<16,6,5,3,0>,10u>,relu_config33>|  return value|
|start_out                   |  out|    1|  ap_ctrl_hs|  relu<array<ap_fixed,10u>,array<ap_fixed<16,6,5,3,0>,10u>,relu_config33>|  return value|
|start_write                 |  out|    1|  ap_ctrl_hs|  relu<array<ap_fixed,10u>,array<ap_fixed<16,6,5,3,0>,10u>,relu_config33>|  return value|
|layer30_out_dout            |   in|  160|     ap_fifo|                                                              layer30_out|       pointer|
|layer30_out_num_data_valid  |   in|    2|     ap_fifo|                                                              layer30_out|       pointer|
|layer30_out_fifo_cap        |   in|    2|     ap_fifo|                                                              layer30_out|       pointer|
|layer30_out_empty_n         |   in|    1|     ap_fifo|                                                              layer30_out|       pointer|
|layer30_out_read            |  out|    1|     ap_fifo|                                                              layer30_out|       pointer|
|layer33_out_din             |  out|  160|     ap_fifo|                                                              layer33_out|       pointer|
|layer33_out_num_data_valid  |   in|    2|     ap_fifo|                                                              layer33_out|       pointer|
|layer33_out_fifo_cap        |   in|    2|     ap_fifo|                                                              layer33_out|       pointer|
|layer33_out_full_n          |   in|    1|     ap_fifo|                                                              layer33_out|       pointer|
|layer33_out_write           |  out|    1|     ap_fifo|                                                              layer33_out|       pointer|
+----------------------------+-----+-----+------------+-------------------------------------------------------------------------+--------------+

============================================================
+ Verbose Summary: Synthesis Manager
============================================================
InlineROM: 1
ExposeGlobal: 0
============================================================
+ Verbose Summary: CDFG Model
============================================================
IsTopModel: 0
ResetActiveHigh: 1
IsCombinational: 2
IsDatapathOnly: 0
HasWiredReturn: 1
HasMFsm: 0
HasVarLatency: 1
IsPipeline: 0
IsRtlPipelined: 0
IsInstanceOverlapped: 0
IsDontTouch: 0
HasImplIP: 0
IsGatedGlobalClock: 0


============================================================
+ Verbose Summary: Schedule
============================================================
* Number of FSM states : 2
* Pipeline : 0
* Dataflow Pipeline: 0

* FSM state transitions: 
1 --> 2 
2 --> 

* FSM state operations: 

State 1 <SV = 0> <Delay = 3.23>
ST_1 : Operation 3 [1/1] (1.83ns)   --->   "%layer30_out_read = read i160 @_ssdm_op_Read.ap_fifo.volatile.i160P0A, i160 %layer30_out" [/data/Ao_XIE/vivado/Vitis_HLS/2022.1/common/technology/autopilot/hls_stream_39.h:145]   --->   Operation 3 'read' 'layer30_out_read' <Predicate = true> <Delay = 1.83> <CoreInst = "FIFO_SRL">   --->   Core 81 'FIFO_SRL' <Latency = 0> <II = 1> <Delay = 1.83> <Storage> <Opcode : 'read' 'write' 'nbread' 'nbwrite'> <Ports = 0> <Width = 160> <Depth = 1> <FIFO>
ST_1 : Operation 4 [1/1] (0.00ns)   --->   "%in_data_data = trunc i160 %layer30_out_read" [/data/Ao_XIE/vivado/Vitis_HLS/2022.1/common/technology/autopilot/hls_stream_39.h:145]   --->   Operation 4 'trunc' 'in_data_data' <Predicate = true> <Delay = 0.00>
ST_1 : Operation 5 [1/1] (0.00ns)   --->   "%trunc_ln145_95 = trunc i160 %layer30_out_read" [/data/Ao_XIE/vivado/Vitis_HLS/2022.1/common/technology/autopilot/hls_stream_39.h:145]   --->   Operation 5 'trunc' 'trunc_ln145_95' <Predicate = true> <Delay = 0.00>
ST_1 : Operation 6 [1/1] (0.00ns)   --->   "%trunc_ln145_96 = partselect i16 @_ssdm_op_PartSelect.i16.i160.i32.i32, i160 %layer30_out_read, i32 128, i32 143" [/data/Ao_XIE/vivado/Vitis_HLS/2022.1/common/technology/autopilot/hls_stream_39.h:145]   --->   Operation 6 'partselect' 'trunc_ln145_96' <Predicate = true> <Delay = 0.00>
ST_1 : Operation 7 [1/1] (0.00ns)   --->   "%trunc_ln145_97 = partselect i16 @_ssdm_op_PartSelect.i16.i160.i32.i32, i160 %layer30_out_read, i32 144, i32 159" [/data/Ao_XIE/vivado/Vitis_HLS/2022.1/common/technology/autopilot/hls_stream_39.h:145]   --->   Operation 7 'partselect' 'trunc_ln145_97' <Predicate = true> <Delay = 0.00>
ST_1 : Operation 8 [1/1] (0.00ns)   --->   "%in_data_data_38 = partselect i16 @_ssdm_op_PartSelect.i16.i160.i32.i32, i160 %layer30_out_read, i32 16, i32 31" [/data/Ao_XIE/vivado/Vitis_HLS/2022.1/common/technology/autopilot/hls_stream_39.h:145]   --->   Operation 8 'partselect' 'in_data_data_38' <Predicate = true> <Delay = 0.00>
ST_1 : Operation 9 [1/1] (0.00ns)   --->   "%trunc_ln = partselect i15 @_ssdm_op_PartSelect.i15.i160.i32.i32, i160 %layer30_out_read, i32 16, i32 30" [firmware/nnet_utils/nnet_activation_stream.h:44]   --->   Operation 9 'partselect' 'trunc_ln' <Predicate = true> <Delay = 0.00>
ST_1 : Operation 10 [1/1] (0.00ns)   --->   "%in_data_data_39 = partselect i16 @_ssdm_op_PartSelect.i16.i160.i32.i32, i160 %layer30_out_read, i32 32, i32 47" [/data/Ao_XIE/vivado/Vitis_HLS/2022.1/common/technology/autopilot/hls_stream_39.h:145]   --->   Operation 10 'partselect' 'in_data_data_39' <Predicate = true> <Delay = 0.00>
ST_1 : Operation 11 [1/1] (0.00ns)   --->   "%trunc_ln44_s = partselect i15 @_ssdm_op_PartSelect.i15.i160.i32.i32, i160 %layer30_out_read, i32 32, i32 46" [firmware/nnet_utils/nnet_activation_stream.h:44]   --->   Operation 11 'partselect' 'trunc_ln44_s' <Predicate = true> <Delay = 0.00>
ST_1 : Operation 12 [1/1] (0.00ns)   --->   "%in_data_data_40 = partselect i16 @_ssdm_op_PartSelect.i16.i160.i32.i32, i160 %layer30_out_read, i32 48, i32 63" [/data/Ao_XIE/vivado/Vitis_HLS/2022.1/common/technology/autopilot/hls_stream_39.h:145]   --->   Operation 12 'partselect' 'in_data_data_40' <Predicate = true> <Delay = 0.00>
ST_1 : Operation 13 [1/1] (0.00ns)   --->   "%trunc_ln44_2 = partselect i15 @_ssdm_op_PartSelect.i15.i160.i32.i32, i160 %layer30_out_read, i32 48, i32 62" [firmware/nnet_utils/nnet_activation_stream.h:44]   --->   Operation 13 'partselect' 'trunc_ln44_2' <Predicate = true> <Delay = 0.00>
ST_1 : Operation 14 [1/1] (0.00ns)   --->   "%tmp = partselect i16 @_ssdm_op_PartSelect.i16.i160.i32.i32, i160 %layer30_out_read, i32 64, i32 79" [/data/Ao_XIE/vivado/Vitis_HLS/2022.1/common/technology/autopilot/hls_stream_39.h:145]   --->   Operation 14 'partselect' 'tmp' <Predicate = true> <Delay = 0.00>
ST_1 : Operation 15 [1/1] (0.00ns)   --->   "%trunc_ln145_s = partselect i15 @_ssdm_op_PartSelect.i15.i160.i32.i32, i160 %layer30_out_read, i32 64, i32 78" [/data/Ao_XIE/vivado/Vitis_HLS/2022.1/common/technology/autopilot/hls_stream_39.h:145]   --->   Operation 15 'partselect' 'trunc_ln145_s' <Predicate = true> <Delay = 0.00>
ST_1 : Operation 16 [1/1] (0.00ns)   --->   "%tmp_s = partselect i16 @_ssdm_op_PartSelect.i16.i160.i32.i32, i160 %layer30_out_read, i32 80, i32 95" [/data/Ao_XIE/vivado/Vitis_HLS/2022.1/common/technology/autopilot/hls_stream_39.h:145]   --->   Operation 16 'partselect' 'tmp_s' <Predicate = true> <Delay = 0.00>
ST_1 : Operation 17 [1/1] (0.00ns)   --->   "%trunc_ln145_91 = partselect i15 @_ssdm_op_PartSelect.i15.i160.i32.i32, i160 %layer30_out_read, i32 80, i32 94" [/data/Ao_XIE/vivado/Vitis_HLS/2022.1/common/technology/autopilot/hls_stream_39.h:145]   --->   Operation 17 'partselect' 'trunc_ln145_91' <Predicate = true> <Delay = 0.00>
ST_1 : Operation 18 [1/1] (0.00ns)   --->   "%tmp_83 = partselect i16 @_ssdm_op_PartSelect.i16.i160.i32.i32, i160 %layer30_out_read, i32 96, i32 111" [/data/Ao_XIE/vivado/Vitis_HLS/2022.1/common/technology/autopilot/hls_stream_39.h:145]   --->   Operation 18 'partselect' 'tmp_83' <Predicate = true> <Delay = 0.00>
ST_1 : Operation 19 [1/1] (0.00ns)   --->   "%trunc_ln145_92 = partselect i15 @_ssdm_op_PartSelect.i15.i160.i32.i32, i160 %layer30_out_read, i32 96, i32 110" [/data/Ao_XIE/vivado/Vitis_HLS/2022.1/common/technology/autopilot/hls_stream_39.h:145]   --->   Operation 19 'partselect' 'trunc_ln145_92' <Predicate = true> <Delay = 0.00>
ST_1 : Operation 20 [1/1] (0.00ns)   --->   "%tmp_84 = partselect i16 @_ssdm_op_PartSelect.i16.i160.i32.i32, i160 %layer30_out_read, i32 112, i32 127" [/data/Ao_XIE/vivado/Vitis_HLS/2022.1/common/technology/autopilot/hls_stream_39.h:145]   --->   Operation 20 'partselect' 'tmp_84' <Predicate = true> <Delay = 0.00>
ST_1 : Operation 21 [1/1] (0.00ns)   --->   "%trunc_ln145_93 = partselect i15 @_ssdm_op_PartSelect.i15.i160.i32.i32, i160 %layer30_out_read, i32 112, i32 126" [/data/Ao_XIE/vivado/Vitis_HLS/2022.1/common/technology/autopilot/hls_stream_39.h:145]   --->   Operation 21 'partselect' 'trunc_ln145_93' <Predicate = true> <Delay = 0.00>
ST_1 : Operation 22 [1/1] (0.00ns)   --->   "%trunc_ln145_94 = partselect i15 @_ssdm_op_PartSelect.i15.i160.i32.i32, i160 %layer30_out_read, i32 128, i32 142" [/data/Ao_XIE/vivado/Vitis_HLS/2022.1/common/technology/autopilot/hls_stream_39.h:145]   --->   Operation 22 'partselect' 'trunc_ln145_94' <Predicate = true> <Delay = 0.00>
ST_1 : Operation 23 [1/1] (0.00ns)   --->   "%trunc_ln6 = partselect i15 @_ssdm_op_PartSelect.i15.i160.i32.i32, i160 %layer30_out_read, i32 144, i32 158"   --->   Operation 23 'partselect' 'trunc_ln6' <Predicate = true> <Delay = 0.00>
ST_1 : Operation 24 [1/1] (1.10ns)   --->   "%icmp_ln1695 = icmp_sgt  i16 %in_data_data, i16 0"   --->   Operation 24 'icmp' 'icmp_ln1695' <Predicate = true> <Delay = 1.10> <CoreInst = "Cmp">   --->   Core 9 'Cmp' <Latency = 0> <II = 1> <Delay = 1.10> <FuncUnit> <Opcode : 'icmp'> <InPorts = 2> <OutPorts = 1>
ST_1 : Operation 25 [1/1] (0.29ns)   --->   "%select_ln51 = select i1 %icmp_ln1695, i15 %trunc_ln145_95, i15 0" [firmware/nnet_utils/nnet_activation_stream.h:51]   --->   Operation 25 'select' 'select_ln51' <Predicate = true> <Delay = 0.29> <CoreInst = "Sel">   --->   Core 73 'Sel' <Latency = 0> <II = 1> <Delay = 0.29> <FuncUnit> <Opcode : 'select'> <InPorts = 3> <OutPorts = 1>
ST_1 : Operation 26 [1/1] (1.10ns)   --->   "%icmp_ln1695_119 = icmp_sgt  i16 %in_data_data_38, i16 0"   --->   Operation 26 'icmp' 'icmp_ln1695_119' <Predicate = true> <Delay = 1.10> <CoreInst = "Cmp">   --->   Core 9 'Cmp' <Latency = 0> <II = 1> <Delay = 1.10> <FuncUnit> <Opcode : 'icmp'> <InPorts = 2> <OutPorts = 1>
ST_1 : Operation 27 [1/1] (0.29ns)   --->   "%select_ln51_100 = select i1 %icmp_ln1695_119, i15 %trunc_ln, i15 0" [firmware/nnet_utils/nnet_activation_stream.h:51]   --->   Operation 27 'select' 'select_ln51_100' <Predicate = true> <Delay = 0.29> <CoreInst = "Sel">   --->   Core 73 'Sel' <Latency = 0> <II = 1> <Delay = 0.29> <FuncUnit> <Opcode : 'select'> <InPorts = 3> <OutPorts = 1>
ST_1 : Operation 28 [1/1] (1.10ns)   --->   "%icmp_ln1695_120 = icmp_sgt  i16 %in_data_data_39, i16 0"   --->   Operation 28 'icmp' 'icmp_ln1695_120' <Predicate = true> <Delay = 1.10> <CoreInst = "Cmp">   --->   Core 9 'Cmp' <Latency = 0> <II = 1> <Delay = 1.10> <FuncUnit> <Opcode : 'icmp'> <InPorts = 2> <OutPorts = 1>
ST_1 : Operation 29 [1/1] (0.29ns)   --->   "%select_ln51_101 = select i1 %icmp_ln1695_120, i15 %trunc_ln44_s, i15 0" [firmware/nnet_utils/nnet_activation_stream.h:51]   --->   Operation 29 'select' 'select_ln51_101' <Predicate = true> <Delay = 0.29> <CoreInst = "Sel">   --->   Core 73 'Sel' <Latency = 0> <II = 1> <Delay = 0.29> <FuncUnit> <Opcode : 'select'> <InPorts = 3> <OutPorts = 1>
ST_1 : Operation 30 [1/1] (1.10ns)   --->   "%icmp_ln1695_121 = icmp_sgt  i16 %in_data_data_40, i16 0"   --->   Operation 30 'icmp' 'icmp_ln1695_121' <Predicate = true> <Delay = 1.10> <CoreInst = "Cmp">   --->   Core 9 'Cmp' <Latency = 0> <II = 1> <Delay = 1.10> <FuncUnit> <Opcode : 'icmp'> <InPorts = 2> <OutPorts = 1>
ST_1 : Operation 31 [1/1] (0.29ns)   --->   "%select_ln51_102 = select i1 %icmp_ln1695_121, i15 %trunc_ln44_2, i15 0" [firmware/nnet_utils/nnet_activation_stream.h:51]   --->   Operation 31 'select' 'select_ln51_102' <Predicate = true> <Delay = 0.29> <CoreInst = "Sel">   --->   Core 73 'Sel' <Latency = 0> <II = 1> <Delay = 0.29> <FuncUnit> <Opcode : 'select'> <InPorts = 3> <OutPorts = 1>
ST_1 : Operation 32 [1/1] (1.10ns)   --->   "%icmp_ln1695_122 = icmp_sgt  i16 %tmp, i16 0"   --->   Operation 32 'icmp' 'icmp_ln1695_122' <Predicate = true> <Delay = 1.10> <CoreInst = "Cmp">   --->   Core 9 'Cmp' <Latency = 0> <II = 1> <Delay = 1.10> <FuncUnit> <Opcode : 'icmp'> <InPorts = 2> <OutPorts = 1>
ST_1 : Operation 33 [1/1] (0.29ns)   --->   "%select_ln51_103 = select i1 %icmp_ln1695_122, i15 %trunc_ln145_s, i15 0" [firmware/nnet_utils/nnet_activation_stream.h:51]   --->   Operation 33 'select' 'select_ln51_103' <Predicate = true> <Delay = 0.29> <CoreInst = "Sel">   --->   Core 73 'Sel' <Latency = 0> <II = 1> <Delay = 0.29> <FuncUnit> <Opcode : 'select'> <InPorts = 3> <OutPorts = 1>
ST_1 : Operation 34 [1/1] (1.10ns)   --->   "%icmp_ln1695_123 = icmp_sgt  i16 %tmp_s, i16 0"   --->   Operation 34 'icmp' 'icmp_ln1695_123' <Predicate = true> <Delay = 1.10> <CoreInst = "Cmp">   --->   Core 9 'Cmp' <Latency = 0> <II = 1> <Delay = 1.10> <FuncUnit> <Opcode : 'icmp'> <InPorts = 2> <OutPorts = 1>
ST_1 : Operation 35 [1/1] (0.29ns)   --->   "%select_ln51_104 = select i1 %icmp_ln1695_123, i15 %trunc_ln145_91, i15 0" [firmware/nnet_utils/nnet_activation_stream.h:51]   --->   Operation 35 'select' 'select_ln51_104' <Predicate = true> <Delay = 0.29> <CoreInst = "Sel">   --->   Core 73 'Sel' <Latency = 0> <II = 1> <Delay = 0.29> <FuncUnit> <Opcode : 'select'> <InPorts = 3> <OutPorts = 1>
ST_1 : Operation 36 [1/1] (1.10ns)   --->   "%icmp_ln1695_124 = icmp_sgt  i16 %tmp_83, i16 0"   --->   Operation 36 'icmp' 'icmp_ln1695_124' <Predicate = true> <Delay = 1.10> <CoreInst = "Cmp">   --->   Core 9 'Cmp' <Latency = 0> <II = 1> <Delay = 1.10> <FuncUnit> <Opcode : 'icmp'> <InPorts = 2> <OutPorts = 1>
ST_1 : Operation 37 [1/1] (0.29ns)   --->   "%select_ln51_105 = select i1 %icmp_ln1695_124, i15 %trunc_ln145_92, i15 0" [firmware/nnet_utils/nnet_activation_stream.h:51]   --->   Operation 37 'select' 'select_ln51_105' <Predicate = true> <Delay = 0.29> <CoreInst = "Sel">   --->   Core 73 'Sel' <Latency = 0> <II = 1> <Delay = 0.29> <FuncUnit> <Opcode : 'select'> <InPorts = 3> <OutPorts = 1>
ST_1 : Operation 38 [1/1] (1.10ns)   --->   "%icmp_ln1695_125 = icmp_sgt  i16 %tmp_84, i16 0"   --->   Operation 38 'icmp' 'icmp_ln1695_125' <Predicate = true> <Delay = 1.10> <CoreInst = "Cmp">   --->   Core 9 'Cmp' <Latency = 0> <II = 1> <Delay = 1.10> <FuncUnit> <Opcode : 'icmp'> <InPorts = 2> <OutPorts = 1>
ST_1 : Operation 39 [1/1] (0.29ns)   --->   "%select_ln51_106 = select i1 %icmp_ln1695_125, i15 %trunc_ln145_93, i15 0" [firmware/nnet_utils/nnet_activation_stream.h:51]   --->   Operation 39 'select' 'select_ln51_106' <Predicate = true> <Delay = 0.29> <CoreInst = "Sel">   --->   Core 73 'Sel' <Latency = 0> <II = 1> <Delay = 0.29> <FuncUnit> <Opcode : 'select'> <InPorts = 3> <OutPorts = 1>
ST_1 : Operation 40 [1/1] (1.10ns)   --->   "%icmp_ln1695_126 = icmp_sgt  i16 %trunc_ln145_96, i16 0"   --->   Operation 40 'icmp' 'icmp_ln1695_126' <Predicate = true> <Delay = 1.10> <CoreInst = "Cmp">   --->   Core 9 'Cmp' <Latency = 0> <II = 1> <Delay = 1.10> <FuncUnit> <Opcode : 'icmp'> <InPorts = 2> <OutPorts = 1>
ST_1 : Operation 41 [1/1] (0.29ns)   --->   "%select_ln51_107 = select i1 %icmp_ln1695_126, i15 %trunc_ln145_94, i15 0" [firmware/nnet_utils/nnet_activation_stream.h:51]   --->   Operation 41 'select' 'select_ln51_107' <Predicate = true> <Delay = 0.29> <CoreInst = "Sel">   --->   Core 73 'Sel' <Latency = 0> <II = 1> <Delay = 0.29> <FuncUnit> <Opcode : 'select'> <InPorts = 3> <OutPorts = 1>
ST_1 : Operation 42 [1/1] (1.10ns)   --->   "%icmp_ln1695_127 = icmp_sgt  i16 %trunc_ln145_97, i16 0"   --->   Operation 42 'icmp' 'icmp_ln1695_127' <Predicate = true> <Delay = 1.10> <CoreInst = "Cmp">   --->   Core 9 'Cmp' <Latency = 0> <II = 1> <Delay = 1.10> <FuncUnit> <Opcode : 'icmp'> <InPorts = 2> <OutPorts = 1>
ST_1 : Operation 43 [1/1] (0.29ns)   --->   "%select_ln51_108 = select i1 %icmp_ln1695_127, i15 %trunc_ln6, i15 0" [firmware/nnet_utils/nnet_activation_stream.h:51]   --->   Operation 43 'select' 'select_ln51_108' <Predicate = true> <Delay = 0.29> <CoreInst = "Sel">   --->   Core 73 'Sel' <Latency = 0> <II = 1> <Delay = 0.29> <FuncUnit> <Opcode : 'select'> <InPorts = 3> <OutPorts = 1>

State 2 <SV = 1> <Delay = 1.83>
ST_2 : Operation 44 [1/1] (0.00ns)   --->   "%specinterface_ln0 = specinterface void @_ssdm_op_SpecInterface, i160 %layer33_out, void @empty_9, i32 0, i32 0, void @empty_3, i32 0, i32 0, void @empty_3, void @empty_3, void @empty_3, i32 0, i32 0, i32 0, i32 0, void @empty_3, void @empty_3, i32 4294967295, i32 0"   --->   Operation 44 'specinterface' 'specinterface_ln0' <Predicate = true> <Delay = 0.00>
ST_2 : Operation 45 [1/1] (0.00ns)   --->   "%specinterface_ln0 = specinterface void @_ssdm_op_SpecInterface, i160 %layer30_out, void @empty_9, i32 0, i32 0, void @empty_3, i32 0, i32 0, void @empty_3, void @empty_3, void @empty_3, i32 0, i32 0, i32 0, i32 0, void @empty_3, void @empty_3, i32 4294967295, i32 0"   --->   Operation 45 'specinterface' 'specinterface_ln0' <Predicate = true> <Delay = 0.00>
ST_2 : Operation 46 [1/1] (0.00ns)   --->   "%zext_ln1695 = zext i15 %select_ln51"   --->   Operation 46 'zext' 'zext_ln1695' <Predicate = true> <Delay = 0.00>
ST_2 : Operation 47 [1/1] (0.00ns)   --->   "%zext_ln1695_95 = zext i15 %select_ln51_100"   --->   Operation 47 'zext' 'zext_ln1695_95' <Predicate = true> <Delay = 0.00>
ST_2 : Operation 48 [1/1] (0.00ns)   --->   "%zext_ln1695_96 = zext i15 %select_ln51_101"   --->   Operation 48 'zext' 'zext_ln1695_96' <Predicate = true> <Delay = 0.00>
ST_2 : Operation 49 [1/1] (0.00ns)   --->   "%zext_ln1695_97 = zext i15 %select_ln51_102"   --->   Operation 49 'zext' 'zext_ln1695_97' <Predicate = true> <Delay = 0.00>
ST_2 : Operation 50 [1/1] (0.00ns)   --->   "%zext_ln1695_98 = zext i15 %select_ln51_103"   --->   Operation 50 'zext' 'zext_ln1695_98' <Predicate = true> <Delay = 0.00>
ST_2 : Operation 51 [1/1] (0.00ns)   --->   "%zext_ln1695_99 = zext i15 %select_ln51_104"   --->   Operation 51 'zext' 'zext_ln1695_99' <Predicate = true> <Delay = 0.00>
ST_2 : Operation 52 [1/1] (0.00ns)   --->   "%zext_ln1695_100 = zext i15 %select_ln51_105"   --->   Operation 52 'zext' 'zext_ln1695_100' <Predicate = true> <Delay = 0.00>
ST_2 : Operation 53 [1/1] (0.00ns)   --->   "%zext_ln1695_101 = zext i15 %select_ln51_106"   --->   Operation 53 'zext' 'zext_ln1695_101' <Predicate = true> <Delay = 0.00>
ST_2 : Operation 54 [1/1] (0.00ns)   --->   "%zext_ln1695_102 = zext i15 %select_ln51_107"   --->   Operation 54 'zext' 'zext_ln1695_102' <Predicate = true> <Delay = 0.00>
ST_2 : Operation 55 [1/1] (0.00ns)   --->   "%or_ln174_s = bitconcatenate i159 @_ssdm_op_BitConcatenate.i159.i15.i16.i16.i16.i16.i16.i16.i16.i16.i16, i15 %select_ln51_108, i16 %zext_ln1695_102, i16 %zext_ln1695_101, i16 %zext_ln1695_100, i16 %zext_ln1695_99, i16 %zext_ln1695_98, i16 %zext_ln1695_97, i16 %zext_ln1695_96, i16 %zext_ln1695_95, i16 %zext_ln1695" [/data/Ao_XIE/vivado/Vitis_HLS/2022.1/common/technology/autopilot/hls_stream_39.h:174]   --->   Operation 55 'bitconcatenate' 'or_ln174_s' <Predicate = true> <Delay = 0.00>
ST_2 : Operation 56 [1/1] (0.00ns)   --->   "%zext_ln174 = zext i159 %or_ln174_s" [/data/Ao_XIE/vivado/Vitis_HLS/2022.1/common/technology/autopilot/hls_stream_39.h:174]   --->   Operation 56 'zext' 'zext_ln174' <Predicate = true> <Delay = 0.00>
ST_2 : Operation 57 [1/1] (1.83ns)   --->   "%write_ln174 = write void @_ssdm_op_Write.ap_fifo.volatile.i160P0A, i160 %layer33_out, i160 %zext_ln174" [/data/Ao_XIE/vivado/Vitis_HLS/2022.1/common/technology/autopilot/hls_stream_39.h:174]   --->   Operation 57 'write' 'write_ln174' <Predicate = true> <Delay = 1.83> <CoreInst = "FIFO_SRL">   --->   Core 81 'FIFO_SRL' <Latency = 0> <II = 1> <Delay = 1.83> <Storage> <Opcode : 'read' 'write' 'nbread' 'nbwrite'> <Ports = 0> <Width = 160> <Depth = 1> <FIFO>
ST_2 : Operation 58 [1/1] (0.00ns)   --->   "%ret_ln59 = ret" [firmware/nnet_utils/nnet_activation_stream.h:59]   --->   Operation 58 'ret' 'ret_ln59' <Predicate = true> <Delay = 0.00>


============================================================
+ Verbose Summary: Binding
============================================================
STG Binding: 
---------------- STG Properties BEGIN ----------------
- Is combinational: 0
- Is one-state seq: 0
- Is datapath-only: 0
- Is pipelined: 0
- Is top level: 0
Port [ Return ] is wired: 1; IO mode=ap_ctrl_hs:ce=0
Port [ layer30_out]:  wired=1; compound=1; hidden=0; nouse=0; global=0; static=0; extern=0; dir=0; type=3; pingpong=0; private_global=0; IO mode=ap_fifo:ce=0
Port [ layer33_out]:  wired=1; compound=1; hidden=0; nouse=0; global=0; static=0; extern=0; dir=1; type=3; pingpong=0; private_global=0; IO mode=ap_fifo:ce=0
---------------- STG Properties END ------------------

---------------- Datapath Model BEGIN ----------------

<LifeTime>
<method=bitvector/>
layer30_out_read  (read          ) [ 000]
in_data_data      (trunc         ) [ 000]
trunc_ln145_95    (trunc         ) [ 000]
trunc_ln145_96    (partselect    ) [ 000]
trunc_ln145_97    (partselect    ) [ 000]
in_data_data_38   (partselect    ) [ 000]
trunc_ln          (partselect    ) [ 000]
in_data_data_39   (partselect    ) [ 000]
trunc_ln44_s      (partselect    ) [ 000]
in_data_data_40   (partselect    ) [ 000]
trunc_ln44_2      (partselect    ) [ 000]
tmp               (partselect    ) [ 000]
trunc_ln145_s     (partselect    ) [ 000]
tmp_s             (partselect    ) [ 000]
trunc_ln145_91    (partselect    ) [ 000]
tmp_83            (partselect    ) [ 000]
trunc_ln145_92    (partselect    ) [ 000]
tmp_84            (partselect    ) [ 000]
trunc_ln145_93    (partselect    ) [ 000]
trunc_ln145_94    (partselect    ) [ 000]
trunc_ln6         (partselect    ) [ 000]
icmp_ln1695       (icmp          ) [ 000]
select_ln51       (select        ) [ 001]
icmp_ln1695_119   (icmp          ) [ 000]
select_ln51_100   (select        ) [ 001]
icmp_ln1695_120   (icmp          ) [ 000]
select_ln51_101   (select        ) [ 001]
icmp_ln1695_121   (icmp          ) [ 000]
select_ln51_102   (select        ) [ 001]
icmp_ln1695_122   (icmp          ) [ 000]
select_ln51_103   (select        ) [ 001]
icmp_ln1695_123   (icmp          ) [ 000]
select_ln51_104   (select        ) [ 001]
icmp_ln1695_124   (icmp          ) [ 000]
select_ln51_105   (select        ) [ 001]
icmp_ln1695_125   (icmp          ) [ 000]
select_ln51_106   (select        ) [ 001]
icmp_ln1695_126   (icmp          ) [ 000]
select_ln51_107   (select        ) [ 001]
icmp_ln1695_127   (icmp          ) [ 000]
select_ln51_108   (select        ) [ 001]
specinterface_ln0 (specinterface ) [ 000]
specinterface_ln0 (specinterface ) [ 000]
zext_ln1695       (zext          ) [ 000]
zext_ln1695_95    (zext          ) [ 000]
zext_ln1695_96    (zext          ) [ 000]
zext_ln1695_97    (zext          ) [ 000]
zext_ln1695_98    (zext          ) [ 000]
zext_ln1695_99    (zext          ) [ 000]
zext_ln1695_100   (zext          ) [ 000]
zext_ln1695_101   (zext          ) [ 000]
zext_ln1695_102   (zext          ) [ 000]
or_ln174_s        (bitconcatenate) [ 000]
zext_ln174        (zext          ) [ 000]
write_ln174       (write         ) [ 000]
ret_ln59          (ret           ) [ 000]
</LifeTime>

<model>

<comp_list>
<comp id="0" class="1000" name="layer30_out">
<pin_list>
<pin id="1" dir="1" index="0" bw="1" slack="0"/>
</pin_list>
<bind>
<StgValue><ssdm name="layer30_out"/></StgValue>
</bind>
</comp>

<comp id="2" class="1000" name="layer33_out">
<pin_list>
<pin id="3" dir="1" index="0" bw="1" slack="0"/>
</pin_list>
<bind>
<StgValue><ssdm name="layer33_out"/></StgValue>
</bind>
</comp>

<comp id="4" class="1001" name="const_4">
<pin_list>
<pin id="5" dir="1" index="0" bw="1" slack="0"/>
</pin_list>
<bind>
<StgValue><ssdm name="_ssdm_op_Read.ap_fifo.volatile.i160P0A"/></StgValue>
</bind>
</comp>

<comp id="6" class="1001" name="const_6">
<pin_list>
<pin id="7" dir="1" index="0" bw="1" slack="0"/>
</pin_list>
<bind>
<StgValue><ssdm name="_ssdm_op_PartSelect.i16.i160.i32.i32"/></StgValue>
</bind>
</comp>

<comp id="8" class="1001" name="const_8">
<pin_list>
<pin id="9" dir="1" index="0" bw="1" slack="0"/>
</pin_list>
<bind>
<StgValue><ssdm name=""/></StgValue>
</bind>
</comp>

<comp id="10" class="1001" name="const_10">
<pin_list>
<pin id="11" dir="1" index="0" bw="1" slack="0"/>
</pin_list>
<bind>
<StgValue><ssdm name=""/></StgValue>
</bind>
</comp>

<comp id="12" class="1001" name="const_12">
<pin_list>
<pin id="13" dir="1" index="0" bw="1" slack="0"/>
</pin_list>
<bind>
<StgValue><ssdm name=""/></StgValue>
</bind>
</comp>

<comp id="14" class="1001" name="const_14">
<pin_list>
<pin id="15" dir="1" index="0" bw="1" slack="0"/>
</pin_list>
<bind>
<StgValue><ssdm name=""/></StgValue>
</bind>
</comp>

<comp id="16" class="1001" name="const_16">
<pin_list>
<pin id="17" dir="1" index="0" bw="1" slack="0"/>
</pin_list>
<bind>
<StgValue><ssdm name=""/></StgValue>
</bind>
</comp>

<comp id="18" class="1001" name="const_18">
<pin_list>
<pin id="19" dir="1" index="0" bw="1" slack="0"/>
</pin_list>
<bind>
<StgValue><ssdm name=""/></StgValue>
</bind>
</comp>

<comp id="20" class="1001" name="const_20">
<pin_list>
<pin id="21" dir="1" index="0" bw="1" slack="0"/>
</pin_list>
<bind>
<StgValue><ssdm name="_ssdm_op_PartSelect.i15.i160.i32.i32"/></StgValue>
</bind>
</comp>

<comp id="22" class="1001" name="const_22">
<pin_list>
<pin id="23" dir="1" index="0" bw="1" slack="0"/>
</pin_list>
<bind>
<StgValue><ssdm name=""/></StgValue>
</bind>
</comp>

<comp id="24" class="1001" name="const_24">
<pin_list>
<pin id="25" dir="1" index="0" bw="1" slack="0"/>
</pin_list>
<bind>
<StgValue><ssdm name=""/></StgValue>
</bind>
</comp>

<comp id="26" class="1001" name="const_26">
<pin_list>
<pin id="27" dir="1" index="0" bw="1" slack="0"/>
</pin_list>
<bind>
<StgValue><ssdm name=""/></StgValue>
</bind>
</comp>

<comp id="28" class="1001" name="const_28">
<pin_list>
<pin id="29" dir="1" index="0" bw="1" slack="0"/>
</pin_list>
<bind>
<StgValue><ssdm name=""/></StgValue>
</bind>
</comp>

<comp id="30" class="1001" name="const_30">
<pin_list>
<pin id="31" dir="1" index="0" bw="1" slack="0"/>
</pin_list>
<bind>
<StgValue><ssdm name=""/></StgValue>
</bind>
</comp>

<comp id="32" class="1001" name="const_32">
<pin_list>
<pin id="33" dir="1" index="0" bw="1" slack="0"/>
</pin_list>
<bind>
<StgValue><ssdm name=""/></StgValue>
</bind>
</comp>

<comp id="34" class="1001" name="const_34">
<pin_list>
<pin id="35" dir="1" index="0" bw="1" slack="0"/>
</pin_list>
<bind>
<StgValue><ssdm name=""/></StgValue>
</bind>
</comp>

<comp id="36" class="1001" name="const_36">
<pin_list>
<pin id="37" dir="1" index="0" bw="1" slack="0"/>
</pin_list>
<bind>
<StgValue><ssdm name=""/></StgValue>
</bind>
</comp>

<comp id="38" class="1001" name="const_38">
<pin_list>
<pin id="39" dir="1" index="0" bw="1" slack="0"/>
</pin_list>
<bind>
<StgValue><ssdm name=""/></StgValue>
</bind>
</comp>

<comp id="40" class="1001" name="const_40">
<pin_list>
<pin id="41" dir="1" index="0" bw="1" slack="0"/>
</pin_list>
<bind>
<StgValue><ssdm name=""/></StgValue>
</bind>
</comp>

<comp id="42" class="1001" name="const_42">
<pin_list>
<pin id="43" dir="1" index="0" bw="1" slack="0"/>
</pin_list>
<bind>
<StgValue><ssdm name=""/></StgValue>
</bind>
</comp>

<comp id="44" class="1001" name="const_44">
<pin_list>
<pin id="45" dir="1" index="0" bw="1" slack="0"/>
</pin_list>
<bind>
<StgValue><ssdm name=""/></StgValue>
</bind>
</comp>

<comp id="46" class="1001" name="const_46">
<pin_list>
<pin id="47" dir="1" index="0" bw="1" slack="0"/>
</pin_list>
<bind>
<StgValue><ssdm name=""/></StgValue>
</bind>
</comp>

<comp id="48" class="1001" name="const_48">
<pin_list>
<pin id="49" dir="1" index="0" bw="1" slack="0"/>
</pin_list>
<bind>
<StgValue><ssdm name=""/></StgValue>
</bind>
</comp>

<comp id="50" class="1001" name="const_50">
<pin_list>
<pin id="51" dir="1" index="0" bw="1" slack="0"/>
</pin_list>
<bind>
<StgValue><ssdm name=""/></StgValue>
</bind>
</comp>

<comp id="52" class="1001" name="const_52">
<pin_list>
<pin id="53" dir="1" index="0" bw="1" slack="0"/>
</pin_list>
<bind>
<StgValue><ssdm name=""/></StgValue>
</bind>
</comp>

<comp id="54" class="1001" name="const_54">
<pin_list>
<pin id="55" dir="1" index="0" bw="1" slack="0"/>
</pin_list>
<bind>
<StgValue><ssdm name=""/></StgValue>
</bind>
</comp>

<comp id="56" class="1001" name="const_56">
<pin_list>
<pin id="57" dir="1" index="0" bw="1" slack="0"/>
</pin_list>
<bind>
<StgValue><ssdm name=""/></StgValue>
</bind>
</comp>

<comp id="58" class="1001" name="const_58">
<pin_list>
<pin id="59" dir="1" index="0" bw="1" slack="0"/>
</pin_list>
<bind>
<StgValue><ssdm name=""/></StgValue>
</bind>
</comp>

<comp id="60" class="1001" name="const_60">
<pin_list>
<pin id="61" dir="1" index="0" bw="1" slack="0"/>
</pin_list>
<bind>
<StgValue><ssdm name=""/></StgValue>
</bind>
</comp>

<comp id="62" class="1001" name="const_62">
<pin_list>
<pin id="63" dir="1" index="0" bw="1" slack="0"/>
</pin_list>
<bind>
<StgValue><ssdm name=""/></StgValue>
</bind>
</comp>

<comp id="64" class="1001" name="const_64">
<pin_list>
<pin id="65" dir="1" index="0" bw="1" slack="0"/>
</pin_list>
<bind>
<StgValue><ssdm name=""/></StgValue>
</bind>
</comp>

<comp id="66" class="1001" name="const_66">
<pin_list>
<pin id="67" dir="1" index="0" bw="1" slack="0"/>
</pin_list>
<bind>
<StgValue><ssdm name=""/></StgValue>
</bind>
</comp>

<comp id="68" class="1001" name="const_68">
<pin_list>
<pin id="69" dir="1" index="0" bw="1" slack="2147483647"/>
</pin_list>
<bind>
<StgValue><ssdm name="_ssdm_op_SpecInterface"/></StgValue>
</bind>
</comp>

<comp id="70" class="1001" name="const_70">
<pin_list>
<pin id="71" dir="1" index="0" bw="1" slack="2147483647"/>
</pin_list>
<bind>
<StgValue><ssdm name="empty_9"/></StgValue>
</bind>
</comp>

<comp id="72" class="1001" name="const_72">
<pin_list>
<pin id="73" dir="1" index="0" bw="1" slack="2147483647"/>
</pin_list>
<bind>
<StgValue><ssdm name=""/></StgValue>
</bind>
</comp>

<comp id="74" class="1001" name="const_74">
<pin_list>
<pin id="75" dir="1" index="0" bw="1" slack="2147483647"/>
</pin_list>
<bind>
<StgValue><ssdm name="empty_3"/></StgValue>
</bind>
</comp>

<comp id="76" class="1001" name="const_76">
<pin_list>
<pin id="77" dir="1" index="0" bw="1" slack="2147483647"/>
</pin_list>
<bind>
<StgValue><ssdm name=""/></StgValue>
</bind>
</comp>

<comp id="78" class="1001" name="const_78">
<pin_list>
<pin id="79" dir="1" index="0" bw="1" slack="0"/>
</pin_list>
<bind>
<StgValue><ssdm name="_ssdm_op_BitConcatenate.i159.i15.i16.i16.i16.i16.i16.i16.i16.i16.i16"/></StgValue>
</bind>
</comp>

<comp id="80" class="1001" name="const_80">
<pin_list>
<pin id="81" dir="1" index="0" bw="1" slack="0"/>
</pin_list>
<bind>
<StgValue><ssdm name="_ssdm_op_Write.ap_fifo.volatile.i160P0A"/></StgValue>
</bind>
</comp>

<comp id="82" class="1004" name="layer30_out_read_read_fu_82">
<pin_list>
<pin id="83" dir="0" index="0" bw="160" slack="0"/>
<pin id="84" dir="0" index="1" bw="160" slack="0"/>
<pin id="85" dir="1" index="2" bw="160" slack="0"/>
</pin_list>
<bind>
<opcode="read(1150) " fcode="read"/>
<opset="layer30_out_read/1 "/>
</bind>
</comp>

<comp id="88" class="1004" name="write_ln174_write_fu_88">
<pin_list>
<pin id="89" dir="0" index="0" bw="0" slack="0"/>
<pin id="90" dir="0" index="1" bw="160" slack="0"/>
<pin id="91" dir="0" index="2" bw="159" slack="0"/>
<pin id="92" dir="1" index="3" bw="0" slack="2147483647"/>
</pin_list>
<bind>
<opcode="write(1151) " fcode="write"/>
<opset="write_ln174/2 "/>
</bind>
</comp>

<comp id="95" class="1004" name="in_data_data_fu_95">
<pin_list>
<pin id="96" dir="0" index="0" bw="160" slack="0"/>
<pin id="97" dir="1" index="1" bw="16" slack="0"/>
</pin_list>
<bind>
<opcode="trunc(33) " fcode="trunc"/>
<opset="in_data_data/1 "/>
</bind>
</comp>

<comp id="99" class="1004" name="trunc_ln145_95_fu_99">
<pin_list>
<pin id="100" dir="0" index="0" bw="160" slack="0"/>
<pin id="101" dir="1" index="1" bw="15" slack="0"/>
</pin_list>
<bind>
<opcode="trunc(33) " fcode="trunc"/>
<opset="trunc_ln145_95/1 "/>
</bind>
</comp>

<comp id="103" class="1004" name="trunc_ln145_96_fu_103">
<pin_list>
<pin id="104" dir="0" index="0" bw="16" slack="0"/>
<pin id="105" dir="0" index="1" bw="160" slack="0"/>
<pin id="106" dir="0" index="2" bw="9" slack="0"/>
<pin id="107" dir="0" index="3" bw="9" slack="0"/>
<pin id="108" dir="1" index="4" bw="16" slack="0"/>
</pin_list>
<bind>
<opcode="partselect(1002) " fcode="partselect"/>
<opset="trunc_ln145_96/1 "/>
</bind>
</comp>

<comp id="113" class="1004" name="trunc_ln145_97_fu_113">
<pin_list>
<pin id="114" dir="0" index="0" bw="16" slack="0"/>
<pin id="115" dir="0" index="1" bw="160" slack="0"/>
<pin id="116" dir="0" index="2" bw="9" slack="0"/>
<pin id="117" dir="0" index="3" bw="9" slack="0"/>
<pin id="118" dir="1" index="4" bw="16" slack="0"/>
</pin_list>
<bind>
<opcode="partselect(1002) " fcode="partselect"/>
<opset="trunc_ln145_97/1 "/>
</bind>
</comp>

<comp id="123" class="1004" name="in_data_data_38_fu_123">
<pin_list>
<pin id="124" dir="0" index="0" bw="16" slack="0"/>
<pin id="125" dir="0" index="1" bw="160" slack="0"/>
<pin id="126" dir="0" index="2" bw="6" slack="0"/>
<pin id="127" dir="0" index="3" bw="6" slack="0"/>
<pin id="128" dir="1" index="4" bw="16" slack="0"/>
</pin_list>
<bind>
<opcode="partselect(1002) " fcode="partselect"/>
<opset="in_data_data_38/1 "/>
</bind>
</comp>

<comp id="133" class="1004" name="trunc_ln_fu_133">
<pin_list>
<pin id="134" dir="0" index="0" bw="15" slack="0"/>
<pin id="135" dir="0" index="1" bw="160" slack="0"/>
<pin id="136" dir="0" index="2" bw="6" slack="0"/>
<pin id="137" dir="0" index="3" bw="6" slack="0"/>
<pin id="138" dir="1" index="4" bw="15" slack="0"/>
</pin_list>
<bind>
<opcode="partselect(1002) " fcode="partselect"/>
<opset="trunc_ln/1 "/>
</bind>
</comp>

<comp id="143" class="1004" name="in_data_data_39_fu_143">
<pin_list>
<pin id="144" dir="0" index="0" bw="16" slack="0"/>
<pin id="145" dir="0" index="1" bw="160" slack="0"/>
<pin id="146" dir="0" index="2" bw="7" slack="0"/>
<pin id="147" dir="0" index="3" bw="7" slack="0"/>
<pin id="148" dir="1" index="4" bw="16" slack="0"/>
</pin_list>
<bind>
<opcode="partselect(1002) " fcode="partselect"/>
<opset="in_data_data_39/1 "/>
</bind>
</comp>

<comp id="153" class="1004" name="trunc_ln44_s_fu_153">
<pin_list>
<pin id="154" dir="0" index="0" bw="15" slack="0"/>
<pin id="155" dir="0" index="1" bw="160" slack="0"/>
<pin id="156" dir="0" index="2" bw="7" slack="0"/>
<pin id="157" dir="0" index="3" bw="7" slack="0"/>
<pin id="158" dir="1" index="4" bw="15" slack="0"/>
</pin_list>
<bind>
<opcode="partselect(1002) " fcode="partselect"/>
<opset="trunc_ln44_s/1 "/>
</bind>
</comp>

<comp id="163" class="1004" name="in_data_data_40_fu_163">
<pin_list>
<pin id="164" dir="0" index="0" bw="16" slack="0"/>
<pin id="165" dir="0" index="1" bw="160" slack="0"/>
<pin id="166" dir="0" index="2" bw="7" slack="0"/>
<pin id="167" dir="0" index="3" bw="7" slack="0"/>
<pin id="168" dir="1" index="4" bw="16" slack="0"/>
</pin_list>
<bind>
<opcode="partselect(1002) " fcode="partselect"/>
<opset="in_data_data_40/1 "/>
</bind>
</comp>

<comp id="173" class="1004" name="trunc_ln44_2_fu_173">
<pin_list>
<pin id="174" dir="0" index="0" bw="15" slack="0"/>
<pin id="175" dir="0" index="1" bw="160" slack="0"/>
<pin id="176" dir="0" index="2" bw="7" slack="0"/>
<pin id="177" dir="0" index="3" bw="7" slack="0"/>
<pin id="178" dir="1" index="4" bw="15" slack="0"/>
</pin_list>
<bind>
<opcode="partselect(1002) " fcode="partselect"/>
<opset="trunc_ln44_2/1 "/>
</bind>
</comp>

<comp id="183" class="1004" name="tmp_fu_183">
<pin_list>
<pin id="184" dir="0" index="0" bw="16" slack="0"/>
<pin id="185" dir="0" index="1" bw="160" slack="0"/>
<pin id="186" dir="0" index="2" bw="8" slack="0"/>
<pin id="187" dir="0" index="3" bw="8" slack="0"/>
<pin id="188" dir="1" index="4" bw="16" slack="0"/>
</pin_list>
<bind>
<opcode="partselect(1002) " fcode="partselect"/>
<opset="tmp/1 "/>
</bind>
</comp>

<comp id="193" class="1004" name="trunc_ln145_s_fu_193">
<pin_list>
<pin id="194" dir="0" index="0" bw="15" slack="0"/>
<pin id="195" dir="0" index="1" bw="160" slack="0"/>
<pin id="196" dir="0" index="2" bw="8" slack="0"/>
<pin id="197" dir="0" index="3" bw="8" slack="0"/>
<pin id="198" dir="1" index="4" bw="15" slack="0"/>
</pin_list>
<bind>
<opcode="partselect(1002) " fcode="partselect"/>
<opset="trunc_ln145_s/1 "/>
</bind>
</comp>

<comp id="203" class="1004" name="tmp_s_fu_203">
<pin_list>
<pin id="204" dir="0" index="0" bw="16" slack="0"/>
<pin id="205" dir="0" index="1" bw="160" slack="0"/>
<pin id="206" dir="0" index="2" bw="8" slack="0"/>
<pin id="207" dir="0" index="3" bw="8" slack="0"/>
<pin id="208" dir="1" index="4" bw="16" slack="0"/>
</pin_list>
<bind>
<opcode="partselect(1002) " fcode="partselect"/>
<opset="tmp_s/1 "/>
</bind>
</comp>

<comp id="213" class="1004" name="trunc_ln145_91_fu_213">
<pin_list>
<pin id="214" dir="0" index="0" bw="15" slack="0"/>
<pin id="215" dir="0" index="1" bw="160" slack="0"/>
<pin id="216" dir="0" index="2" bw="8" slack="0"/>
<pin id="217" dir="0" index="3" bw="8" slack="0"/>
<pin id="218" dir="1" index="4" bw="15" slack="0"/>
</pin_list>
<bind>
<opcode="partselect(1002) " fcode="partselect"/>
<opset="trunc_ln145_91/1 "/>
</bind>
</comp>

<comp id="223" class="1004" name="tmp_83_fu_223">
<pin_list>
<pin id="224" dir="0" index="0" bw="16" slack="0"/>
<pin id="225" dir="0" index="1" bw="160" slack="0"/>
<pin id="226" dir="0" index="2" bw="8" slack="0"/>
<pin id="227" dir="0" index="3" bw="8" slack="0"/>
<pin id="228" dir="1" index="4" bw="16" slack="0"/>
</pin_list>
<bind>
<opcode="partselect(1002) " fcode="partselect"/>
<opset="tmp_83/1 "/>
</bind>
</comp>

<comp id="233" class="1004" name="trunc_ln145_92_fu_233">
<pin_list>
<pin id="234" dir="0" index="0" bw="15" slack="0"/>
<pin id="235" dir="0" index="1" bw="160" slack="0"/>
<pin id="236" dir="0" index="2" bw="8" slack="0"/>
<pin id="237" dir="0" index="3" bw="8" slack="0"/>
<pin id="238" dir="1" index="4" bw="15" slack="0"/>
</pin_list>
<bind>
<opcode="partselect(1002) " fcode="partselect"/>
<opset="trunc_ln145_92/1 "/>
</bind>
</comp>

<comp id="243" class="1004" name="tmp_84_fu_243">
<pin_list>
<pin id="244" dir="0" index="0" bw="16" slack="0"/>
<pin id="245" dir="0" index="1" bw="160" slack="0"/>
<pin id="246" dir="0" index="2" bw="8" slack="0"/>
<pin id="247" dir="0" index="3" bw="8" slack="0"/>
<pin id="248" dir="1" index="4" bw="16" slack="0"/>
</pin_list>
<bind>
<opcode="partselect(1002) " fcode="partselect"/>
<opset="tmp_84/1 "/>
</bind>
</comp>

<comp id="253" class="1004" name="trunc_ln145_93_fu_253">
<pin_list>
<pin id="254" dir="0" index="0" bw="15" slack="0"/>
<pin id="255" dir="0" index="1" bw="160" slack="0"/>
<pin id="256" dir="0" index="2" bw="8" slack="0"/>
<pin id="257" dir="0" index="3" bw="8" slack="0"/>
<pin id="258" dir="1" index="4" bw="15" slack="0"/>
</pin_list>
<bind>
<opcode="partselect(1002) " fcode="partselect"/>
<opset="trunc_ln145_93/1 "/>
</bind>
</comp>

<comp id="263" class="1004" name="trunc_ln145_94_fu_263">
<pin_list>
<pin id="264" dir="0" index="0" bw="15" slack="0"/>
<pin id="265" dir="0" index="1" bw="160" slack="0"/>
<pin id="266" dir="0" index="2" bw="9" slack="0"/>
<pin id="267" dir="0" index="3" bw="9" slack="0"/>
<pin id="268" dir="1" index="4" bw="15" slack="0"/>
</pin_list>
<bind>
<opcode="partselect(1002) " fcode="partselect"/>
<opset="trunc_ln145_94/1 "/>
</bind>
</comp>

<comp id="273" class="1004" name="trunc_ln6_fu_273">
<pin_list>
<pin id="274" dir="0" index="0" bw="15" slack="0"/>
<pin id="275" dir="0" index="1" bw="160" slack="0"/>
<pin id="276" dir="0" index="2" bw="9" slack="0"/>
<pin id="277" dir="0" index="3" bw="9" slack="0"/>
<pin id="278" dir="1" index="4" bw="15" slack="0"/>
</pin_list>
<bind>
<opcode="partselect(1002) " fcode="partselect"/>
<opset="trunc_ln6/1 "/>
</bind>
</comp>

<comp id="283" class="1004" name="icmp_ln1695_fu_283">
<pin_list>
<pin id="284" dir="0" index="0" bw="16" slack="0"/>
<pin id="285" dir="0" index="1" bw="16" slack="0"/>
<pin id="286" dir="1" index="2" bw="1" slack="0"/>
</pin_list>
<bind>
<opcode="icmp(45) " fcode="icmp"/>
<opset="icmp_ln1695/1 "/>
</bind>
</comp>

<comp id="289" class="1004" name="select_ln51_fu_289">
<pin_list>
<pin id="290" dir="0" index="0" bw="1" slack="0"/>
<pin id="291" dir="0" index="1" bw="15" slack="0"/>
<pin id="292" dir="0" index="2" bw="15" slack="0"/>
<pin id="293" dir="1" index="3" bw="15" slack="1"/>
</pin_list>
<bind>
<opcode="select(49) " fcode="select"/>
<opset="select_ln51/1 "/>
</bind>
</comp>

<comp id="297" class="1004" name="icmp_ln1695_119_fu_297">
<pin_list>
<pin id="298" dir="0" index="0" bw="16" slack="0"/>
<pin id="299" dir="0" index="1" bw="16" slack="0"/>
<pin id="300" dir="1" index="2" bw="1" slack="0"/>
</pin_list>
<bind>
<opcode="icmp(45) " fcode="icmp"/>
<opset="icmp_ln1695_119/1 "/>
</bind>
</comp>

<comp id="303" class="1004" name="select_ln51_100_fu_303">
<pin_list>
<pin id="304" dir="0" index="0" bw="1" slack="0"/>
<pin id="305" dir="0" index="1" bw="15" slack="0"/>
<pin id="306" dir="0" index="2" bw="15" slack="0"/>
<pin id="307" dir="1" index="3" bw="15" slack="1"/>
</pin_list>
<bind>
<opcode="select(49) " fcode="select"/>
<opset="select_ln51_100/1 "/>
</bind>
</comp>

<comp id="311" class="1004" name="icmp_ln1695_120_fu_311">
<pin_list>
<pin id="312" dir="0" index="0" bw="16" slack="0"/>
<pin id="313" dir="0" index="1" bw="16" slack="0"/>
<pin id="314" dir="1" index="2" bw="1" slack="0"/>
</pin_list>
<bind>
<opcode="icmp(45) " fcode="icmp"/>
<opset="icmp_ln1695_120/1 "/>
</bind>
</comp>

<comp id="317" class="1004" name="select_ln51_101_fu_317">
<pin_list>
<pin id="318" dir="0" index="0" bw="1" slack="0"/>
<pin id="319" dir="0" index="1" bw="15" slack="0"/>
<pin id="320" dir="0" index="2" bw="15" slack="0"/>
<pin id="321" dir="1" index="3" bw="15" slack="1"/>
</pin_list>
<bind>
<opcode="select(49) " fcode="select"/>
<opset="select_ln51_101/1 "/>
</bind>
</comp>

<comp id="325" class="1004" name="icmp_ln1695_121_fu_325">
<pin_list>
<pin id="326" dir="0" index="0" bw="16" slack="0"/>
<pin id="327" dir="0" index="1" bw="16" slack="0"/>
<pin id="328" dir="1" index="2" bw="1" slack="0"/>
</pin_list>
<bind>
<opcode="icmp(45) " fcode="icmp"/>
<opset="icmp_ln1695_121/1 "/>
</bind>
</comp>

<comp id="331" class="1004" name="select_ln51_102_fu_331">
<pin_list>
<pin id="332" dir="0" index="0" bw="1" slack="0"/>
<pin id="333" dir="0" index="1" bw="15" slack="0"/>
<pin id="334" dir="0" index="2" bw="15" slack="0"/>
<pin id="335" dir="1" index="3" bw="15" slack="1"/>
</pin_list>
<bind>
<opcode="select(49) " fcode="select"/>
<opset="select_ln51_102/1 "/>
</bind>
</comp>

<comp id="339" class="1004" name="icmp_ln1695_122_fu_339">
<pin_list>
<pin id="340" dir="0" index="0" bw="16" slack="0"/>
<pin id="341" dir="0" index="1" bw="16" slack="0"/>
<pin id="342" dir="1" index="2" bw="1" slack="0"/>
</pin_list>
<bind>
<opcode="icmp(45) " fcode="icmp"/>
<opset="icmp_ln1695_122/1 "/>
</bind>
</comp>

<comp id="345" class="1004" name="select_ln51_103_fu_345">
<pin_list>
<pin id="346" dir="0" index="0" bw="1" slack="0"/>
<pin id="347" dir="0" index="1" bw="15" slack="0"/>
<pin id="348" dir="0" index="2" bw="15" slack="0"/>
<pin id="349" dir="1" index="3" bw="15" slack="1"/>
</pin_list>
<bind>
<opcode="select(49) " fcode="select"/>
<opset="select_ln51_103/1 "/>
</bind>
</comp>

<comp id="353" class="1004" name="icmp_ln1695_123_fu_353">
<pin_list>
<pin id="354" dir="0" index="0" bw="16" slack="0"/>
<pin id="355" dir="0" index="1" bw="16" slack="0"/>
<pin id="356" dir="1" index="2" bw="1" slack="0"/>
</pin_list>
<bind>
<opcode="icmp(45) " fcode="icmp"/>
<opset="icmp_ln1695_123/1 "/>
</bind>
</comp>

<comp id="359" class="1004" name="select_ln51_104_fu_359">
<pin_list>
<pin id="360" dir="0" index="0" bw="1" slack="0"/>
<pin id="361" dir="0" index="1" bw="15" slack="0"/>
<pin id="362" dir="0" index="2" bw="15" slack="0"/>
<pin id="363" dir="1" index="3" bw="15" slack="1"/>
</pin_list>
<bind>
<opcode="select(49) " fcode="select"/>
<opset="select_ln51_104/1 "/>
</bind>
</comp>

<comp id="367" class="1004" name="icmp_ln1695_124_fu_367">
<pin_list>
<pin id="368" dir="0" index="0" bw="16" slack="0"/>
<pin id="369" dir="0" index="1" bw="16" slack="0"/>
<pin id="370" dir="1" index="2" bw="1" slack="0"/>
</pin_list>
<bind>
<opcode="icmp(45) " fcode="icmp"/>
<opset="icmp_ln1695_124/1 "/>
</bind>
</comp>

<comp id="373" class="1004" name="select_ln51_105_fu_373">
<pin_list>
<pin id="374" dir="0" index="0" bw="1" slack="0"/>
<pin id="375" dir="0" index="1" bw="15" slack="0"/>
<pin id="376" dir="0" index="2" bw="15" slack="0"/>
<pin id="377" dir="1" index="3" bw="15" slack="1"/>
</pin_list>
<bind>
<opcode="select(49) " fcode="select"/>
<opset="select_ln51_105/1 "/>
</bind>
</comp>

<comp id="381" class="1004" name="icmp_ln1695_125_fu_381">
<pin_list>
<pin id="382" dir="0" index="0" bw="16" slack="0"/>
<pin id="383" dir="0" index="1" bw="16" slack="0"/>
<pin id="384" dir="1" index="2" bw="1" slack="0"/>
</pin_list>
<bind>
<opcode="icmp(45) " fcode="icmp"/>
<opset="icmp_ln1695_125/1 "/>
</bind>
</comp>

<comp id="387" class="1004" name="select_ln51_106_fu_387">
<pin_list>
<pin id="388" dir="0" index="0" bw="1" slack="0"/>
<pin id="389" dir="0" index="1" bw="15" slack="0"/>
<pin id="390" dir="0" index="2" bw="15" slack="0"/>
<pin id="391" dir="1" index="3" bw="15" slack="1"/>
</pin_list>
<bind>
<opcode="select(49) " fcode="select"/>
<opset="select_ln51_106/1 "/>
</bind>
</comp>

<comp id="395" class="1004" name="icmp_ln1695_126_fu_395">
<pin_list>
<pin id="396" dir="0" index="0" bw="16" slack="0"/>
<pin id="397" dir="0" index="1" bw="16" slack="0"/>
<pin id="398" dir="1" index="2" bw="1" slack="0"/>
</pin_list>
<bind>
<opcode="icmp(45) " fcode="icmp"/>
<opset="icmp_ln1695_126/1 "/>
</bind>
</comp>

<comp id="401" class="1004" name="select_ln51_107_fu_401">
<pin_list>
<pin id="402" dir="0" index="0" bw="1" slack="0"/>
<pin id="403" dir="0" index="1" bw="15" slack="0"/>
<pin id="404" dir="0" index="2" bw="15" slack="0"/>
<pin id="405" dir="1" index="3" bw="15" slack="1"/>
</pin_list>
<bind>
<opcode="select(49) " fcode="select"/>
<opset="select_ln51_107/1 "/>
</bind>
</comp>

<comp id="409" class="1004" name="icmp_ln1695_127_fu_409">
<pin_list>
<pin id="410" dir="0" index="0" bw="16" slack="0"/>
<pin id="411" dir="0" index="1" bw="16" slack="0"/>
<pin id="412" dir="1" index="2" bw="1" slack="0"/>
</pin_list>
<bind>
<opcode="icmp(45) " fcode="icmp"/>
<opset="icmp_ln1695_127/1 "/>
</bind>
</comp>

<comp id="415" class="1004" name="select_ln51_108_fu_415">
<pin_list>
<pin id="416" dir="0" index="0" bw="1" slack="0"/>
<pin id="417" dir="0" index="1" bw="15" slack="0"/>
<pin id="418" dir="0" index="2" bw="15" slack="0"/>
<pin id="419" dir="1" index="3" bw="15" slack="1"/>
</pin_list>
<bind>
<opcode="select(49) " fcode="select"/>
<opset="select_ln51_108/1 "/>
</bind>
</comp>

<comp id="423" class="1004" name="zext_ln1695_fu_423">
<pin_list>
<pin id="424" dir="0" index="0" bw="15" slack="1"/>
<pin id="425" dir="1" index="1" bw="16" slack="0"/>
</pin_list>
<bind>
<opcode="zext(34) " fcode="zext"/>
<opset="zext_ln1695/2 "/>
</bind>
</comp>

<comp id="426" class="1004" name="zext_ln1695_95_fu_426">
<pin_list>
<pin id="427" dir="0" index="0" bw="15" slack="1"/>
<pin id="428" dir="1" index="1" bw="16" slack="0"/>
</pin_list>
<bind>
<opcode="zext(34) " fcode="zext"/>
<opset="zext_ln1695_95/2 "/>
</bind>
</comp>

<comp id="429" class="1004" name="zext_ln1695_96_fu_429">
<pin_list>
<pin id="430" dir="0" index="0" bw="15" slack="1"/>
<pin id="431" dir="1" index="1" bw="16" slack="0"/>
</pin_list>
<bind>
<opcode="zext(34) " fcode="zext"/>
<opset="zext_ln1695_96/2 "/>
</bind>
</comp>

<comp id="432" class="1004" name="zext_ln1695_97_fu_432">
<pin_list>
<pin id="433" dir="0" index="0" bw="15" slack="1"/>
<pin id="434" dir="1" index="1" bw="16" slack="0"/>
</pin_list>
<bind>
<opcode="zext(34) " fcode="zext"/>
<opset="zext_ln1695_97/2 "/>
</bind>
</comp>

<comp id="435" class="1004" name="zext_ln1695_98_fu_435">
<pin_list>
<pin id="436" dir="0" index="0" bw="15" slack="1"/>
<pin id="437" dir="1" index="1" bw="16" slack="0"/>
</pin_list>
<bind>
<opcode="zext(34) " fcode="zext"/>
<opset="zext_ln1695_98/2 "/>
</bind>
</comp>

<comp id="438" class="1004" name="zext_ln1695_99_fu_438">
<pin_list>
<pin id="439" dir="0" index="0" bw="15" slack="1"/>
<pin id="440" dir="1" index="1" bw="16" slack="0"/>
</pin_list>
<bind>
<opcode="zext(34) " fcode="zext"/>
<opset="zext_ln1695_99/2 "/>
</bind>
</comp>

<comp id="441" class="1004" name="zext_ln1695_100_fu_441">
<pin_list>
<pin id="442" dir="0" index="0" bw="15" slack="1"/>
<pin id="443" dir="1" index="1" bw="16" slack="0"/>
</pin_list>
<bind>
<opcode="zext(34) " fcode="zext"/>
<opset="zext_ln1695_100/2 "/>
</bind>
</comp>

<comp id="444" class="1004" name="zext_ln1695_101_fu_444">
<pin_list>
<pin id="445" dir="0" index="0" bw="15" slack="1"/>
<pin id="446" dir="1" index="1" bw="16" slack="0"/>
</pin_list>
<bind>
<opcode="zext(34) " fcode="zext"/>
<opset="zext_ln1695_101/2 "/>
</bind>
</comp>

<comp id="447" class="1004" name="zext_ln1695_102_fu_447">
<pin_list>
<pin id="448" dir="0" index="0" bw="15" slack="1"/>
<pin id="449" dir="1" index="1" bw="16" slack="0"/>
</pin_list>
<bind>
<opcode="zext(34) " fcode="zext"/>
<opset="zext_ln1695_102/2 "/>
</bind>
</comp>

<comp id="450" class="1004" name="or_ln174_s_fu_450">
<pin_list>
<pin id="451" dir="0" index="0" bw="159" slack="0"/>
<pin id="452" dir="0" index="1" bw="15" slack="1"/>
<pin id="453" dir="0" index="2" bw="15" slack="0"/>
<pin id="454" dir="0" index="3" bw="15" slack="0"/>
<pin id="455" dir="0" index="4" bw="15" slack="0"/>
<pin id="456" dir="0" index="5" bw="15" slack="0"/>
<pin id="457" dir="0" index="6" bw="15" slack="0"/>
<pin id="458" dir="0" index="7" bw="15" slack="0"/>
<pin id="459" dir="0" index="8" bw="15" slack="0"/>
<pin id="460" dir="0" index="9" bw="15" slack="0"/>
<pin id="461" dir="0" index="10" bw="15" slack="0"/>
<pin id="462" dir="1" index="11" bw="159" slack="0"/>
</pin_list>
<bind>
<opcode="bitconcatenate(1004) " fcode="bitconcatenate"/>
<opset="or_ln174_s/2 "/>
</bind>
</comp>

<comp id="473" class="1004" name="zext_ln174_fu_473">
<pin_list>
<pin id="474" dir="0" index="0" bw="159" slack="0"/>
<pin id="475" dir="1" index="1" bw="160" slack="0"/>
</pin_list>
<bind>
<opcode="zext(34) " fcode="zext"/>
<opset="zext_ln174/2 "/>
</bind>
</comp>

<comp id="478" class="1005" name="select_ln51_reg_478">
<pin_list>
<pin id="479" dir="0" index="0" bw="15" slack="1"/>
<pin id="480" dir="1" index="1" bw="15" slack="1"/>
</pin_list>
<bind>
<opset="select_ln51 "/>
</bind>
</comp>

<comp id="483" class="1005" name="select_ln51_100_reg_483">
<pin_list>
<pin id="484" dir="0" index="0" bw="15" slack="1"/>
<pin id="485" dir="1" index="1" bw="15" slack="1"/>
</pin_list>
<bind>
<opset="select_ln51_100 "/>
</bind>
</comp>

<comp id="488" class="1005" name="select_ln51_101_reg_488">
<pin_list>
<pin id="489" dir="0" index="0" bw="15" slack="1"/>
<pin id="490" dir="1" index="1" bw="15" slack="1"/>
</pin_list>
<bind>
<opset="select_ln51_101 "/>
</bind>
</comp>

<comp id="493" class="1005" name="select_ln51_102_reg_493">
<pin_list>
<pin id="494" dir="0" index="0" bw="15" slack="1"/>
<pin id="495" dir="1" index="1" bw="15" slack="1"/>
</pin_list>
<bind>
<opset="select_ln51_102 "/>
</bind>
</comp>

<comp id="498" class="1005" name="select_ln51_103_reg_498">
<pin_list>
<pin id="499" dir="0" index="0" bw="15" slack="1"/>
<pin id="500" dir="1" index="1" bw="15" slack="1"/>
</pin_list>
<bind>
<opset="select_ln51_103 "/>
</bind>
</comp>

<comp id="503" class="1005" name="select_ln51_104_reg_503">
<pin_list>
<pin id="504" dir="0" index="0" bw="15" slack="1"/>
<pin id="505" dir="1" index="1" bw="15" slack="1"/>
</pin_list>
<bind>
<opset="select_ln51_104 "/>
</bind>
</comp>

<comp id="508" class="1005" name="select_ln51_105_reg_508">
<pin_list>
<pin id="509" dir="0" index="0" bw="15" slack="1"/>
<pin id="510" dir="1" index="1" bw="15" slack="1"/>
</pin_list>
<bind>
<opset="select_ln51_105 "/>
</bind>
</comp>

<comp id="513" class="1005" name="select_ln51_106_reg_513">
<pin_list>
<pin id="514" dir="0" index="0" bw="15" slack="1"/>
<pin id="515" dir="1" index="1" bw="15" slack="1"/>
</pin_list>
<bind>
<opset="select_ln51_106 "/>
</bind>
</comp>

<comp id="518" class="1005" name="select_ln51_107_reg_518">
<pin_list>
<pin id="519" dir="0" index="0" bw="15" slack="1"/>
<pin id="520" dir="1" index="1" bw="15" slack="1"/>
</pin_list>
<bind>
<opset="select_ln51_107 "/>
</bind>
</comp>

<comp id="523" class="1005" name="select_ln51_108_reg_523">
<pin_list>
<pin id="524" dir="0" index="0" bw="15" slack="1"/>
<pin id="525" dir="1" index="1" bw="15" slack="1"/>
</pin_list>
<bind>
<opset="select_ln51_108 "/>
</bind>
</comp>

</comp_list>

<net_list>
<net id="86"><net_src comp="4" pin="0"/><net_sink comp="82" pin=0"/></net>

<net id="87"><net_src comp="0" pin="0"/><net_sink comp="82" pin=1"/></net>

<net id="93"><net_src comp="80" pin="0"/><net_sink comp="88" pin=0"/></net>

<net id="94"><net_src comp="2" pin="0"/><net_sink comp="88" pin=1"/></net>

<net id="98"><net_src comp="82" pin="2"/><net_sink comp="95" pin=0"/></net>

<net id="102"><net_src comp="82" pin="2"/><net_sink comp="99" pin=0"/></net>

<net id="109"><net_src comp="6" pin="0"/><net_sink comp="103" pin=0"/></net>

<net id="110"><net_src comp="82" pin="2"/><net_sink comp="103" pin=1"/></net>

<net id="111"><net_src comp="8" pin="0"/><net_sink comp="103" pin=2"/></net>

<net id="112"><net_src comp="10" pin="0"/><net_sink comp="103" pin=3"/></net>

<net id="119"><net_src comp="6" pin="0"/><net_sink comp="113" pin=0"/></net>

<net id="120"><net_src comp="82" pin="2"/><net_sink comp="113" pin=1"/></net>

<net id="121"><net_src comp="12" pin="0"/><net_sink comp="113" pin=2"/></net>

<net id="122"><net_src comp="14" pin="0"/><net_sink comp="113" pin=3"/></net>

<net id="129"><net_src comp="6" pin="0"/><net_sink comp="123" pin=0"/></net>

<net id="130"><net_src comp="82" pin="2"/><net_sink comp="123" pin=1"/></net>

<net id="131"><net_src comp="16" pin="0"/><net_sink comp="123" pin=2"/></net>

<net id="132"><net_src comp="18" pin="0"/><net_sink comp="123" pin=3"/></net>

<net id="139"><net_src comp="20" pin="0"/><net_sink comp="133" pin=0"/></net>

<net id="140"><net_src comp="82" pin="2"/><net_sink comp="133" pin=1"/></net>

<net id="141"><net_src comp="16" pin="0"/><net_sink comp="133" pin=2"/></net>

<net id="142"><net_src comp="22" pin="0"/><net_sink comp="133" pin=3"/></net>

<net id="149"><net_src comp="6" pin="0"/><net_sink comp="143" pin=0"/></net>

<net id="150"><net_src comp="82" pin="2"/><net_sink comp="143" pin=1"/></net>

<net id="151"><net_src comp="24" pin="0"/><net_sink comp="143" pin=2"/></net>

<net id="152"><net_src comp="26" pin="0"/><net_sink comp="143" pin=3"/></net>

<net id="159"><net_src comp="20" pin="0"/><net_sink comp="153" pin=0"/></net>

<net id="160"><net_src comp="82" pin="2"/><net_sink comp="153" pin=1"/></net>

<net id="161"><net_src comp="24" pin="0"/><net_sink comp="153" pin=2"/></net>

<net id="162"><net_src comp="28" pin="0"/><net_sink comp="153" pin=3"/></net>

<net id="169"><net_src comp="6" pin="0"/><net_sink comp="163" pin=0"/></net>

<net id="170"><net_src comp="82" pin="2"/><net_sink comp="163" pin=1"/></net>

<net id="171"><net_src comp="30" pin="0"/><net_sink comp="163" pin=2"/></net>

<net id="172"><net_src comp="32" pin="0"/><net_sink comp="163" pin=3"/></net>

<net id="179"><net_src comp="20" pin="0"/><net_sink comp="173" pin=0"/></net>

<net id="180"><net_src comp="82" pin="2"/><net_sink comp="173" pin=1"/></net>

<net id="181"><net_src comp="30" pin="0"/><net_sink comp="173" pin=2"/></net>

<net id="182"><net_src comp="34" pin="0"/><net_sink comp="173" pin=3"/></net>

<net id="189"><net_src comp="6" pin="0"/><net_sink comp="183" pin=0"/></net>

<net id="190"><net_src comp="82" pin="2"/><net_sink comp="183" pin=1"/></net>

<net id="191"><net_src comp="36" pin="0"/><net_sink comp="183" pin=2"/></net>

<net id="192"><net_src comp="38" pin="0"/><net_sink comp="183" pin=3"/></net>

<net id="199"><net_src comp="20" pin="0"/><net_sink comp="193" pin=0"/></net>

<net id="200"><net_src comp="82" pin="2"/><net_sink comp="193" pin=1"/></net>

<net id="201"><net_src comp="36" pin="0"/><net_sink comp="193" pin=2"/></net>

<net id="202"><net_src comp="40" pin="0"/><net_sink comp="193" pin=3"/></net>

<net id="209"><net_src comp="6" pin="0"/><net_sink comp="203" pin=0"/></net>

<net id="210"><net_src comp="82" pin="2"/><net_sink comp="203" pin=1"/></net>

<net id="211"><net_src comp="42" pin="0"/><net_sink comp="203" pin=2"/></net>

<net id="212"><net_src comp="44" pin="0"/><net_sink comp="203" pin=3"/></net>

<net id="219"><net_src comp="20" pin="0"/><net_sink comp="213" pin=0"/></net>

<net id="220"><net_src comp="82" pin="2"/><net_sink comp="213" pin=1"/></net>

<net id="221"><net_src comp="42" pin="0"/><net_sink comp="213" pin=2"/></net>

<net id="222"><net_src comp="46" pin="0"/><net_sink comp="213" pin=3"/></net>

<net id="229"><net_src comp="6" pin="0"/><net_sink comp="223" pin=0"/></net>

<net id="230"><net_src comp="82" pin="2"/><net_sink comp="223" pin=1"/></net>

<net id="231"><net_src comp="48" pin="0"/><net_sink comp="223" pin=2"/></net>

<net id="232"><net_src comp="50" pin="0"/><net_sink comp="223" pin=3"/></net>

<net id="239"><net_src comp="20" pin="0"/><net_sink comp="233" pin=0"/></net>

<net id="240"><net_src comp="82" pin="2"/><net_sink comp="233" pin=1"/></net>

<net id="241"><net_src comp="48" pin="0"/><net_sink comp="233" pin=2"/></net>

<net id="242"><net_src comp="52" pin="0"/><net_sink comp="233" pin=3"/></net>

<net id="249"><net_src comp="6" pin="0"/><net_sink comp="243" pin=0"/></net>

<net id="250"><net_src comp="82" pin="2"/><net_sink comp="243" pin=1"/></net>

<net id="251"><net_src comp="54" pin="0"/><net_sink comp="243" pin=2"/></net>

<net id="252"><net_src comp="56" pin="0"/><net_sink comp="243" pin=3"/></net>

<net id="259"><net_src comp="20" pin="0"/><net_sink comp="253" pin=0"/></net>

<net id="260"><net_src comp="82" pin="2"/><net_sink comp="253" pin=1"/></net>

<net id="261"><net_src comp="54" pin="0"/><net_sink comp="253" pin=2"/></net>

<net id="262"><net_src comp="58" pin="0"/><net_sink comp="253" pin=3"/></net>

<net id="269"><net_src comp="20" pin="0"/><net_sink comp="263" pin=0"/></net>

<net id="270"><net_src comp="82" pin="2"/><net_sink comp="263" pin=1"/></net>

<net id="271"><net_src comp="8" pin="0"/><net_sink comp="263" pin=2"/></net>

<net id="272"><net_src comp="60" pin="0"/><net_sink comp="263" pin=3"/></net>

<net id="279"><net_src comp="20" pin="0"/><net_sink comp="273" pin=0"/></net>

<net id="280"><net_src comp="82" pin="2"/><net_sink comp="273" pin=1"/></net>

<net id="281"><net_src comp="12" pin="0"/><net_sink comp="273" pin=2"/></net>

<net id="282"><net_src comp="62" pin="0"/><net_sink comp="273" pin=3"/></net>

<net id="287"><net_src comp="95" pin="1"/><net_sink comp="283" pin=0"/></net>

<net id="288"><net_src comp="64" pin="0"/><net_sink comp="283" pin=1"/></net>

<net id="294"><net_src comp="283" pin="2"/><net_sink comp="289" pin=0"/></net>

<net id="295"><net_src comp="99" pin="1"/><net_sink comp="289" pin=1"/></net>

<net id="296"><net_src comp="66" pin="0"/><net_sink comp="289" pin=2"/></net>

<net id="301"><net_src comp="123" pin="4"/><net_sink comp="297" pin=0"/></net>

<net id="302"><net_src comp="64" pin="0"/><net_sink comp="297" pin=1"/></net>

<net id="308"><net_src comp="297" pin="2"/><net_sink comp="303" pin=0"/></net>

<net id="309"><net_src comp="133" pin="4"/><net_sink comp="303" pin=1"/></net>

<net id="310"><net_src comp="66" pin="0"/><net_sink comp="303" pin=2"/></net>

<net id="315"><net_src comp="143" pin="4"/><net_sink comp="311" pin=0"/></net>

<net id="316"><net_src comp="64" pin="0"/><net_sink comp="311" pin=1"/></net>

<net id="322"><net_src comp="311" pin="2"/><net_sink comp="317" pin=0"/></net>

<net id="323"><net_src comp="153" pin="4"/><net_sink comp="317" pin=1"/></net>

<net id="324"><net_src comp="66" pin="0"/><net_sink comp="317" pin=2"/></net>

<net id="329"><net_src comp="163" pin="4"/><net_sink comp="325" pin=0"/></net>

<net id="330"><net_src comp="64" pin="0"/><net_sink comp="325" pin=1"/></net>

<net id="336"><net_src comp="325" pin="2"/><net_sink comp="331" pin=0"/></net>

<net id="337"><net_src comp="173" pin="4"/><net_sink comp="331" pin=1"/></net>

<net id="338"><net_src comp="66" pin="0"/><net_sink comp="331" pin=2"/></net>

<net id="343"><net_src comp="183" pin="4"/><net_sink comp="339" pin=0"/></net>

<net id="344"><net_src comp="64" pin="0"/><net_sink comp="339" pin=1"/></net>

<net id="350"><net_src comp="339" pin="2"/><net_sink comp="345" pin=0"/></net>

<net id="351"><net_src comp="193" pin="4"/><net_sink comp="345" pin=1"/></net>

<net id="352"><net_src comp="66" pin="0"/><net_sink comp="345" pin=2"/></net>

<net id="357"><net_src comp="203" pin="4"/><net_sink comp="353" pin=0"/></net>

<net id="358"><net_src comp="64" pin="0"/><net_sink comp="353" pin=1"/></net>

<net id="364"><net_src comp="353" pin="2"/><net_sink comp="359" pin=0"/></net>

<net id="365"><net_src comp="213" pin="4"/><net_sink comp="359" pin=1"/></net>

<net id="366"><net_src comp="66" pin="0"/><net_sink comp="359" pin=2"/></net>

<net id="371"><net_src comp="223" pin="4"/><net_sink comp="367" pin=0"/></net>

<net id="372"><net_src comp="64" pin="0"/><net_sink comp="367" pin=1"/></net>

<net id="378"><net_src comp="367" pin="2"/><net_sink comp="373" pin=0"/></net>

<net id="379"><net_src comp="233" pin="4"/><net_sink comp="373" pin=1"/></net>

<net id="380"><net_src comp="66" pin="0"/><net_sink comp="373" pin=2"/></net>

<net id="385"><net_src comp="243" pin="4"/><net_sink comp="381" pin=0"/></net>

<net id="386"><net_src comp="64" pin="0"/><net_sink comp="381" pin=1"/></net>

<net id="392"><net_src comp="381" pin="2"/><net_sink comp="387" pin=0"/></net>

<net id="393"><net_src comp="253" pin="4"/><net_sink comp="387" pin=1"/></net>

<net id="394"><net_src comp="66" pin="0"/><net_sink comp="387" pin=2"/></net>

<net id="399"><net_src comp="103" pin="4"/><net_sink comp="395" pin=0"/></net>

<net id="400"><net_src comp="64" pin="0"/><net_sink comp="395" pin=1"/></net>

<net id="406"><net_src comp="395" pin="2"/><net_sink comp="401" pin=0"/></net>

<net id="407"><net_src comp="263" pin="4"/><net_sink comp="401" pin=1"/></net>

<net id="408"><net_src comp="66" pin="0"/><net_sink comp="401" pin=2"/></net>

<net id="413"><net_src comp="113" pin="4"/><net_sink comp="409" pin=0"/></net>

<net id="414"><net_src comp="64" pin="0"/><net_sink comp="409" pin=1"/></net>

<net id="420"><net_src comp="409" pin="2"/><net_sink comp="415" pin=0"/></net>

<net id="421"><net_src comp="273" pin="4"/><net_sink comp="415" pin=1"/></net>

<net id="422"><net_src comp="66" pin="0"/><net_sink comp="415" pin=2"/></net>

<net id="463"><net_src comp="78" pin="0"/><net_sink comp="450" pin=0"/></net>

<net id="464"><net_src comp="447" pin="1"/><net_sink comp="450" pin=2"/></net>

<net id="465"><net_src comp="444" pin="1"/><net_sink comp="450" pin=3"/></net>

<net id="466"><net_src comp="441" pin="1"/><net_sink comp="450" pin=4"/></net>

<net id="467"><net_src comp="438" pin="1"/><net_sink comp="450" pin=5"/></net>

<net id="468"><net_src comp="435" pin="1"/><net_sink comp="450" pin=6"/></net>

<net id="469"><net_src comp="432" pin="1"/><net_sink comp="450" pin=7"/></net>

<net id="470"><net_src comp="429" pin="1"/><net_sink comp="450" pin=8"/></net>

<net id="471"><net_src comp="426" pin="1"/><net_sink comp="450" pin=9"/></net>

<net id="472"><net_src comp="423" pin="1"/><net_sink comp="450" pin=10"/></net>

<net id="476"><net_src comp="450" pin="11"/><net_sink comp="473" pin=0"/></net>

<net id="477"><net_src comp="473" pin="1"/><net_sink comp="88" pin=2"/></net>

<net id="481"><net_src comp="289" pin="3"/><net_sink comp="478" pin=0"/></net>

<net id="482"><net_src comp="478" pin="1"/><net_sink comp="423" pin=0"/></net>

<net id="486"><net_src comp="303" pin="3"/><net_sink comp="483" pin=0"/></net>

<net id="487"><net_src comp="483" pin="1"/><net_sink comp="426" pin=0"/></net>

<net id="491"><net_src comp="317" pin="3"/><net_sink comp="488" pin=0"/></net>

<net id="492"><net_src comp="488" pin="1"/><net_sink comp="429" pin=0"/></net>

<net id="496"><net_src comp="331" pin="3"/><net_sink comp="493" pin=0"/></net>

<net id="497"><net_src comp="493" pin="1"/><net_sink comp="432" pin=0"/></net>

<net id="501"><net_src comp="345" pin="3"/><net_sink comp="498" pin=0"/></net>

<net id="502"><net_src comp="498" pin="1"/><net_sink comp="435" pin=0"/></net>

<net id="506"><net_src comp="359" pin="3"/><net_sink comp="503" pin=0"/></net>

<net id="507"><net_src comp="503" pin="1"/><net_sink comp="438" pin=0"/></net>

<net id="511"><net_src comp="373" pin="3"/><net_sink comp="508" pin=0"/></net>

<net id="512"><net_src comp="508" pin="1"/><net_sink comp="441" pin=0"/></net>

<net id="516"><net_src comp="387" pin="3"/><net_sink comp="513" pin=0"/></net>

<net id="517"><net_src comp="513" pin="1"/><net_sink comp="444" pin=0"/></net>

<net id="521"><net_src comp="401" pin="3"/><net_sink comp="518" pin=0"/></net>

<net id="522"><net_src comp="518" pin="1"/><net_sink comp="447" pin=0"/></net>

<net id="526"><net_src comp="415" pin="3"/><net_sink comp="523" pin=0"/></net>

<net id="527"><net_src comp="523" pin="1"/><net_sink comp="450" pin=1"/></net>

</net_list>

</model> 
---------------- Datapath Model END ------------------

* FSMD analyzer results:
  - Output states:
	Port: layer33_out | {2 }
 - Input state : 
	Port: relu<array<ap_fixed,10u>,array<ap_fixed<16,6,5,3,0>,10u>,relu_config33> : layer30_out | {1 }
  - Chain level:
	State 1
		icmp_ln1695 : 1
		select_ln51 : 2
		icmp_ln1695_119 : 1
		select_ln51_100 : 2
		icmp_ln1695_120 : 1
		select_ln51_101 : 2
		icmp_ln1695_121 : 1
		select_ln51_102 : 2
		icmp_ln1695_122 : 1
		select_ln51_103 : 2
		icmp_ln1695_123 : 1
		select_ln51_104 : 2
		icmp_ln1695_124 : 1
		select_ln51_105 : 2
		icmp_ln1695_125 : 1
		select_ln51_106 : 2
		icmp_ln1695_126 : 1
		select_ln51_107 : 2
		icmp_ln1695_127 : 1
		select_ln51_108 : 2
	State 2
		or_ln174_s : 1
		zext_ln174 : 2
		write_ln174 : 3


============================================================
+ Verbose Summary: Datapath Resource usage 
============================================================

* Functional unit list:
|----------|-----------------------------|---------|---------|
| Operation|       Functional Unit       |    FF   |   LUT   |
|----------|-----------------------------|---------|---------|
|          |      select_ln51_fu_289     |    0    |    15   |
|          |    select_ln51_100_fu_303   |    0    |    15   |
|          |    select_ln51_101_fu_317   |    0    |    15   |
|          |    select_ln51_102_fu_331   |    0    |    15   |
|  select  |    select_ln51_103_fu_345   |    0    |    15   |
|          |    select_ln51_104_fu_359   |    0    |    15   |
|          |    select_ln51_105_fu_373   |    0    |    15   |
|          |    select_ln51_106_fu_387   |    0    |    15   |
|          |    select_ln51_107_fu_401   |    0    |    15   |
|          |    select_ln51_108_fu_415   |    0    |    15   |
|----------|-----------------------------|---------|---------|
|          |      icmp_ln1695_fu_283     |    0    |    13   |
|          |    icmp_ln1695_119_fu_297   |    0    |    13   |
|          |    icmp_ln1695_120_fu_311   |    0    |    13   |
|          |    icmp_ln1695_121_fu_325   |    0    |    13   |
|   icmp   |    icmp_ln1695_122_fu_339   |    0    |    13   |
|          |    icmp_ln1695_123_fu_353   |    0    |    13   |
|          |    icmp_ln1695_124_fu_367   |    0    |    13   |
|          |    icmp_ln1695_125_fu_381   |    0    |    13   |
|          |    icmp_ln1695_126_fu_395   |    0    |    13   |
|          |    icmp_ln1695_127_fu_409   |    0    |    13   |
|----------|-----------------------------|---------|---------|
|   read   | layer30_out_read_read_fu_82 |    0    |    0    |
|----------|-----------------------------|---------|---------|
|   write  |   write_ln174_write_fu_88   |    0    |    0    |
|----------|-----------------------------|---------|---------|
|   trunc  |      in_data_data_fu_95     |    0    |    0    |
|          |     trunc_ln145_95_fu_99    |    0    |    0    |
|----------|-----------------------------|---------|---------|
|          |    trunc_ln145_96_fu_103    |    0    |    0    |
|          |    trunc_ln145_97_fu_113    |    0    |    0    |
|          |    in_data_data_38_fu_123   |    0    |    0    |
|          |       trunc_ln_fu_133       |    0    |    0    |
|          |    in_data_data_39_fu_143   |    0    |    0    |
|          |     trunc_ln44_s_fu_153     |    0    |    0    |
|          |    in_data_data_40_fu_163   |    0    |    0    |
|          |     trunc_ln44_2_fu_173     |    0    |    0    |
|partselect|          tmp_fu_183         |    0    |    0    |
|          |     trunc_ln145_s_fu_193    |    0    |    0    |
|          |         tmp_s_fu_203        |    0    |    0    |
|          |    trunc_ln145_91_fu_213    |    0    |    0    |
|          |        tmp_83_fu_223        |    0    |    0    |
|          |    trunc_ln145_92_fu_233    |    0    |    0    |
|          |        tmp_84_fu_243        |    0    |    0    |
|          |    trunc_ln145_93_fu_253    |    0    |    0    |
|          |    trunc_ln145_94_fu_263    |    0    |    0    |
|          |       trunc_ln6_fu_273      |    0    |    0    |
|----------|-----------------------------|---------|---------|
|          |      zext_ln1695_fu_423     |    0    |    0    |
|          |    zext_ln1695_95_fu_426    |    0    |    0    |
|          |    zext_ln1695_96_fu_429    |    0    |    0    |
|          |    zext_ln1695_97_fu_432    |    0    |    0    |
|   zext   |    zext_ln1695_98_fu_435    |    0    |    0    |
|          |    zext_ln1695_99_fu_438    |    0    |    0    |
|          |    zext_ln1695_100_fu_441   |    0    |    0    |
|          |    zext_ln1695_101_fu_444   |    0    |    0    |
|          |    zext_ln1695_102_fu_447   |    0    |    0    |
|          |      zext_ln174_fu_473      |    0    |    0    |
|----------|-----------------------------|---------|---------|
|bitconcatenate|      or_ln174_s_fu_450      |    0    |    0    |
|----------|-----------------------------|---------|---------|
|   Total  |                             |    0    |   280   |
|----------|-----------------------------|---------|---------|

Memories:
N/A

* Register list:
+-----------------------+--------+
|                       |   FF   |
+-----------------------+--------+
|select_ln51_100_reg_483|   15   |
|select_ln51_101_reg_488|   15   |
|select_ln51_102_reg_493|   15   |
|select_ln51_103_reg_498|   15   |
|select_ln51_104_reg_503|   15   |
|select_ln51_105_reg_508|   15   |
|select_ln51_106_reg_513|   15   |
|select_ln51_107_reg_518|   15   |
|select_ln51_108_reg_523|   15   |
|  select_ln51_reg_478  |   15   |
+-----------------------+--------+
|         Total         |   150  |
+-----------------------+--------+

* Multiplexer (MUX) list: 
|--------|------|------|------|--------|
|  Comp  |  Pin | Size |  BW  | S x BW |
|--------|------|------|------|--------|
|  Total |      |      |      |    0   |
|--------|------|------|------|--------|



* Summary:
+-----------+--------+--------+
|           |   FF   |   LUT  |
+-----------+--------+--------+
|  Function |    0   |   280  |
|   Memory  |    -   |    -   |
|Multiplexer|    -   |    -   |
|  Register |   150  |    -   |
+-----------+--------+--------+
|   Total   |   150  |   280  |
+-----------+--------+--------+
