

================================================================
== Vitis HLS Report for 'dense_array_ap_fixed_10u_array_ap_fixed_16_6_5_3_0_10u_config34_s'
================================================================
* Date:           Tue Jun 13 19:59:01 2023

* Version:        2022.1 (Build 3526262 on Mon Apr 18 15:47:01 MDT 2022)
* Project:        AlexNet_Cifar10_Keras_prj
* Solution:       solution1 (Vivado IP Flow Target)
* Product family: zynquplus
* Target device:  xczu7ev-ffvc1156-2-e


================================================================
== Performance Estimates
================================================================
+ Timing: 
    * Summary: 
    +--------+---------+----------+------------+
    |  Clock |  Target | Estimated| Uncertainty|
    +--------+---------+----------+------------+
    |ap_clk  |  5.00 ns|  4.218 ns|     0.62 ns|
    +--------+---------+----------+------------+

+ Latency: 
    * Summary: 
    +---------+---------+-----------+-----------+-----+-----+---------+
    |  Latency (cycles) |   Latency (absolute)  |  Interval | Pipeline|
    |   min   |   max   |    min    |    max    | min | max |   Type  |
    +---------+---------+-----------+-----------+-----+-----+---------+
    |        2|        2|  10.000 ns|  10.000 ns|    2|    2|       no|
    +---------+---------+-----------+-----------+-----+-----+---------+

    + Detail: 
        * Instance: 
        N/A

        * Loop: 
        N/A



================================================================
== Utilization Estimates
================================================================
* Summary: 
+-----------------+---------+------+--------+--------+-----+
|       Name      | BRAM_18K|  DSP |   FF   |   LUT  | URAM|
+-----------------+---------+------+--------+--------+-----+
|DSP              |        -|     -|       -|       -|    -|
|Expression       |        -|     -|       0|    1966|    -|
|FIFO             |        -|     -|       -|       -|    -|
|Instance         |        -|    96|       0|     480|    -|
|Memory           |        -|     -|       -|       -|    -|
|Multiplexer      |        -|     -|       -|      56|    -|
|Register         |        -|     -|     710|       -|    -|
+-----------------+---------+------+--------+--------+-----+
|Total            |        0|    96|     710|    2502|    0|
+-----------------+---------+------+--------+--------+-----+
|Available        |      624|  1728|  460800|  230400|   96|
+-----------------+---------+------+--------+--------+-----+
|Utilization (%)  |        0|     5|      ~0|       1|    0|
+-----------------+---------+------+--------+--------+-----+

+ Detail: 
    * Instance: 
    +---------------------------+---------------------+---------+----+---+----+-----+
    |          Instance         |        Module       | BRAM_18K| DSP| FF| LUT| URAM|
    +---------------------------+---------------------+---------+----+---+----+-----+
    |mul_16s_10ns_26_1_1_U6801  |mul_16s_10ns_26_1_1  |        0|   1|  0|   5|    0|
    |mul_16s_10ns_26_1_1_U6818  |mul_16s_10ns_26_1_1  |        0|   1|  0|   5|    0|
    |mul_16s_10ns_26_1_1_U6854  |mul_16s_10ns_26_1_1  |        0|   1|  0|   5|    0|
    |mul_16s_10ns_26_1_1_U6859  |mul_16s_10ns_26_1_1  |        0|   1|  0|   5|    0|
    |mul_16s_10ns_26_1_1_U6860  |mul_16s_10ns_26_1_1  |        0|   1|  0|   5|    0|
    |mul_16s_10ns_26_1_1_U6867  |mul_16s_10ns_26_1_1  |        0|   1|  0|   5|    0|
    |mul_16s_10ns_26_1_1_U6868  |mul_16s_10ns_26_1_1  |        0|   1|  0|   5|    0|
    |mul_16s_10ns_26_1_1_U6878  |mul_16s_10ns_26_1_1  |        0|   1|  0|   5|    0|
    |mul_16s_10s_26_1_1_U6805   |mul_16s_10s_26_1_1   |        0|   1|  0|   5|    0|
    |mul_16s_10s_26_1_1_U6810   |mul_16s_10s_26_1_1   |        0|   1|  0|   5|    0|
    |mul_16s_10s_26_1_1_U6812   |mul_16s_10s_26_1_1   |        0|   1|  0|   5|    0|
    |mul_16s_10s_26_1_1_U6815   |mul_16s_10s_26_1_1   |        0|   1|  0|   5|    0|
    |mul_16s_10s_26_1_1_U6826   |mul_16s_10s_26_1_1   |        0|   1|  0|   5|    0|
    |mul_16s_10s_26_1_1_U6827   |mul_16s_10s_26_1_1   |        0|   1|  0|   5|    0|
    |mul_16s_10s_26_1_1_U6828   |mul_16s_10s_26_1_1   |        0|   1|  0|   5|    0|
    |mul_16s_10s_26_1_1_U6839   |mul_16s_10s_26_1_1   |        0|   1|  0|   5|    0|
    |mul_16s_10s_26_1_1_U6843   |mul_16s_10s_26_1_1   |        0|   1|  0|   5|    0|
    |mul_16s_10s_26_1_1_U6856   |mul_16s_10s_26_1_1   |        0|   1|  0|   5|    0|
    |mul_16s_10s_26_1_1_U6863   |mul_16s_10s_26_1_1   |        0|   1|  0|   5|    0|
    |mul_16s_10s_26_1_1_U6865   |mul_16s_10s_26_1_1   |        0|   1|  0|   5|    0|
    |mul_16s_10s_26_1_1_U6870   |mul_16s_10s_26_1_1   |        0|   1|  0|   5|    0|
    |mul_16s_10s_26_1_1_U6871   |mul_16s_10s_26_1_1   |        0|   1|  0|   5|    0|
    |mul_16s_10s_26_1_1_U6872   |mul_16s_10s_26_1_1   |        0|   1|  0|   5|    0|
    |mul_16s_10s_26_1_1_U6873   |mul_16s_10s_26_1_1   |        0|   1|  0|   5|    0|
    |mul_16s_10s_26_1_1_U6879   |mul_16s_10s_26_1_1   |        0|   1|  0|   5|    0|
    |mul_16s_10s_26_1_1_U6885   |mul_16s_10s_26_1_1   |        0|   1|  0|   5|    0|
    |mul_16s_10s_26_1_1_U6886   |mul_16s_10s_26_1_1   |        0|   1|  0|   5|    0|
    |mul_16s_10s_26_1_1_U6888   |mul_16s_10s_26_1_1   |        0|   1|  0|   5|    0|
    |mul_16s_10s_26_1_1_U6895   |mul_16s_10s_26_1_1   |        0|   1|  0|   5|    0|
    |mul_16s_11ns_26_1_1_U6809  |mul_16s_11ns_26_1_1  |        0|   1|  0|   5|    0|
    |mul_16s_11ns_26_1_1_U6831  |mul_16s_11ns_26_1_1  |        0|   1|  0|   5|    0|
    |mul_16s_11ns_26_1_1_U6838  |mul_16s_11ns_26_1_1  |        0|   1|  0|   5|    0|
    |mul_16s_11ns_26_1_1_U6848  |mul_16s_11ns_26_1_1  |        0|   1|  0|   5|    0|
    |mul_16s_11ns_26_1_1_U6852  |mul_16s_11ns_26_1_1  |        0|   1|  0|   5|    0|
    |mul_16s_11ns_26_1_1_U6862  |mul_16s_11ns_26_1_1  |        0|   1|  0|   5|    0|
    |mul_16s_11ns_26_1_1_U6894  |mul_16s_11ns_26_1_1  |        0|   1|  0|   5|    0|
    |mul_16s_11s_26_1_1_U6807   |mul_16s_11s_26_1_1   |        0|   1|  0|   5|    0|
    |mul_16s_11s_26_1_1_U6813   |mul_16s_11s_26_1_1   |        0|   1|  0|   5|    0|
    |mul_16s_11s_26_1_1_U6814   |mul_16s_11s_26_1_1   |        0|   1|  0|   5|    0|
    |mul_16s_11s_26_1_1_U6820   |mul_16s_11s_26_1_1   |        0|   1|  0|   5|    0|
    |mul_16s_11s_26_1_1_U6824   |mul_16s_11s_26_1_1   |        0|   1|  0|   5|    0|
    |mul_16s_11s_26_1_1_U6825   |mul_16s_11s_26_1_1   |        0|   1|  0|   5|    0|
    |mul_16s_11s_26_1_1_U6830   |mul_16s_11s_26_1_1   |        0|   1|  0|   5|    0|
    |mul_16s_11s_26_1_1_U6832   |mul_16s_11s_26_1_1   |        0|   1|  0|   5|    0|
    |mul_16s_11s_26_1_1_U6834   |mul_16s_11s_26_1_1   |        0|   1|  0|   5|    0|
    |mul_16s_11s_26_1_1_U6837   |mul_16s_11s_26_1_1   |        0|   1|  0|   5|    0|
    |mul_16s_11s_26_1_1_U6840   |mul_16s_11s_26_1_1   |        0|   1|  0|   5|    0|
    |mul_16s_11s_26_1_1_U6842   |mul_16s_11s_26_1_1   |        0|   1|  0|   5|    0|
    |mul_16s_11s_26_1_1_U6845   |mul_16s_11s_26_1_1   |        0|   1|  0|   5|    0|
    |mul_16s_11s_26_1_1_U6846   |mul_16s_11s_26_1_1   |        0|   1|  0|   5|    0|
    |mul_16s_11s_26_1_1_U6849   |mul_16s_11s_26_1_1   |        0|   1|  0|   5|    0|
    |mul_16s_11s_26_1_1_U6853   |mul_16s_11s_26_1_1   |        0|   1|  0|   5|    0|
    |mul_16s_11s_26_1_1_U6858   |mul_16s_11s_26_1_1   |        0|   1|  0|   5|    0|
    |mul_16s_11s_26_1_1_U6861   |mul_16s_11s_26_1_1   |        0|   1|  0|   5|    0|
    |mul_16s_11s_26_1_1_U6866   |mul_16s_11s_26_1_1   |        0|   1|  0|   5|    0|
    |mul_16s_11s_26_1_1_U6877   |mul_16s_11s_26_1_1   |        0|   1|  0|   5|    0|
    |mul_16s_11s_26_1_1_U6880   |mul_16s_11s_26_1_1   |        0|   1|  0|   5|    0|
    |mul_16s_11s_26_1_1_U6881   |mul_16s_11s_26_1_1   |        0|   1|  0|   5|    0|
    |mul_16s_11s_26_1_1_U6887   |mul_16s_11s_26_1_1   |        0|   1|  0|   5|    0|
    |mul_16s_11s_26_1_1_U6889   |mul_16s_11s_26_1_1   |        0|   1|  0|   5|    0|
    |mul_16s_11s_26_1_1_U6890   |mul_16s_11s_26_1_1   |        0|   1|  0|   5|    0|
    |mul_16s_11s_26_1_1_U6891   |mul_16s_11s_26_1_1   |        0|   1|  0|   5|    0|
    |mul_16s_11s_26_1_1_U6892   |mul_16s_11s_26_1_1   |        0|   1|  0|   5|    0|
    |mul_16s_12ns_26_1_1_U6811  |mul_16s_12ns_26_1_1  |        0|   1|  0|   5|    0|
    |mul_16s_12ns_26_1_1_U6816  |mul_16s_12ns_26_1_1  |        0|   1|  0|   5|    0|
    |mul_16s_12ns_26_1_1_U6822  |mul_16s_12ns_26_1_1  |        0|   1|  0|   5|    0|
    |mul_16s_12ns_26_1_1_U6823  |mul_16s_12ns_26_1_1  |        0|   1|  0|   5|    0|
    |mul_16s_12ns_26_1_1_U6829  |mul_16s_12ns_26_1_1  |        0|   1|  0|   5|    0|
    |mul_16s_12ns_26_1_1_U6833  |mul_16s_12ns_26_1_1  |        0|   1|  0|   5|    0|
    |mul_16s_12ns_26_1_1_U6841  |mul_16s_12ns_26_1_1  |        0|   1|  0|   5|    0|
    |mul_16s_12ns_26_1_1_U6850  |mul_16s_12ns_26_1_1  |        0|   1|  0|   5|    0|
    |mul_16s_12ns_26_1_1_U6883  |mul_16s_12ns_26_1_1  |        0|   1|  0|   5|    0|
    |mul_16s_12ns_26_1_1_U6884  |mul_16s_12ns_26_1_1  |        0|   1|  0|   5|    0|
    |mul_16s_12ns_26_1_1_U6893  |mul_16s_12ns_26_1_1  |        0|   1|  0|   5|    0|
    |mul_16s_12s_26_1_1_U6802   |mul_16s_12s_26_1_1   |        0|   1|  0|   5|    0|
    |mul_16s_12s_26_1_1_U6836   |mul_16s_12s_26_1_1   |        0|   1|  0|   5|    0|
    |mul_16s_12s_26_1_1_U6857   |mul_16s_12s_26_1_1   |        0|   1|  0|   5|    0|
    |mul_16s_7ns_23_1_1_U6855   |mul_16s_7ns_23_1_1   |        0|   1|  0|   5|    0|
    |mul_16s_8ns_24_1_1_U6808   |mul_16s_8ns_24_1_1   |        0|   1|  0|   5|    0|
    |mul_16s_8ns_24_1_1_U6817   |mul_16s_8ns_24_1_1   |        0|   1|  0|   5|    0|
    |mul_16s_8ns_24_1_1_U6821   |mul_16s_8ns_24_1_1   |        0|   1|  0|   5|    0|
    |mul_16s_8ns_24_1_1_U6896   |mul_16s_8ns_24_1_1   |        0|   1|  0|   5|    0|
    |mul_16s_8s_24_1_1_U6803    |mul_16s_8s_24_1_1    |        0|   1|  0|   5|    0|
    |mul_16s_8s_24_1_1_U6804    |mul_16s_8s_24_1_1    |        0|   1|  0|   5|    0|
    |mul_16s_8s_24_1_1_U6851    |mul_16s_8s_24_1_1    |        0|   1|  0|   5|    0|
    |mul_16s_9ns_25_1_1_U6806   |mul_16s_9ns_25_1_1   |        0|   1|  0|   5|    0|
    |mul_16s_9ns_25_1_1_U6835   |mul_16s_9ns_25_1_1   |        0|   1|  0|   5|    0|
    |mul_16s_9s_25_1_1_U6819    |mul_16s_9s_25_1_1    |        0|   1|  0|   5|    0|
    |mul_16s_9s_25_1_1_U6844    |mul_16s_9s_25_1_1    |        0|   1|  0|   5|    0|
    |mul_16s_9s_25_1_1_U6847    |mul_16s_9s_25_1_1    |        0|   1|  0|   5|    0|
    |mul_16s_9s_25_1_1_U6864    |mul_16s_9s_25_1_1    |        0|   1|  0|   5|    0|
    |mul_16s_9s_25_1_1_U6869    |mul_16s_9s_25_1_1    |        0|   1|  0|   5|    0|
    |mul_16s_9s_25_1_1_U6874    |mul_16s_9s_25_1_1    |        0|   1|  0|   5|    0|
    |mul_16s_9s_25_1_1_U6875    |mul_16s_9s_25_1_1    |        0|   1|  0|   5|    0|
    |mul_16s_9s_25_1_1_U6876    |mul_16s_9s_25_1_1    |        0|   1|  0|   5|    0|
    |mul_16s_9s_25_1_1_U6882    |mul_16s_9s_25_1_1    |        0|   1|  0|   5|    0|
    +---------------------------+---------------------+---------+----+---+----+-----+
    |Total                      |                     |        0|  96|  0| 480|    0|
    +---------------------------+---------------------+---------+----+---+----+-----+

    * DSP: 
    N/A

    * Memory: 
    N/A

    * FIFO: 
    N/A

    * Expression: 
    +----------------------------+----------+----+---+----+------------+------------+
    |        Variable Name       | Operation| DSP| FF| LUT| Bitwidth P0| Bitwidth P1|
    +----------------------------+----------+----+---+----+------------+------------+
    |add_ln859_4198_fu_39080_p2  |         +|   0|  0|  16|          16|          16|
    |add_ln859_4199_fu_39086_p2  |         +|   0|  0|  16|          16|          16|
    |add_ln859_4200_fu_39092_p2  |         +|   0|  0|  16|          16|          16|
    |add_ln859_4201_fu_39098_p2  |         +|   0|  0|  22|          15|          15|
    |add_ln859_4202_fu_39108_p2  |         +|   0|  0|  16|          16|          16|
    |add_ln859_4203_fu_39114_p2  |         +|   0|  0|  20|          13|          11|
    |add_ln859_4204_fu_39124_p2  |         +|   0|  0|  22|          15|          15|
    |add_ln859_4205_fu_39134_p2  |         +|   0|  0|  16|          16|          16|
    |add_ln859_4207_fu_39146_p2  |         +|   0|  0|  23|          16|          16|
    |add_ln859_4208_fu_39152_p2  |         +|   0|  0|  16|          16|          16|
    |add_ln859_4209_fu_39158_p2  |         +|   0|  0|  16|          16|          16|
    |add_ln859_4210_fu_39606_p2  |         +|   0|  0|  16|          16|          16|
    |add_ln859_4211_fu_39164_p2  |         +|   0|  0|  23|          16|          16|
    |add_ln859_4212_fu_39170_p2  |         +|   0|  0|  16|          16|          16|
    |add_ln859_4213_fu_39176_p2  |         +|   0|  0|  16|          16|          10|
    |add_ln859_4214_fu_39182_p2  |         +|   0|  0|  16|          16|          16|
    |add_ln859_4215_fu_39188_p2  |         +|   0|  0|  16|          16|          16|
    |add_ln859_4217_fu_39194_p2  |         +|   0|  0|  23|          16|          16|
    |add_ln859_4218_fu_39200_p2  |         +|   0|  0|  16|          16|          16|
    |add_ln859_4219_fu_39206_p2  |         +|   0|  0|  16|          16|          16|
    |add_ln859_4220_fu_39615_p2  |         +|   0|  0|  16|          16|          16|
    |add_ln859_4221_fu_39212_p2  |         +|   0|  0|  23|          16|          16|
    |add_ln859_4222_fu_39218_p2  |         +|   0|  0|  16|          16|          16|
    |add_ln859_4223_fu_39224_p2  |         +|   0|  0|  16|          16|          10|
    |add_ln859_4224_fu_39230_p2  |         +|   0|  0|  16|          16|          16|
    |add_ln859_4225_fu_39236_p2  |         +|   0|  0|  16|          16|          16|
    |add_ln859_4227_fu_39242_p2  |         +|   0|  0|  23|          16|          16|
    |add_ln859_4228_fu_39248_p2  |         +|   0|  0|  16|          16|          16|
    |add_ln859_4229_fu_39254_p2  |         +|   0|  0|  16|          16|          16|
    |add_ln859_4230_fu_39624_p2  |         +|   0|  0|  16|          16|          16|
    |add_ln859_4231_fu_39260_p2  |         +|   0|  0|  23|          16|          16|
    |add_ln859_4232_fu_39266_p2  |         +|   0|  0|  16|          16|          16|
    |add_ln859_4233_fu_39272_p2  |         +|   0|  0|  21|          14|          11|
    |add_ln859_4234_fu_39282_p2  |         +|   0|  0|  22|          15|          15|
    |add_ln859_4235_fu_39292_p2  |         +|   0|  0|  16|          16|          16|
    |add_ln859_4237_fu_39298_p2  |         +|   0|  0|  23|          16|          16|
    |add_ln859_4238_fu_39304_p2  |         +|   0|  0|  16|          16|          16|
    |add_ln859_4239_fu_39310_p2  |         +|   0|  0|  16|          16|          16|
    |add_ln859_4240_fu_39633_p2  |         +|   0|  0|  16|          16|          16|
    |add_ln859_4241_fu_39316_p2  |         +|   0|  0|  23|          16|          16|
    |add_ln859_4242_fu_39322_p2  |         +|   0|  0|  16|          16|          16|
    |add_ln859_4243_fu_39328_p2  |         +|   0|  0|  22|          15|           2|
    |add_ln859_4244_fu_39338_p2  |         +|   0|  0|  23|          16|          16|
    |add_ln859_4245_fu_39344_p2  |         +|   0|  0|  16|          16|          16|
    |add_ln859_4247_fu_39350_p2  |         +|   0|  0|  23|          16|          16|
    |add_ln859_4248_fu_39356_p2  |         +|   0|  0|  16|          16|          16|
    |add_ln859_4249_fu_39362_p2  |         +|   0|  0|  16|          16|          16|
    |add_ln859_4250_fu_39642_p2  |         +|   0|  0|  16|          16|          16|
    |add_ln859_4251_fu_39368_p2  |         +|   0|  0|  23|          16|          16|
    |add_ln859_4252_fu_39374_p2  |         +|   0|  0|  16|          16|          16|
    |add_ln859_4253_fu_39380_p2  |         +|   0|  0|  16|          16|          11|
    |add_ln859_4254_fu_39386_p2  |         +|   0|  0|  16|          16|          16|
    |add_ln859_4255_fu_39392_p2  |         +|   0|  0|  16|          16|          16|
    |add_ln859_4257_fu_39398_p2  |         +|   0|  0|  23|          16|          16|
    |add_ln859_4258_fu_39404_p2  |         +|   0|  0|  16|          16|          16|
    |add_ln859_4259_fu_39410_p2  |         +|   0|  0|  16|          16|          16|
    |add_ln859_4260_fu_39651_p2  |         +|   0|  0|  16|          16|          16|
    |add_ln859_4261_fu_39416_p2  |         +|   0|  0|  23|          16|          16|
    |add_ln859_4262_fu_39422_p2  |         +|   0|  0|  16|          16|          16|
    |add_ln859_4263_fu_39428_p2  |         +|   0|  0|  22|          15|           9|
    |add_ln859_4264_fu_39438_p2  |         +|   0|  0|  23|          16|          16|
    |add_ln859_4265_fu_39444_p2  |         +|   0|  0|  16|          16|          16|
    |add_ln859_4267_fu_39450_p2  |         +|   0|  0|  23|          16|          16|
    |add_ln859_4268_fu_39456_p2  |         +|   0|  0|  16|          16|          16|
    |add_ln859_4269_fu_39462_p2  |         +|   0|  0|  16|          16|          16|
    |add_ln859_4270_fu_39660_p2  |         +|   0|  0|  16|          16|          16|
    |add_ln859_4271_fu_39468_p2  |         +|   0|  0|  23|          16|          16|
    |add_ln859_4272_fu_39474_p2  |         +|   0|  0|  16|          16|          16|
    |add_ln859_4273_fu_39480_p2  |         +|   0|  0|  22|          15|           9|
    |add_ln859_4274_fu_39490_p2  |         +|   0|  0|  23|          16|          16|
    |add_ln859_4275_fu_39496_p2  |         +|   0|  0|  16|          16|          16|
    |add_ln859_4277_fu_39502_p2  |         +|   0|  0|  23|          16|          16|
    |add_ln859_4278_fu_39508_p2  |         +|   0|  0|  16|          16|          16|
    |add_ln859_4279_fu_39514_p2  |         +|   0|  0|  16|          16|          16|
    |add_ln859_4280_fu_39669_p2  |         +|   0|  0|  16|          16|          16|
    |add_ln859_4281_fu_39520_p2  |         +|   0|  0|  23|          16|          16|
    |add_ln859_4282_fu_39526_p2  |         +|   0|  0|  16|          16|          16|
    |add_ln859_4283_fu_39532_p2  |         +|   0|  0|  22|          15|          10|
    |add_ln859_4284_fu_39542_p2  |         +|   0|  0|  23|          16|          16|
    |add_ln859_4285_fu_39548_p2  |         +|   0|  0|  16|          16|          16|
    |add_ln859_4287_fu_39554_p2  |         +|   0|  0|  23|          16|          16|
    |add_ln859_4288_fu_39560_p2  |         +|   0|  0|  16|          16|          16|
    |add_ln859_4289_fu_39566_p2  |         +|   0|  0|  16|          16|          16|
    |add_ln859_4290_fu_39678_p2  |         +|   0|  0|  16|          16|          16|
    |add_ln859_4291_fu_39572_p2  |         +|   0|  0|  23|          16|          16|
    |add_ln859_4292_fu_39578_p2  |         +|   0|  0|  16|          16|          16|
    |add_ln859_4293_fu_39584_p2  |         +|   0|  0|  21|          14|           6|
    |add_ln859_4294_fu_39594_p2  |         +|   0|  0|  23|          16|          16|
    |add_ln859_4295_fu_39600_p2  |         +|   0|  0|  16|          16|          16|
    |add_ln859_fu_39074_p2       |         +|   0|  0|  23|          16|          16|
    |res_V_25_fu_39610_p2        |         +|   0|  0|  16|          16|          16|
    |res_V_26_fu_39619_p2        |         +|   0|  0|  16|          16|          16|
    |res_V_27_fu_39628_p2        |         +|   0|  0|  16|          16|          16|
    |res_V_28_fu_39637_p2        |         +|   0|  0|  16|          16|          16|
    |res_V_29_fu_39646_p2        |         +|   0|  0|  16|          16|          16|
    |res_V_30_fu_39655_p2        |         +|   0|  0|  16|          16|          16|
    |res_V_31_fu_39664_p2        |         +|   0|  0|  16|          16|          16|
    |res_V_32_fu_39673_p2        |         +|   0|  0|  16|          16|          16|
    |res_V_33_fu_39682_p2        |         +|   0|  0|  16|          16|          16|
    |res_V_fu_39140_p2           |         +|   0|  0|  16|          16|          16|
    |r_V_3767_fu_38134_p2        |         -|   0|  0|  30|          23|          23|
    |r_V_3768_fu_38171_p2        |         -|   0|  0|  24|          24|          24|
    |r_V_3776_fu_38365_p2        |         -|   0|  0|  29|          22|          22|
    |r_V_3815_fu_39048_p2        |         -|   0|  0|  33|           1|          26|
    |sub_ln1319_fu_38165_p2      |         -|   0|  0|  24|           1|          24|
    |ap_block_state1             |        or|   0|  0|   2|           1|           1|
    +----------------------------+----------+----+---+----+------------+------------+
    |Total                       |          |   0|  0|1966|        1658|        1646|
    +----------------------------+----------+----+---+----+------------+------------+

    * Multiplexer: 
    +-------------------+----+-----------+-----+-----------+
    |        Name       | LUT| Input Size| Bits| Total Bits|
    +-------------------+----+-----------+-----+-----------+
    |ap_NS_fsm          |  20|          4|    1|          4|
    |ap_done            |   9|          2|    1|          2|
    |layer33_out_blk_n  |   9|          2|    1|          2|
    |layer34_out_blk_n  |   9|          2|    1|          2|
    |real_start         |   9|          2|    1|          2|
    +-------------------+----+-----------+-----+-----------+
    |Total              |  56|         12|    5|         12|
    +-------------------+----+-----------+-----+-----------+

    * Register: 
    +--------------------------+----+----+-----+-----------+
    |           Name           | FF | LUT| Bits| Const Bits|
    +--------------------------+----+----+-----+-----------+
    |add_ln859_4207_reg_39816  |  16|   0|   16|          0|
    |add_ln859_4209_reg_39821  |  16|   0|   16|          0|
    |add_ln859_4215_reg_39826  |  16|   0|   16|          0|
    |add_ln859_4217_reg_39831  |  16|   0|   16|          0|
    |add_ln859_4219_reg_39836  |  16|   0|   16|          0|
    |add_ln859_4225_reg_39841  |  16|   0|   16|          0|
    |add_ln859_4227_reg_39846  |  16|   0|   16|          0|
    |add_ln859_4229_reg_39851  |  16|   0|   16|          0|
    |add_ln859_4235_reg_39856  |  16|   0|   16|          0|
    |add_ln859_4237_reg_39861  |  16|   0|   16|          0|
    |add_ln859_4239_reg_39866  |  16|   0|   16|          0|
    |add_ln859_4245_reg_39871  |  16|   0|   16|          0|
    |add_ln859_4247_reg_39876  |  16|   0|   16|          0|
    |add_ln859_4249_reg_39881  |  16|   0|   16|          0|
    |add_ln859_4255_reg_39886  |  16|   0|   16|          0|
    |add_ln859_4257_reg_39891  |  16|   0|   16|          0|
    |add_ln859_4259_reg_39896  |  16|   0|   16|          0|
    |add_ln859_4265_reg_39901  |  16|   0|   16|          0|
    |add_ln859_4267_reg_39906  |  16|   0|   16|          0|
    |add_ln859_4269_reg_39911  |  16|   0|   16|          0|
    |add_ln859_4275_reg_39916  |  16|   0|   16|          0|
    |add_ln859_4277_reg_39921  |  16|   0|   16|          0|
    |add_ln859_4279_reg_39926  |  16|   0|   16|          0|
    |add_ln859_4285_reg_39931  |  16|   0|   16|          0|
    |add_ln859_4287_reg_39936  |  16|   0|   16|          0|
    |add_ln859_4289_reg_39941  |  16|   0|   16|          0|
    |add_ln859_4295_reg_39946  |  16|   0|   16|          0|
    |ap_CS_fsm                 |   3|   0|    3|          0|
    |ap_done_reg               |   1|   0|    1|          0|
    |data_V_32_reg_39730       |  16|   0|   16|          0|
    |data_V_33_reg_39736       |  16|   0|   16|          0|
    |data_V_34_reg_39745       |  16|   0|   16|          0|
    |data_V_35_reg_39750       |  16|   0|   16|          0|
    |data_V_36_reg_39757       |  16|   0|   16|          0|
    |data_V_37_reg_39763       |  16|   0|   16|          0|
    |data_V_38_reg_39769       |  16|   0|   16|          0|
    |data_V_39_reg_39717       |  16|   0|   16|          0|
    |data_V_40_reg_39723       |  16|   0|   16|          0|
    |data_V_reg_39711          |  16|   0|   16|          0|
    |mult_V_4038_reg_39776     |  14|   0|   14|          0|
    |mult_V_4046_reg_39781     |  14|   0|   14|          0|
    |mult_V_4057_reg_39786     |  13|   0|   13|          0|
    |mult_V_4074_reg_39791     |  14|   0|   14|          0|
    |mult_V_4098_reg_39796     |  14|   0|   14|          0|
    |mult_V_4108_reg_39801     |  14|   0|   14|          0|
    |mult_V_4115_reg_39806     |  14|   0|   14|          0|
    |res_V_reg_39811           |  16|   0|   16|          0|
    |start_once_reg            |   1|   0|    1|          0|
    +--------------------------+----+----+-----+-----------+
    |Total                     | 710|   0|  710|          0|
    +--------------------------+----+----+-----+-----------+



================================================================
== Interface
================================================================
* Summary: 
+----------------------------+-----+-----+------------+---------------------------------------------------------------------+--------------+
|          RTL Ports         | Dir | Bits|  Protocol  |                            Source Object                            |    C Type    |
+----------------------------+-----+-----+------------+---------------------------------------------------------------------+--------------+
|ap_clk                      |   in|    1|  ap_ctrl_hs|  dense<array<ap_fixed,10u>,array<ap_fixed<16,6,5,3,0>,10u>,config34>|  return value|
|ap_rst                      |   in|    1|  ap_ctrl_hs|  dense<array<ap_fixed,10u>,array<ap_fixed<16,6,5,3,0>,10u>,config34>|  return value|
|ap_start                    |   in|    1|  ap_ctrl_hs|  dense<array<ap_fixed,10u>,array<ap_fixed<16,6,5,3,0>,10u>,config34>|  return value|
|start_full_n                |   in|    1|  ap_ctrl_hs|  dense<array<ap_fixed,10u>,array<ap_fixed<16,6,5,3,0>,10u>,config34>|  return value|
|ap_done                     |  out|    1|  ap_ctrl_hs|  dense<array<ap_fixed,10u>,array<ap_fixed<16,6,5,3,0>,10u>,config34>|  return value|
|ap_continue                 |   in|    1|  ap_ctrl_hs|  dense<array<ap_fixed,10u>,array<ap_fixed<16,6,5,3,0>,10u>,config34>|  return value|
|ap_idle                     |  out|    1|  ap_ctrl_hs|  dense<array<ap_fixed,10u>,array<ap_fixed<16,6,5,3,0>,10u>,config34>|  return value|
|ap_ready                    |  out|    1|  ap_ctrl_hs|  dense<array<ap_fixed,10u>,array<ap_fixed<16,6,5,3,0>,10u>,config34>|  return value|
|start_out                   |  out|    1|  ap_ctrl_hs|  dense<array<ap_fixed,10u>,array<ap_fixed<16,6,5,3,0>,10u>,config34>|  return value|
|start_write                 |  out|    1|  ap_ctrl_hs|  dense<array<ap_fixed,10u>,array<ap_fixed<16,6,5,3,0>,10u>,config34>|  return value|
|layer33_out_dout            |   in|  160|     ap_fifo|                                                          layer33_out|       pointer|
|layer33_out_num_data_valid  |   in|    2|     ap_fifo|                                                          layer33_out|       pointer|
|layer33_out_fifo_cap        |   in|    2|     ap_fifo|                                                          layer33_out|       pointer|
|layer33_out_empty_n         |   in|    1|     ap_fifo|                                                          layer33_out|       pointer|
|layer33_out_read            |  out|    1|     ap_fifo|                                                          layer33_out|       pointer|
|layer34_out_din             |  out|  160|     ap_fifo|                                                          layer34_out|       pointer|
|layer34_out_num_data_valid  |   in|    2|     ap_fifo|                                                          layer34_out|       pointer|
|layer34_out_fifo_cap        |   in|    2|     ap_fifo|                                                          layer34_out|       pointer|
|layer34_out_full_n          |   in|    1|     ap_fifo|                                                          layer34_out|       pointer|
|layer34_out_write           |  out|    1|     ap_fifo|                                                          layer34_out|       pointer|
+----------------------------+-----+-----+------------+---------------------------------------------------------------------+--------------+

