

================================================================
== Vitis HLS Report for 'dense_array_array_ap_fixed_16_6_5_3_0_16u_config26_Pipeline_DataPrepare'
================================================================
* Date:           Tue Jun 13 19:56:15 2023

* Version:        2022.1 (Build 3526262 on Mon Apr 18 15:47:01 MDT 2022)
* Project:        AlexNet_Cifar10_Keras_prj
* Solution:       solution1 (Vivado IP Flow Target)
* Product family: zynquplus
* Target device:  xczu7ev-ffvc1156-2-e


================================================================
== Performance Estimates
================================================================
+ Timing: 
    * Summary: 
    +--------+---------+----------+------------+
    |  Clock |  Target | Estimated| Uncertainty|
    +--------+---------+----------+------------+
    |ap_clk  |  5.00 ns|  1.620 ns|     0.62 ns|
    +--------+---------+----------+------------+

+ Latency: 
    * Summary: 
    +---------+---------+-----------+-----------+-----+-----+---------+
    |  Latency (cycles) |   Latency (absolute)  |  Interval | Pipeline|
    |   min   |   max   |    min    |    max    | min | max |   Type  |
    +---------+---------+-----------+-----------+-----+-----+---------+
    |       18|       18|  90.000 ns|  90.000 ns|   18|   18|       no|
    +---------+---------+-----------+-----------+-----+-----+---------+

    + Detail: 
        * Instance: 
        N/A

        * Loop: 
        +---------------+---------+---------+----------+-----------+-----------+------+----------+
        |               |  Latency (cycles) | Iteration|  Initiation Interval  | Trip |          |
        |   Loop Name   |   min   |   max   |  Latency |  achieved |   target  | Count| Pipelined|
        +---------------+---------+---------+----------+-----------+-----------+------+----------+
        |- DataPrepare  |       16|       16|         2|          1|          1|    16|       yes|
        +---------------+---------+---------+----------+-----------+-----------+------+----------+



================================================================
== Utilization Estimates
================================================================
* Summary: 
+-----------------+---------+------+--------+--------+-----+
|       Name      | BRAM_18K|  DSP |   FF   |   LUT  | URAM|
+-----------------+---------+------+--------+--------+-----+
|DSP              |        -|     -|       -|       -|    -|
|Expression       |        -|     -|       0|      31|    -|
|FIFO             |        -|     -|       -|       -|    -|
|Instance         |        -|     -|       -|       -|    -|
|Memory           |        -|     -|       -|       -|    -|
|Multiplexer      |        -|     -|       -|      45|    -|
|Register         |        -|     -|    4108|       -|    -|
+-----------------+---------+------+--------+--------+-----+
|Total            |        0|     0|    4108|      76|    0|
+-----------------+---------+------+--------+--------+-----+
|Available        |      624|  1728|  460800|  230400|   96|
+-----------------+---------+------+--------+--------+-----+
|Utilization (%)  |        0|     0|      ~0|      ~0|    0|
+-----------------+---------+------+--------+--------+-----+

+ Detail: 
    * Instance: 
    N/A

    * DSP: 
    N/A

    * Memory: 
    N/A

    * FIFO: 
    N/A

    * Expression: 
    +---------------------------+----------+----+---+----+------------+------------+
    |       Variable Name       | Operation| DSP| FF| LUT| Bitwidth P0| Bitwidth P1|
    +---------------------------+----------+----+---+----+------------+------------+
    |add_ln33_fu_3478_p2        |         +|   0|  0|  12|           5|           1|
    |ap_block_pp0_stage0_01001  |       and|   0|  0|   2|           1|           1|
    |icmp_ln33_fu_3472_p2       |      icmp|   0|  0|  10|           5|           6|
    |ap_enable_pp0              |       xor|   0|  0|   2|           1|           2|
    |xor_ln39_fu_3488_p2        |       xor|   0|  0|   5|           4|           5|
    +---------------------------+----------+----+---+----+------------+------------+
    |Total                      |          |   0|  0|  31|          16|          15|
    +---------------------------+----------+----+---+----+------------+------------+

    * Multiplexer: 
    +-------------------------+----+-----------+-----+-----------+
    |           Name          | LUT| Input Size| Bits| Total Bits|
    +-------------------------+----+-----------+-----+-----------+
    |ap_done_int              |   9|          2|    1|          2|
    |ap_enable_reg_pp0_iter1  |   9|          2|    1|          2|
    |ap_sig_allocacmp_i_in_1  |   9|          2|    5|         10|
    |i_in_fu_638              |   9|          2|    5|         10|
    |layer24_out_blk_n        |   9|          2|    1|          2|
    +-------------------------+----+-----------+-----+-----------+
    |Total                    |  45|         10|   13|         26|
    +-------------------------+----+-----------+-----+-----------+

    * Register: 
    +-------------------------+----+----+-----+-----------+
    |           Name          | FF | LUT| Bits| Const Bits|
    +-------------------------+----+----+-----+-----------+
    |ap_CS_fsm                |   1|   0|    1|          0|
    |ap_done_reg              |   1|   0|    1|          0|
    |ap_enable_reg_pp0_iter1  |   1|   0|    1|          0|
    |data_V_256_fu_646        |  16|   0|   16|          0|
    |data_V_257_fu_650        |  16|   0|   16|          0|
    |data_V_258_fu_654        |  16|   0|   16|          0|
    |data_V_259_fu_658        |  16|   0|   16|          0|
    |data_V_260_fu_662        |  16|   0|   16|          0|
    |data_V_261_fu_666        |  16|   0|   16|          0|
    |data_V_262_fu_670        |  16|   0|   16|          0|
    |data_V_263_fu_674        |  16|   0|   16|          0|
    |data_V_264_fu_678        |  16|   0|   16|          0|
    |data_V_265_fu_682        |  16|   0|   16|          0|
    |data_V_266_fu_686        |  16|   0|   16|          0|
    |data_V_267_fu_690        |  16|   0|   16|          0|
    |data_V_268_fu_694        |  16|   0|   16|          0|
    |data_V_269_fu_698        |  16|   0|   16|          0|
    |data_V_270_fu_702        |  16|   0|   16|          0|
    |data_V_271_fu_706        |  16|   0|   16|          0|
    |data_V_272_fu_710        |  16|   0|   16|          0|
    |data_V_273_fu_714        |  16|   0|   16|          0|
    |data_V_274_fu_718        |  16|   0|   16|          0|
    |data_V_275_fu_722        |  16|   0|   16|          0|
    |data_V_276_fu_726        |  16|   0|   16|          0|
    |data_V_277_fu_730        |  16|   0|   16|          0|
    |data_V_278_fu_734        |  16|   0|   16|          0|
    |data_V_279_fu_738        |  16|   0|   16|          0|
    |data_V_280_fu_742        |  16|   0|   16|          0|
    |data_V_281_fu_746        |  16|   0|   16|          0|
    |data_V_282_fu_750        |  16|   0|   16|          0|
    |data_V_283_fu_754        |  16|   0|   16|          0|
    |data_V_284_fu_758        |  16|   0|   16|          0|
    |data_V_285_fu_762        |  16|   0|   16|          0|
    |data_V_286_fu_766        |  16|   0|   16|          0|
    |data_V_287_fu_770        |  16|   0|   16|          0|
    |data_V_288_fu_774        |  16|   0|   16|          0|
    |data_V_289_fu_778        |  16|   0|   16|          0|
    |data_V_290_fu_782        |  16|   0|   16|          0|
    |data_V_291_fu_786        |  16|   0|   16|          0|
    |data_V_292_fu_790        |  16|   0|   16|          0|
    |data_V_293_fu_794        |  16|   0|   16|          0|
    |data_V_294_fu_798        |  16|   0|   16|          0|
    |data_V_295_fu_802        |  16|   0|   16|          0|
    |data_V_296_fu_806        |  16|   0|   16|          0|
    |data_V_297_fu_810        |  16|   0|   16|          0|
    |data_V_298_fu_814        |  16|   0|   16|          0|
    |data_V_299_fu_818        |  16|   0|   16|          0|
    |data_V_300_fu_822        |  16|   0|   16|          0|
    |data_V_301_fu_826        |  16|   0|   16|          0|
    |data_V_302_fu_830        |  16|   0|   16|          0|
    |data_V_303_fu_834        |  16|   0|   16|          0|
    |data_V_304_fu_838        |  16|   0|   16|          0|
    |data_V_305_fu_842        |  16|   0|   16|          0|
    |data_V_306_fu_846        |  16|   0|   16|          0|
    |data_V_307_fu_850        |  16|   0|   16|          0|
    |data_V_308_fu_854        |  16|   0|   16|          0|
    |data_V_309_fu_858        |  16|   0|   16|          0|
    |data_V_310_fu_862        |  16|   0|   16|          0|
    |data_V_311_fu_866        |  16|   0|   16|          0|
    |data_V_312_fu_870        |  16|   0|   16|          0|
    |data_V_313_fu_874        |  16|   0|   16|          0|
    |data_V_314_fu_878        |  16|   0|   16|          0|
    |data_V_315_fu_882        |  16|   0|   16|          0|
    |data_V_316_fu_886        |  16|   0|   16|          0|
    |data_V_317_fu_890        |  16|   0|   16|          0|
    |data_V_318_fu_894        |  16|   0|   16|          0|
    |data_V_319_fu_898        |  16|   0|   16|          0|
    |data_V_320_fu_902        |  16|   0|   16|          0|
    |data_V_321_fu_906        |  16|   0|   16|          0|
    |data_V_322_fu_910        |  16|   0|   16|          0|
    |data_V_323_fu_914        |  16|   0|   16|          0|
    |data_V_324_fu_918        |  16|   0|   16|          0|
    |data_V_325_fu_922        |  16|   0|   16|          0|
    |data_V_326_fu_926        |  16|   0|   16|          0|
    |data_V_327_fu_930        |  16|   0|   16|          0|
    |data_V_328_fu_934        |  16|   0|   16|          0|
    |data_V_329_fu_938        |  16|   0|   16|          0|
    |data_V_330_fu_942        |  16|   0|   16|          0|
    |data_V_331_fu_946        |  16|   0|   16|          0|
    |data_V_332_fu_950        |  16|   0|   16|          0|
    |data_V_333_fu_954        |  16|   0|   16|          0|
    |data_V_334_fu_958        |  16|   0|   16|          0|
    |data_V_335_fu_962        |  16|   0|   16|          0|
    |data_V_336_fu_966        |  16|   0|   16|          0|
    |data_V_337_fu_970        |  16|   0|   16|          0|
    |data_V_338_fu_974        |  16|   0|   16|          0|
    |data_V_339_fu_978        |  16|   0|   16|          0|
    |data_V_340_fu_982        |  16|   0|   16|          0|
    |data_V_341_fu_986        |  16|   0|   16|          0|
    |data_V_342_fu_990        |  16|   0|   16|          0|
    |data_V_343_fu_994        |  16|   0|   16|          0|
    |data_V_344_fu_998        |  16|   0|   16|          0|
    |data_V_345_fu_1002       |  16|   0|   16|          0|
    |data_V_346_fu_1006       |  16|   0|   16|          0|
    |data_V_347_fu_1010       |  16|   0|   16|          0|
    |data_V_348_fu_1014       |  16|   0|   16|          0|
    |data_V_349_fu_1018       |  16|   0|   16|          0|
    |data_V_350_fu_1022       |  16|   0|   16|          0|
    |data_V_351_fu_1026       |  16|   0|   16|          0|
    |data_V_352_fu_1030       |  16|   0|   16|          0|
    |data_V_353_fu_1034       |  16|   0|   16|          0|
    |data_V_354_fu_1038       |  16|   0|   16|          0|
    |data_V_355_fu_1042       |  16|   0|   16|          0|
    |data_V_356_fu_1046       |  16|   0|   16|          0|
    |data_V_357_fu_1050       |  16|   0|   16|          0|
    |data_V_358_fu_1054       |  16|   0|   16|          0|
    |data_V_359_fu_1058       |  16|   0|   16|          0|
    |data_V_360_fu_1062       |  16|   0|   16|          0|
    |data_V_361_fu_1066       |  16|   0|   16|          0|
    |data_V_362_fu_1070       |  16|   0|   16|          0|
    |data_V_363_fu_1074       |  16|   0|   16|          0|
    |data_V_364_fu_1078       |  16|   0|   16|          0|
    |data_V_365_fu_1082       |  16|   0|   16|          0|
    |data_V_366_fu_1086       |  16|   0|   16|          0|
    |data_V_367_fu_1090       |  16|   0|   16|          0|
    |data_V_368_fu_1094       |  16|   0|   16|          0|
    |data_V_369_fu_1098       |  16|   0|   16|          0|
    |data_V_370_fu_1102       |  16|   0|   16|          0|
    |data_V_371_fu_1106       |  16|   0|   16|          0|
    |data_V_372_fu_1110       |  16|   0|   16|          0|
    |data_V_373_fu_1114       |  16|   0|   16|          0|
    |data_V_374_fu_1118       |  16|   0|   16|          0|
    |data_V_375_fu_1122       |  16|   0|   16|          0|
    |data_V_376_fu_1126       |  16|   0|   16|          0|
    |data_V_377_fu_1130       |  16|   0|   16|          0|
    |data_V_378_fu_1134       |  16|   0|   16|          0|
    |data_V_379_fu_1138       |  16|   0|   16|          0|
    |data_V_380_fu_1142       |  16|   0|   16|          0|
    |data_V_381_fu_1146       |  16|   0|   16|          0|
    |data_V_382_fu_1150       |  16|   0|   16|          0|
    |data_V_383_fu_1154       |  16|   0|   16|          0|
    |data_V_384_fu_1158       |  16|   0|   16|          0|
    |data_V_385_fu_1162       |  16|   0|   16|          0|
    |data_V_386_fu_1166       |  16|   0|   16|          0|
    |data_V_387_fu_1170       |  16|   0|   16|          0|
    |data_V_388_fu_1174       |  16|   0|   16|          0|
    |data_V_389_fu_1178       |  16|   0|   16|          0|
    |data_V_390_fu_1182       |  16|   0|   16|          0|
    |data_V_391_fu_1186       |  16|   0|   16|          0|
    |data_V_392_fu_1190       |  16|   0|   16|          0|
    |data_V_393_fu_1194       |  16|   0|   16|          0|
    |data_V_394_fu_1198       |  16|   0|   16|          0|
    |data_V_395_fu_1202       |  16|   0|   16|          0|
    |data_V_396_fu_1206       |  16|   0|   16|          0|
    |data_V_397_fu_1210       |  16|   0|   16|          0|
    |data_V_398_fu_1214       |  16|   0|   16|          0|
    |data_V_399_fu_1218       |  16|   0|   16|          0|
    |data_V_400_fu_1222       |  16|   0|   16|          0|
    |data_V_401_fu_1226       |  16|   0|   16|          0|
    |data_V_402_fu_1230       |  16|   0|   16|          0|
    |data_V_403_fu_1234       |  16|   0|   16|          0|
    |data_V_404_fu_1238       |  16|   0|   16|          0|
    |data_V_405_fu_1242       |  16|   0|   16|          0|
    |data_V_406_fu_1246       |  16|   0|   16|          0|
    |data_V_407_fu_1250       |  16|   0|   16|          0|
    |data_V_408_fu_1254       |  16|   0|   16|          0|
    |data_V_409_fu_1258       |  16|   0|   16|          0|
    |data_V_410_fu_1262       |  16|   0|   16|          0|
    |data_V_411_fu_1266       |  16|   0|   16|          0|
    |data_V_412_fu_1270       |  16|   0|   16|          0|
    |data_V_413_fu_1274       |  16|   0|   16|          0|
    |data_V_414_fu_1278       |  16|   0|   16|          0|
    |data_V_415_fu_1282       |  16|   0|   16|          0|
    |data_V_416_fu_1286       |  16|   0|   16|          0|
    |data_V_417_fu_1290       |  16|   0|   16|          0|
    |data_V_418_fu_1294       |  16|   0|   16|          0|
    |data_V_419_fu_1298       |  16|   0|   16|          0|
    |data_V_420_fu_1302       |  16|   0|   16|          0|
    |data_V_421_fu_1306       |  16|   0|   16|          0|
    |data_V_422_fu_1310       |  16|   0|   16|          0|
    |data_V_423_fu_1314       |  16|   0|   16|          0|
    |data_V_424_fu_1318       |  16|   0|   16|          0|
    |data_V_425_fu_1322       |  16|   0|   16|          0|
    |data_V_426_fu_1326       |  16|   0|   16|          0|
    |data_V_427_fu_1330       |  16|   0|   16|          0|
    |data_V_428_fu_1334       |  16|   0|   16|          0|
    |data_V_429_fu_1338       |  16|   0|   16|          0|
    |data_V_430_fu_1342       |  16|   0|   16|          0|
    |data_V_431_fu_1346       |  16|   0|   16|          0|
    |data_V_432_fu_1350       |  16|   0|   16|          0|
    |data_V_433_fu_1354       |  16|   0|   16|          0|
    |data_V_434_fu_1358       |  16|   0|   16|          0|
    |data_V_435_fu_1362       |  16|   0|   16|          0|
    |data_V_436_fu_1366       |  16|   0|   16|          0|
    |data_V_437_fu_1370       |  16|   0|   16|          0|
    |data_V_438_fu_1374       |  16|   0|   16|          0|
    |data_V_439_fu_1378       |  16|   0|   16|          0|
    |data_V_440_fu_1382       |  16|   0|   16|          0|
    |data_V_441_fu_1386       |  16|   0|   16|          0|
    |data_V_442_fu_1390       |  16|   0|   16|          0|
    |data_V_443_fu_1394       |  16|   0|   16|          0|
    |data_V_444_fu_1398       |  16|   0|   16|          0|
    |data_V_445_fu_1402       |  16|   0|   16|          0|
    |data_V_446_fu_1406       |  16|   0|   16|          0|
    |data_V_447_fu_1410       |  16|   0|   16|          0|
    |data_V_448_fu_1414       |  16|   0|   16|          0|
    |data_V_449_fu_1418       |  16|   0|   16|          0|
    |data_V_450_fu_1422       |  16|   0|   16|          0|
    |data_V_451_fu_1426       |  16|   0|   16|          0|
    |data_V_452_fu_1430       |  16|   0|   16|          0|
    |data_V_453_fu_1434       |  16|   0|   16|          0|
    |data_V_454_fu_1438       |  16|   0|   16|          0|
    |data_V_455_fu_1442       |  16|   0|   16|          0|
    |data_V_456_fu_1446       |  16|   0|   16|          0|
    |data_V_457_fu_1450       |  16|   0|   16|          0|
    |data_V_458_fu_1454       |  16|   0|   16|          0|
    |data_V_459_fu_1458       |  16|   0|   16|          0|
    |data_V_460_fu_1462       |  16|   0|   16|          0|
    |data_V_461_fu_1466       |  16|   0|   16|          0|
    |data_V_462_fu_1470       |  16|   0|   16|          0|
    |data_V_463_fu_1474       |  16|   0|   16|          0|
    |data_V_464_fu_1478       |  16|   0|   16|          0|
    |data_V_465_fu_1482       |  16|   0|   16|          0|
    |data_V_466_fu_1486       |  16|   0|   16|          0|
    |data_V_467_fu_1490       |  16|   0|   16|          0|
    |data_V_468_fu_1494       |  16|   0|   16|          0|
    |data_V_469_fu_1498       |  16|   0|   16|          0|
    |data_V_470_fu_1502       |  16|   0|   16|          0|
    |data_V_471_fu_1506       |  16|   0|   16|          0|
    |data_V_472_fu_1510       |  16|   0|   16|          0|
    |data_V_473_fu_1514       |  16|   0|   16|          0|
    |data_V_474_fu_1518       |  16|   0|   16|          0|
    |data_V_475_fu_1522       |  16|   0|   16|          0|
    |data_V_476_fu_1526       |  16|   0|   16|          0|
    |data_V_477_fu_1530       |  16|   0|   16|          0|
    |data_V_478_fu_1534       |  16|   0|   16|          0|
    |data_V_479_fu_1538       |  16|   0|   16|          0|
    |data_V_480_fu_1542       |  16|   0|   16|          0|
    |data_V_481_fu_1546       |  16|   0|   16|          0|
    |data_V_482_fu_1550       |  16|   0|   16|          0|
    |data_V_483_fu_1554       |  16|   0|   16|          0|
    |data_V_484_fu_1558       |  16|   0|   16|          0|
    |data_V_485_fu_1562       |  16|   0|   16|          0|
    |data_V_486_fu_1566       |  16|   0|   16|          0|
    |data_V_487_fu_1570       |  16|   0|   16|          0|
    |data_V_488_fu_1574       |  16|   0|   16|          0|
    |data_V_489_fu_1578       |  16|   0|   16|          0|
    |data_V_490_fu_1582       |  16|   0|   16|          0|
    |data_V_491_fu_1586       |  16|   0|   16|          0|
    |data_V_492_fu_1590       |  16|   0|   16|          0|
    |data_V_493_fu_1594       |  16|   0|   16|          0|
    |data_V_494_fu_1598       |  16|   0|   16|          0|
    |data_V_495_fu_1602       |  16|   0|   16|          0|
    |data_V_496_fu_1606       |  16|   0|   16|          0|
    |data_V_497_fu_1610       |  16|   0|   16|          0|
    |data_V_498_fu_1614       |  16|   0|   16|          0|
    |data_V_499_fu_1618       |  16|   0|   16|          0|
    |data_V_500_fu_1622       |  16|   0|   16|          0|
    |data_V_501_fu_1626       |  16|   0|   16|          0|
    |data_V_502_fu_1630       |  16|   0|   16|          0|
    |data_V_503_fu_1634       |  16|   0|   16|          0|
    |data_V_504_fu_1638       |  16|   0|   16|          0|
    |data_V_505_fu_1642       |  16|   0|   16|          0|
    |data_V_506_fu_1646       |  16|   0|   16|          0|
    |data_V_507_fu_1650       |  16|   0|   16|          0|
    |data_V_508_fu_1654       |  16|   0|   16|          0|
    |data_V_509_fu_1658       |  16|   0|   16|          0|
    |data_V_510_fu_1662       |  16|   0|   16|          0|
    |data_V_fu_642            |  16|   0|   16|          0|
    |i_in_fu_638              |   5|   0|    5|          0|
    |xor_ln39_reg_7503        |   4|   0|    4|          0|
    +-------------------------+----+----+-----+-----------+
    |Total                    |4108|   0| 4108|          0|
    +-------------------------+----+----+-----+-----------+



================================================================
== Interface
================================================================
* Summary: 
+----------------------------+-----+-----+------------+----------------------------------------------------------------------------+--------------+
|          RTL Ports         | Dir | Bits|  Protocol  |                                Source Object                               |    C Type    |
+----------------------------+-----+-----+------------+----------------------------------------------------------------------------+--------------+
|ap_clk                      |   in|    1|  ap_ctrl_hs|  dense<array,array<ap_fixed<16,6,5,3,0>,16u>,config26>_Pipeline_DataPrepare|  return value|
|ap_rst                      |   in|    1|  ap_ctrl_hs|  dense<array,array<ap_fixed<16,6,5,3,0>,16u>,config26>_Pipeline_DataPrepare|  return value|
|ap_start                    |   in|    1|  ap_ctrl_hs|  dense<array,array<ap_fixed<16,6,5,3,0>,16u>,config26>_Pipeline_DataPrepare|  return value|
|ap_done                     |  out|    1|  ap_ctrl_hs|  dense<array,array<ap_fixed<16,6,5,3,0>,16u>,config26>_Pipeline_DataPrepare|  return value|
|ap_idle                     |  out|    1|  ap_ctrl_hs|  dense<array,array<ap_fixed<16,6,5,3,0>,16u>,config26>_Pipeline_DataPrepare|  return value|
|ap_ready                    |  out|    1|  ap_ctrl_hs|  dense<array,array<ap_fixed<16,6,5,3,0>,16u>,config26>_Pipeline_DataPrepare|  return value|
|layer24_out_dout            |   in|  256|     ap_fifo|                                                                 layer24_out|       pointer|
|layer24_out_num_data_valid  |   in|    5|     ap_fifo|                                                                 layer24_out|       pointer|
|layer24_out_fifo_cap        |   in|    5|     ap_fifo|                                                                 layer24_out|       pointer|
|layer24_out_empty_n         |   in|    1|     ap_fifo|                                                                 layer24_out|       pointer|
|layer24_out_read            |  out|    1|     ap_fifo|                                                                 layer24_out|       pointer|
|data_V_510_out              |  out|   16|      ap_vld|                                                              data_V_510_out|       pointer|
|data_V_510_out_ap_vld       |  out|    1|      ap_vld|                                                              data_V_510_out|       pointer|
|data_V_509_out              |  out|   16|      ap_vld|                                                              data_V_509_out|       pointer|
|data_V_509_out_ap_vld       |  out|    1|      ap_vld|                                                              data_V_509_out|       pointer|
|data_V_508_out              |  out|   16|      ap_vld|                                                              data_V_508_out|       pointer|
|data_V_508_out_ap_vld       |  out|    1|      ap_vld|                                                              data_V_508_out|       pointer|
|data_V_507_out              |  out|   16|      ap_vld|                                                              data_V_507_out|       pointer|
|data_V_507_out_ap_vld       |  out|    1|      ap_vld|                                                              data_V_507_out|       pointer|
|data_V_506_out              |  out|   16|      ap_vld|                                                              data_V_506_out|       pointer|
|data_V_506_out_ap_vld       |  out|    1|      ap_vld|                                                              data_V_506_out|       pointer|
|data_V_505_out              |  out|   16|      ap_vld|                                                              data_V_505_out|       pointer|
|data_V_505_out_ap_vld       |  out|    1|      ap_vld|                                                              data_V_505_out|       pointer|
|data_V_504_out              |  out|   16|      ap_vld|                                                              data_V_504_out|       pointer|
|data_V_504_out_ap_vld       |  out|    1|      ap_vld|                                                              data_V_504_out|       pointer|
|data_V_503_out              |  out|   16|      ap_vld|                                                              data_V_503_out|       pointer|
|data_V_503_out_ap_vld       |  out|    1|      ap_vld|                                                              data_V_503_out|       pointer|
|data_V_502_out              |  out|   16|      ap_vld|                                                              data_V_502_out|       pointer|
|data_V_502_out_ap_vld       |  out|    1|      ap_vld|                                                              data_V_502_out|       pointer|
|data_V_501_out              |  out|   16|      ap_vld|                                                              data_V_501_out|       pointer|
|data_V_501_out_ap_vld       |  out|    1|      ap_vld|                                                              data_V_501_out|       pointer|
|data_V_500_out              |  out|   16|      ap_vld|                                                              data_V_500_out|       pointer|
|data_V_500_out_ap_vld       |  out|    1|      ap_vld|                                                              data_V_500_out|       pointer|
|data_V_499_out              |  out|   16|      ap_vld|                                                              data_V_499_out|       pointer|
|data_V_499_out_ap_vld       |  out|    1|      ap_vld|                                                              data_V_499_out|       pointer|
|data_V_498_out              |  out|   16|      ap_vld|                                                              data_V_498_out|       pointer|
|data_V_498_out_ap_vld       |  out|    1|      ap_vld|                                                              data_V_498_out|       pointer|
|data_V_497_out              |  out|   16|      ap_vld|                                                              data_V_497_out|       pointer|
|data_V_497_out_ap_vld       |  out|    1|      ap_vld|                                                              data_V_497_out|       pointer|
|data_V_496_out              |  out|   16|      ap_vld|                                                              data_V_496_out|       pointer|
|data_V_496_out_ap_vld       |  out|    1|      ap_vld|                                                              data_V_496_out|       pointer|
|data_V_495_out              |  out|   16|      ap_vld|                                                              data_V_495_out|       pointer|
|data_V_495_out_ap_vld       |  out|    1|      ap_vld|                                                              data_V_495_out|       pointer|
|data_V_494_out              |  out|   16|      ap_vld|                                                              data_V_494_out|       pointer|
|data_V_494_out_ap_vld       |  out|    1|      ap_vld|                                                              data_V_494_out|       pointer|
|data_V_493_out              |  out|   16|      ap_vld|                                                              data_V_493_out|       pointer|
|data_V_493_out_ap_vld       |  out|    1|      ap_vld|                                                              data_V_493_out|       pointer|
|data_V_492_out              |  out|   16|      ap_vld|                                                              data_V_492_out|       pointer|
|data_V_492_out_ap_vld       |  out|    1|      ap_vld|                                                              data_V_492_out|       pointer|
|data_V_491_out              |  out|   16|      ap_vld|                                                              data_V_491_out|       pointer|
|data_V_491_out_ap_vld       |  out|    1|      ap_vld|                                                              data_V_491_out|       pointer|
|data_V_490_out              |  out|   16|      ap_vld|                                                              data_V_490_out|       pointer|
|data_V_490_out_ap_vld       |  out|    1|      ap_vld|                                                              data_V_490_out|       pointer|
|data_V_489_out              |  out|   16|      ap_vld|                                                              data_V_489_out|       pointer|
|data_V_489_out_ap_vld       |  out|    1|      ap_vld|                                                              data_V_489_out|       pointer|
|data_V_488_out              |  out|   16|      ap_vld|                                                              data_V_488_out|       pointer|
|data_V_488_out_ap_vld       |  out|    1|      ap_vld|                                                              data_V_488_out|       pointer|
|data_V_487_out              |  out|   16|      ap_vld|                                                              data_V_487_out|       pointer|
|data_V_487_out_ap_vld       |  out|    1|      ap_vld|                                                              data_V_487_out|       pointer|
|data_V_486_out              |  out|   16|      ap_vld|                                                              data_V_486_out|       pointer|
|data_V_486_out_ap_vld       |  out|    1|      ap_vld|                                                              data_V_486_out|       pointer|
|data_V_485_out              |  out|   16|      ap_vld|                                                              data_V_485_out|       pointer|
|data_V_485_out_ap_vld       |  out|    1|      ap_vld|                                                              data_V_485_out|       pointer|
|data_V_484_out              |  out|   16|      ap_vld|                                                              data_V_484_out|       pointer|
|data_V_484_out_ap_vld       |  out|    1|      ap_vld|                                                              data_V_484_out|       pointer|
|data_V_483_out              |  out|   16|      ap_vld|                                                              data_V_483_out|       pointer|
|data_V_483_out_ap_vld       |  out|    1|      ap_vld|                                                              data_V_483_out|       pointer|
|data_V_482_out              |  out|   16|      ap_vld|                                                              data_V_482_out|       pointer|
|data_V_482_out_ap_vld       |  out|    1|      ap_vld|                                                              data_V_482_out|       pointer|
|data_V_481_out              |  out|   16|      ap_vld|                                                              data_V_481_out|       pointer|
|data_V_481_out_ap_vld       |  out|    1|      ap_vld|                                                              data_V_481_out|       pointer|
|data_V_480_out              |  out|   16|      ap_vld|                                                              data_V_480_out|       pointer|
|data_V_480_out_ap_vld       |  out|    1|      ap_vld|                                                              data_V_480_out|       pointer|
|data_V_479_out              |  out|   16|      ap_vld|                                                              data_V_479_out|       pointer|
|data_V_479_out_ap_vld       |  out|    1|      ap_vld|                                                              data_V_479_out|       pointer|
|data_V_478_out              |  out|   16|      ap_vld|                                                              data_V_478_out|       pointer|
|data_V_478_out_ap_vld       |  out|    1|      ap_vld|                                                              data_V_478_out|       pointer|
|data_V_477_out              |  out|   16|      ap_vld|                                                              data_V_477_out|       pointer|
|data_V_477_out_ap_vld       |  out|    1|      ap_vld|                                                              data_V_477_out|       pointer|
|data_V_476_out              |  out|   16|      ap_vld|                                                              data_V_476_out|       pointer|
|data_V_476_out_ap_vld       |  out|    1|      ap_vld|                                                              data_V_476_out|       pointer|
|data_V_475_out              |  out|   16|      ap_vld|                                                              data_V_475_out|       pointer|
|data_V_475_out_ap_vld       |  out|    1|      ap_vld|                                                              data_V_475_out|       pointer|
|data_V_474_out              |  out|   16|      ap_vld|                                                              data_V_474_out|       pointer|
|data_V_474_out_ap_vld       |  out|    1|      ap_vld|                                                              data_V_474_out|       pointer|
|data_V_473_out              |  out|   16|      ap_vld|                                                              data_V_473_out|       pointer|
|data_V_473_out_ap_vld       |  out|    1|      ap_vld|                                                              data_V_473_out|       pointer|
|data_V_472_out              |  out|   16|      ap_vld|                                                              data_V_472_out|       pointer|
|data_V_472_out_ap_vld       |  out|    1|      ap_vld|                                                              data_V_472_out|       pointer|
|data_V_471_out              |  out|   16|      ap_vld|                                                              data_V_471_out|       pointer|
|data_V_471_out_ap_vld       |  out|    1|      ap_vld|                                                              data_V_471_out|       pointer|
|data_V_470_out              |  out|   16|      ap_vld|                                                              data_V_470_out|       pointer|
|data_V_470_out_ap_vld       |  out|    1|      ap_vld|                                                              data_V_470_out|       pointer|
|data_V_469_out              |  out|   16|      ap_vld|                                                              data_V_469_out|       pointer|
|data_V_469_out_ap_vld       |  out|    1|      ap_vld|                                                              data_V_469_out|       pointer|
|data_V_468_out              |  out|   16|      ap_vld|                                                              data_V_468_out|       pointer|
|data_V_468_out_ap_vld       |  out|    1|      ap_vld|                                                              data_V_468_out|       pointer|
|data_V_467_out              |  out|   16|      ap_vld|                                                              data_V_467_out|       pointer|
|data_V_467_out_ap_vld       |  out|    1|      ap_vld|                                                              data_V_467_out|       pointer|
|data_V_466_out              |  out|   16|      ap_vld|                                                              data_V_466_out|       pointer|
|data_V_466_out_ap_vld       |  out|    1|      ap_vld|                                                              data_V_466_out|       pointer|
|data_V_465_out              |  out|   16|      ap_vld|                                                              data_V_465_out|       pointer|
|data_V_465_out_ap_vld       |  out|    1|      ap_vld|                                                              data_V_465_out|       pointer|
|data_V_464_out              |  out|   16|      ap_vld|                                                              data_V_464_out|       pointer|
|data_V_464_out_ap_vld       |  out|    1|      ap_vld|                                                              data_V_464_out|       pointer|
|data_V_463_out              |  out|   16|      ap_vld|                                                              data_V_463_out|       pointer|
|data_V_463_out_ap_vld       |  out|    1|      ap_vld|                                                              data_V_463_out|       pointer|
|data_V_462_out              |  out|   16|      ap_vld|                                                              data_V_462_out|       pointer|
|data_V_462_out_ap_vld       |  out|    1|      ap_vld|                                                              data_V_462_out|       pointer|
|data_V_461_out              |  out|   16|      ap_vld|                                                              data_V_461_out|       pointer|
|data_V_461_out_ap_vld       |  out|    1|      ap_vld|                                                              data_V_461_out|       pointer|
|data_V_460_out              |  out|   16|      ap_vld|                                                              data_V_460_out|       pointer|
|data_V_460_out_ap_vld       |  out|    1|      ap_vld|                                                              data_V_460_out|       pointer|
|data_V_459_out              |  out|   16|      ap_vld|                                                              data_V_459_out|       pointer|
|data_V_459_out_ap_vld       |  out|    1|      ap_vld|                                                              data_V_459_out|       pointer|
|data_V_458_out              |  out|   16|      ap_vld|                                                              data_V_458_out|       pointer|
|data_V_458_out_ap_vld       |  out|    1|      ap_vld|                                                              data_V_458_out|       pointer|
|data_V_457_out              |  out|   16|      ap_vld|                                                              data_V_457_out|       pointer|
|data_V_457_out_ap_vld       |  out|    1|      ap_vld|                                                              data_V_457_out|       pointer|
|data_V_456_out              |  out|   16|      ap_vld|                                                              data_V_456_out|       pointer|
|data_V_456_out_ap_vld       |  out|    1|      ap_vld|                                                              data_V_456_out|       pointer|
|data_V_455_out              |  out|   16|      ap_vld|                                                              data_V_455_out|       pointer|
|data_V_455_out_ap_vld       |  out|    1|      ap_vld|                                                              data_V_455_out|       pointer|
|data_V_454_out              |  out|   16|      ap_vld|                                                              data_V_454_out|       pointer|
|data_V_454_out_ap_vld       |  out|    1|      ap_vld|                                                              data_V_454_out|       pointer|
|data_V_453_out              |  out|   16|      ap_vld|                                                              data_V_453_out|       pointer|
|data_V_453_out_ap_vld       |  out|    1|      ap_vld|                                                              data_V_453_out|       pointer|
|data_V_452_out              |  out|   16|      ap_vld|                                                              data_V_452_out|       pointer|
|data_V_452_out_ap_vld       |  out|    1|      ap_vld|                                                              data_V_452_out|       pointer|
|data_V_451_out              |  out|   16|      ap_vld|                                                              data_V_451_out|       pointer|
|data_V_451_out_ap_vld       |  out|    1|      ap_vld|                                                              data_V_451_out|       pointer|
|data_V_450_out              |  out|   16|      ap_vld|                                                              data_V_450_out|       pointer|
|data_V_450_out_ap_vld       |  out|    1|      ap_vld|                                                              data_V_450_out|       pointer|
|data_V_449_out              |  out|   16|      ap_vld|                                                              data_V_449_out|       pointer|
|data_V_449_out_ap_vld       |  out|    1|      ap_vld|                                                              data_V_449_out|       pointer|
|data_V_448_out              |  out|   16|      ap_vld|                                                              data_V_448_out|       pointer|
|data_V_448_out_ap_vld       |  out|    1|      ap_vld|                                                              data_V_448_out|       pointer|
|data_V_447_out              |  out|   16|      ap_vld|                                                              data_V_447_out|       pointer|
|data_V_447_out_ap_vld       |  out|    1|      ap_vld|                                                              data_V_447_out|       pointer|
|data_V_446_out              |  out|   16|      ap_vld|                                                              data_V_446_out|       pointer|
|data_V_446_out_ap_vld       |  out|    1|      ap_vld|                                                              data_V_446_out|       pointer|
|data_V_445_out              |  out|   16|      ap_vld|                                                              data_V_445_out|       pointer|
|data_V_445_out_ap_vld       |  out|    1|      ap_vld|                                                              data_V_445_out|       pointer|
|data_V_444_out              |  out|   16|      ap_vld|                                                              data_V_444_out|       pointer|
|data_V_444_out_ap_vld       |  out|    1|      ap_vld|                                                              data_V_444_out|       pointer|
|data_V_443_out              |  out|   16|      ap_vld|                                                              data_V_443_out|       pointer|
|data_V_443_out_ap_vld       |  out|    1|      ap_vld|                                                              data_V_443_out|       pointer|
|data_V_442_out              |  out|   16|      ap_vld|                                                              data_V_442_out|       pointer|
|data_V_442_out_ap_vld       |  out|    1|      ap_vld|                                                              data_V_442_out|       pointer|
|data_V_441_out              |  out|   16|      ap_vld|                                                              data_V_441_out|       pointer|
|data_V_441_out_ap_vld       |  out|    1|      ap_vld|                                                              data_V_441_out|       pointer|
|data_V_440_out              |  out|   16|      ap_vld|                                                              data_V_440_out|       pointer|
|data_V_440_out_ap_vld       |  out|    1|      ap_vld|                                                              data_V_440_out|       pointer|
|data_V_439_out              |  out|   16|      ap_vld|                                                              data_V_439_out|       pointer|
|data_V_439_out_ap_vld       |  out|    1|      ap_vld|                                                              data_V_439_out|       pointer|
|data_V_438_out              |  out|   16|      ap_vld|                                                              data_V_438_out|       pointer|
|data_V_438_out_ap_vld       |  out|    1|      ap_vld|                                                              data_V_438_out|       pointer|
|data_V_437_out              |  out|   16|      ap_vld|                                                              data_V_437_out|       pointer|
|data_V_437_out_ap_vld       |  out|    1|      ap_vld|                                                              data_V_437_out|       pointer|
|data_V_436_out              |  out|   16|      ap_vld|                                                              data_V_436_out|       pointer|
|data_V_436_out_ap_vld       |  out|    1|      ap_vld|                                                              data_V_436_out|       pointer|
|data_V_435_out              |  out|   16|      ap_vld|                                                              data_V_435_out|       pointer|
|data_V_435_out_ap_vld       |  out|    1|      ap_vld|                                                              data_V_435_out|       pointer|
|data_V_434_out              |  out|   16|      ap_vld|                                                              data_V_434_out|       pointer|
|data_V_434_out_ap_vld       |  out|    1|      ap_vld|                                                              data_V_434_out|       pointer|
|data_V_433_out              |  out|   16|      ap_vld|                                                              data_V_433_out|       pointer|
|data_V_433_out_ap_vld       |  out|    1|      ap_vld|                                                              data_V_433_out|       pointer|
|data_V_432_out              |  out|   16|      ap_vld|                                                              data_V_432_out|       pointer|
|data_V_432_out_ap_vld       |  out|    1|      ap_vld|                                                              data_V_432_out|       pointer|
|data_V_431_out              |  out|   16|      ap_vld|                                                              data_V_431_out|       pointer|
|data_V_431_out_ap_vld       |  out|    1|      ap_vld|                                                              data_V_431_out|       pointer|
|data_V_430_out              |  out|   16|      ap_vld|                                                              data_V_430_out|       pointer|
|data_V_430_out_ap_vld       |  out|    1|      ap_vld|                                                              data_V_430_out|       pointer|
|data_V_429_out              |  out|   16|      ap_vld|                                                              data_V_429_out|       pointer|
|data_V_429_out_ap_vld       |  out|    1|      ap_vld|                                                              data_V_429_out|       pointer|
|data_V_428_out              |  out|   16|      ap_vld|                                                              data_V_428_out|       pointer|
|data_V_428_out_ap_vld       |  out|    1|      ap_vld|                                                              data_V_428_out|       pointer|
|data_V_427_out              |  out|   16|      ap_vld|                                                              data_V_427_out|       pointer|
|data_V_427_out_ap_vld       |  out|    1|      ap_vld|                                                              data_V_427_out|       pointer|
|data_V_426_out              |  out|   16|      ap_vld|                                                              data_V_426_out|       pointer|
|data_V_426_out_ap_vld       |  out|    1|      ap_vld|                                                              data_V_426_out|       pointer|
|data_V_425_out              |  out|   16|      ap_vld|                                                              data_V_425_out|       pointer|
|data_V_425_out_ap_vld       |  out|    1|      ap_vld|                                                              data_V_425_out|       pointer|
|data_V_424_out              |  out|   16|      ap_vld|                                                              data_V_424_out|       pointer|
|data_V_424_out_ap_vld       |  out|    1|      ap_vld|                                                              data_V_424_out|       pointer|
|data_V_423_out              |  out|   16|      ap_vld|                                                              data_V_423_out|       pointer|
|data_V_423_out_ap_vld       |  out|    1|      ap_vld|                                                              data_V_423_out|       pointer|
|data_V_422_out              |  out|   16|      ap_vld|                                                              data_V_422_out|       pointer|
|data_V_422_out_ap_vld       |  out|    1|      ap_vld|                                                              data_V_422_out|       pointer|
|data_V_421_out              |  out|   16|      ap_vld|                                                              data_V_421_out|       pointer|
|data_V_421_out_ap_vld       |  out|    1|      ap_vld|                                                              data_V_421_out|       pointer|
|data_V_420_out              |  out|   16|      ap_vld|                                                              data_V_420_out|       pointer|
|data_V_420_out_ap_vld       |  out|    1|      ap_vld|                                                              data_V_420_out|       pointer|
|data_V_419_out              |  out|   16|      ap_vld|                                                              data_V_419_out|       pointer|
|data_V_419_out_ap_vld       |  out|    1|      ap_vld|                                                              data_V_419_out|       pointer|
|data_V_418_out              |  out|   16|      ap_vld|                                                              data_V_418_out|       pointer|
|data_V_418_out_ap_vld       |  out|    1|      ap_vld|                                                              data_V_418_out|       pointer|
|data_V_417_out              |  out|   16|      ap_vld|                                                              data_V_417_out|       pointer|
|data_V_417_out_ap_vld       |  out|    1|      ap_vld|                                                              data_V_417_out|       pointer|
|data_V_416_out              |  out|   16|      ap_vld|                                                              data_V_416_out|       pointer|
|data_V_416_out_ap_vld       |  out|    1|      ap_vld|                                                              data_V_416_out|       pointer|
|data_V_415_out              |  out|   16|      ap_vld|                                                              data_V_415_out|       pointer|
|data_V_415_out_ap_vld       |  out|    1|      ap_vld|                                                              data_V_415_out|       pointer|
|data_V_414_out              |  out|   16|      ap_vld|                                                              data_V_414_out|       pointer|
|data_V_414_out_ap_vld       |  out|    1|      ap_vld|                                                              data_V_414_out|       pointer|
|data_V_413_out              |  out|   16|      ap_vld|                                                              data_V_413_out|       pointer|
|data_V_413_out_ap_vld       |  out|    1|      ap_vld|                                                              data_V_413_out|       pointer|
|data_V_412_out              |  out|   16|      ap_vld|                                                              data_V_412_out|       pointer|
|data_V_412_out_ap_vld       |  out|    1|      ap_vld|                                                              data_V_412_out|       pointer|
|data_V_411_out              |  out|   16|      ap_vld|                                                              data_V_411_out|       pointer|
|data_V_411_out_ap_vld       |  out|    1|      ap_vld|                                                              data_V_411_out|       pointer|
|data_V_410_out              |  out|   16|      ap_vld|                                                              data_V_410_out|       pointer|
|data_V_410_out_ap_vld       |  out|    1|      ap_vld|                                                              data_V_410_out|       pointer|
|data_V_409_out              |  out|   16|      ap_vld|                                                              data_V_409_out|       pointer|
|data_V_409_out_ap_vld       |  out|    1|      ap_vld|                                                              data_V_409_out|       pointer|
|data_V_408_out              |  out|   16|      ap_vld|                                                              data_V_408_out|       pointer|
|data_V_408_out_ap_vld       |  out|    1|      ap_vld|                                                              data_V_408_out|       pointer|
|data_V_407_out              |  out|   16|      ap_vld|                                                              data_V_407_out|       pointer|
|data_V_407_out_ap_vld       |  out|    1|      ap_vld|                                                              data_V_407_out|       pointer|
|data_V_406_out              |  out|   16|      ap_vld|                                                              data_V_406_out|       pointer|
|data_V_406_out_ap_vld       |  out|    1|      ap_vld|                                                              data_V_406_out|       pointer|
|data_V_405_out              |  out|   16|      ap_vld|                                                              data_V_405_out|       pointer|
|data_V_405_out_ap_vld       |  out|    1|      ap_vld|                                                              data_V_405_out|       pointer|
|data_V_404_out              |  out|   16|      ap_vld|                                                              data_V_404_out|       pointer|
|data_V_404_out_ap_vld       |  out|    1|      ap_vld|                                                              data_V_404_out|       pointer|
|data_V_403_out              |  out|   16|      ap_vld|                                                              data_V_403_out|       pointer|
|data_V_403_out_ap_vld       |  out|    1|      ap_vld|                                                              data_V_403_out|       pointer|
|data_V_402_out              |  out|   16|      ap_vld|                                                              data_V_402_out|       pointer|
|data_V_402_out_ap_vld       |  out|    1|      ap_vld|                                                              data_V_402_out|       pointer|
|data_V_401_out              |  out|   16|      ap_vld|                                                              data_V_401_out|       pointer|
|data_V_401_out_ap_vld       |  out|    1|      ap_vld|                                                              data_V_401_out|       pointer|
|data_V_400_out              |  out|   16|      ap_vld|                                                              data_V_400_out|       pointer|
|data_V_400_out_ap_vld       |  out|    1|      ap_vld|                                                              data_V_400_out|       pointer|
|data_V_399_out              |  out|   16|      ap_vld|                                                              data_V_399_out|       pointer|
|data_V_399_out_ap_vld       |  out|    1|      ap_vld|                                                              data_V_399_out|       pointer|
|data_V_398_out              |  out|   16|      ap_vld|                                                              data_V_398_out|       pointer|
|data_V_398_out_ap_vld       |  out|    1|      ap_vld|                                                              data_V_398_out|       pointer|
|data_V_397_out              |  out|   16|      ap_vld|                                                              data_V_397_out|       pointer|
|data_V_397_out_ap_vld       |  out|    1|      ap_vld|                                                              data_V_397_out|       pointer|
|data_V_396_out              |  out|   16|      ap_vld|                                                              data_V_396_out|       pointer|
|data_V_396_out_ap_vld       |  out|    1|      ap_vld|                                                              data_V_396_out|       pointer|
|data_V_395_out              |  out|   16|      ap_vld|                                                              data_V_395_out|       pointer|
|data_V_395_out_ap_vld       |  out|    1|      ap_vld|                                                              data_V_395_out|       pointer|
|data_V_394_out              |  out|   16|      ap_vld|                                                              data_V_394_out|       pointer|
|data_V_394_out_ap_vld       |  out|    1|      ap_vld|                                                              data_V_394_out|       pointer|
|data_V_393_out              |  out|   16|      ap_vld|                                                              data_V_393_out|       pointer|
|data_V_393_out_ap_vld       |  out|    1|      ap_vld|                                                              data_V_393_out|       pointer|
|data_V_392_out              |  out|   16|      ap_vld|                                                              data_V_392_out|       pointer|
|data_V_392_out_ap_vld       |  out|    1|      ap_vld|                                                              data_V_392_out|       pointer|
|data_V_391_out              |  out|   16|      ap_vld|                                                              data_V_391_out|       pointer|
|data_V_391_out_ap_vld       |  out|    1|      ap_vld|                                                              data_V_391_out|       pointer|
|data_V_390_out              |  out|   16|      ap_vld|                                                              data_V_390_out|       pointer|
|data_V_390_out_ap_vld       |  out|    1|      ap_vld|                                                              data_V_390_out|       pointer|
|data_V_389_out              |  out|   16|      ap_vld|                                                              data_V_389_out|       pointer|
|data_V_389_out_ap_vld       |  out|    1|      ap_vld|                                                              data_V_389_out|       pointer|
|data_V_388_out              |  out|   16|      ap_vld|                                                              data_V_388_out|       pointer|
|data_V_388_out_ap_vld       |  out|    1|      ap_vld|                                                              data_V_388_out|       pointer|
|data_V_387_out              |  out|   16|      ap_vld|                                                              data_V_387_out|       pointer|
|data_V_387_out_ap_vld       |  out|    1|      ap_vld|                                                              data_V_387_out|       pointer|
|data_V_386_out              |  out|   16|      ap_vld|                                                              data_V_386_out|       pointer|
|data_V_386_out_ap_vld       |  out|    1|      ap_vld|                                                              data_V_386_out|       pointer|
|data_V_385_out              |  out|   16|      ap_vld|                                                              data_V_385_out|       pointer|
|data_V_385_out_ap_vld       |  out|    1|      ap_vld|                                                              data_V_385_out|       pointer|
|data_V_384_out              |  out|   16|      ap_vld|                                                              data_V_384_out|       pointer|
|data_V_384_out_ap_vld       |  out|    1|      ap_vld|                                                              data_V_384_out|       pointer|
|data_V_383_out              |  out|   16|      ap_vld|                                                              data_V_383_out|       pointer|
|data_V_383_out_ap_vld       |  out|    1|      ap_vld|                                                              data_V_383_out|       pointer|
|data_V_382_out              |  out|   16|      ap_vld|                                                              data_V_382_out|       pointer|
|data_V_382_out_ap_vld       |  out|    1|      ap_vld|                                                              data_V_382_out|       pointer|
|data_V_381_out              |  out|   16|      ap_vld|                                                              data_V_381_out|       pointer|
|data_V_381_out_ap_vld       |  out|    1|      ap_vld|                                                              data_V_381_out|       pointer|
|data_V_380_out              |  out|   16|      ap_vld|                                                              data_V_380_out|       pointer|
|data_V_380_out_ap_vld       |  out|    1|      ap_vld|                                                              data_V_380_out|       pointer|
|data_V_379_out              |  out|   16|      ap_vld|                                                              data_V_379_out|       pointer|
|data_V_379_out_ap_vld       |  out|    1|      ap_vld|                                                              data_V_379_out|       pointer|
|data_V_378_out              |  out|   16|      ap_vld|                                                              data_V_378_out|       pointer|
|data_V_378_out_ap_vld       |  out|    1|      ap_vld|                                                              data_V_378_out|       pointer|
|data_V_377_out              |  out|   16|      ap_vld|                                                              data_V_377_out|       pointer|
|data_V_377_out_ap_vld       |  out|    1|      ap_vld|                                                              data_V_377_out|       pointer|
|data_V_376_out              |  out|   16|      ap_vld|                                                              data_V_376_out|       pointer|
|data_V_376_out_ap_vld       |  out|    1|      ap_vld|                                                              data_V_376_out|       pointer|
|data_V_375_out              |  out|   16|      ap_vld|                                                              data_V_375_out|       pointer|
|data_V_375_out_ap_vld       |  out|    1|      ap_vld|                                                              data_V_375_out|       pointer|
|data_V_374_out              |  out|   16|      ap_vld|                                                              data_V_374_out|       pointer|
|data_V_374_out_ap_vld       |  out|    1|      ap_vld|                                                              data_V_374_out|       pointer|
|data_V_373_out              |  out|   16|      ap_vld|                                                              data_V_373_out|       pointer|
|data_V_373_out_ap_vld       |  out|    1|      ap_vld|                                                              data_V_373_out|       pointer|
|data_V_372_out              |  out|   16|      ap_vld|                                                              data_V_372_out|       pointer|
|data_V_372_out_ap_vld       |  out|    1|      ap_vld|                                                              data_V_372_out|       pointer|
|data_V_371_out              |  out|   16|      ap_vld|                                                              data_V_371_out|       pointer|
|data_V_371_out_ap_vld       |  out|    1|      ap_vld|                                                              data_V_371_out|       pointer|
|data_V_370_out              |  out|   16|      ap_vld|                                                              data_V_370_out|       pointer|
|data_V_370_out_ap_vld       |  out|    1|      ap_vld|                                                              data_V_370_out|       pointer|
|data_V_369_out              |  out|   16|      ap_vld|                                                              data_V_369_out|       pointer|
|data_V_369_out_ap_vld       |  out|    1|      ap_vld|                                                              data_V_369_out|       pointer|
|data_V_368_out              |  out|   16|      ap_vld|                                                              data_V_368_out|       pointer|
|data_V_368_out_ap_vld       |  out|    1|      ap_vld|                                                              data_V_368_out|       pointer|
|data_V_367_out              |  out|   16|      ap_vld|                                                              data_V_367_out|       pointer|
|data_V_367_out_ap_vld       |  out|    1|      ap_vld|                                                              data_V_367_out|       pointer|
|data_V_366_out              |  out|   16|      ap_vld|                                                              data_V_366_out|       pointer|
|data_V_366_out_ap_vld       |  out|    1|      ap_vld|                                                              data_V_366_out|       pointer|
|data_V_365_out              |  out|   16|      ap_vld|                                                              data_V_365_out|       pointer|
|data_V_365_out_ap_vld       |  out|    1|      ap_vld|                                                              data_V_365_out|       pointer|
|data_V_364_out              |  out|   16|      ap_vld|                                                              data_V_364_out|       pointer|
|data_V_364_out_ap_vld       |  out|    1|      ap_vld|                                                              data_V_364_out|       pointer|
|data_V_363_out              |  out|   16|      ap_vld|                                                              data_V_363_out|       pointer|
|data_V_363_out_ap_vld       |  out|    1|      ap_vld|                                                              data_V_363_out|       pointer|
|data_V_362_out              |  out|   16|      ap_vld|                                                              data_V_362_out|       pointer|
|data_V_362_out_ap_vld       |  out|    1|      ap_vld|                                                              data_V_362_out|       pointer|
|data_V_361_out              |  out|   16|      ap_vld|                                                              data_V_361_out|       pointer|
|data_V_361_out_ap_vld       |  out|    1|      ap_vld|                                                              data_V_361_out|       pointer|
|data_V_360_out              |  out|   16|      ap_vld|                                                              data_V_360_out|       pointer|
|data_V_360_out_ap_vld       |  out|    1|      ap_vld|                                                              data_V_360_out|       pointer|
|data_V_359_out              |  out|   16|      ap_vld|                                                              data_V_359_out|       pointer|
|data_V_359_out_ap_vld       |  out|    1|      ap_vld|                                                              data_V_359_out|       pointer|
|data_V_358_out              |  out|   16|      ap_vld|                                                              data_V_358_out|       pointer|
|data_V_358_out_ap_vld       |  out|    1|      ap_vld|                                                              data_V_358_out|       pointer|
|data_V_357_out              |  out|   16|      ap_vld|                                                              data_V_357_out|       pointer|
|data_V_357_out_ap_vld       |  out|    1|      ap_vld|                                                              data_V_357_out|       pointer|
|data_V_356_out              |  out|   16|      ap_vld|                                                              data_V_356_out|       pointer|
|data_V_356_out_ap_vld       |  out|    1|      ap_vld|                                                              data_V_356_out|       pointer|
|data_V_355_out              |  out|   16|      ap_vld|                                                              data_V_355_out|       pointer|
|data_V_355_out_ap_vld       |  out|    1|      ap_vld|                                                              data_V_355_out|       pointer|
|data_V_354_out              |  out|   16|      ap_vld|                                                              data_V_354_out|       pointer|
|data_V_354_out_ap_vld       |  out|    1|      ap_vld|                                                              data_V_354_out|       pointer|
|data_V_353_out              |  out|   16|      ap_vld|                                                              data_V_353_out|       pointer|
|data_V_353_out_ap_vld       |  out|    1|      ap_vld|                                                              data_V_353_out|       pointer|
|data_V_352_out              |  out|   16|      ap_vld|                                                              data_V_352_out|       pointer|
|data_V_352_out_ap_vld       |  out|    1|      ap_vld|                                                              data_V_352_out|       pointer|
|data_V_351_out              |  out|   16|      ap_vld|                                                              data_V_351_out|       pointer|
|data_V_351_out_ap_vld       |  out|    1|      ap_vld|                                                              data_V_351_out|       pointer|
|data_V_350_out              |  out|   16|      ap_vld|                                                              data_V_350_out|       pointer|
|data_V_350_out_ap_vld       |  out|    1|      ap_vld|                                                              data_V_350_out|       pointer|
|data_V_349_out              |  out|   16|      ap_vld|                                                              data_V_349_out|       pointer|
|data_V_349_out_ap_vld       |  out|    1|      ap_vld|                                                              data_V_349_out|       pointer|
|data_V_348_out              |  out|   16|      ap_vld|                                                              data_V_348_out|       pointer|
|data_V_348_out_ap_vld       |  out|    1|      ap_vld|                                                              data_V_348_out|       pointer|
|data_V_347_out              |  out|   16|      ap_vld|                                                              data_V_347_out|       pointer|
|data_V_347_out_ap_vld       |  out|    1|      ap_vld|                                                              data_V_347_out|       pointer|
|data_V_346_out              |  out|   16|      ap_vld|                                                              data_V_346_out|       pointer|
|data_V_346_out_ap_vld       |  out|    1|      ap_vld|                                                              data_V_346_out|       pointer|
|data_V_345_out              |  out|   16|      ap_vld|                                                              data_V_345_out|       pointer|
|data_V_345_out_ap_vld       |  out|    1|      ap_vld|                                                              data_V_345_out|       pointer|
|data_V_344_out              |  out|   16|      ap_vld|                                                              data_V_344_out|       pointer|
|data_V_344_out_ap_vld       |  out|    1|      ap_vld|                                                              data_V_344_out|       pointer|
|data_V_343_out              |  out|   16|      ap_vld|                                                              data_V_343_out|       pointer|
|data_V_343_out_ap_vld       |  out|    1|      ap_vld|                                                              data_V_343_out|       pointer|
|data_V_342_out              |  out|   16|      ap_vld|                                                              data_V_342_out|       pointer|
|data_V_342_out_ap_vld       |  out|    1|      ap_vld|                                                              data_V_342_out|       pointer|
|data_V_341_out              |  out|   16|      ap_vld|                                                              data_V_341_out|       pointer|
|data_V_341_out_ap_vld       |  out|    1|      ap_vld|                                                              data_V_341_out|       pointer|
|data_V_340_out              |  out|   16|      ap_vld|                                                              data_V_340_out|       pointer|
|data_V_340_out_ap_vld       |  out|    1|      ap_vld|                                                              data_V_340_out|       pointer|
|data_V_339_out              |  out|   16|      ap_vld|                                                              data_V_339_out|       pointer|
|data_V_339_out_ap_vld       |  out|    1|      ap_vld|                                                              data_V_339_out|       pointer|
|data_V_338_out              |  out|   16|      ap_vld|                                                              data_V_338_out|       pointer|
|data_V_338_out_ap_vld       |  out|    1|      ap_vld|                                                              data_V_338_out|       pointer|
|data_V_337_out              |  out|   16|      ap_vld|                                                              data_V_337_out|       pointer|
|data_V_337_out_ap_vld       |  out|    1|      ap_vld|                                                              data_V_337_out|       pointer|
|data_V_336_out              |  out|   16|      ap_vld|                                                              data_V_336_out|       pointer|
|data_V_336_out_ap_vld       |  out|    1|      ap_vld|                                                              data_V_336_out|       pointer|
|data_V_335_out              |  out|   16|      ap_vld|                                                              data_V_335_out|       pointer|
|data_V_335_out_ap_vld       |  out|    1|      ap_vld|                                                              data_V_335_out|       pointer|
|data_V_334_out              |  out|   16|      ap_vld|                                                              data_V_334_out|       pointer|
|data_V_334_out_ap_vld       |  out|    1|      ap_vld|                                                              data_V_334_out|       pointer|
|data_V_333_out              |  out|   16|      ap_vld|                                                              data_V_333_out|       pointer|
|data_V_333_out_ap_vld       |  out|    1|      ap_vld|                                                              data_V_333_out|       pointer|
|data_V_332_out              |  out|   16|      ap_vld|                                                              data_V_332_out|       pointer|
|data_V_332_out_ap_vld       |  out|    1|      ap_vld|                                                              data_V_332_out|       pointer|
|data_V_331_out              |  out|   16|      ap_vld|                                                              data_V_331_out|       pointer|
|data_V_331_out_ap_vld       |  out|    1|      ap_vld|                                                              data_V_331_out|       pointer|
|data_V_330_out              |  out|   16|      ap_vld|                                                              data_V_330_out|       pointer|
|data_V_330_out_ap_vld       |  out|    1|      ap_vld|                                                              data_V_330_out|       pointer|
|data_V_329_out              |  out|   16|      ap_vld|                                                              data_V_329_out|       pointer|
|data_V_329_out_ap_vld       |  out|    1|      ap_vld|                                                              data_V_329_out|       pointer|
|data_V_328_out              |  out|   16|      ap_vld|                                                              data_V_328_out|       pointer|
|data_V_328_out_ap_vld       |  out|    1|      ap_vld|                                                              data_V_328_out|       pointer|
|data_V_327_out              |  out|   16|      ap_vld|                                                              data_V_327_out|       pointer|
|data_V_327_out_ap_vld       |  out|    1|      ap_vld|                                                              data_V_327_out|       pointer|
|data_V_326_out              |  out|   16|      ap_vld|                                                              data_V_326_out|       pointer|
|data_V_326_out_ap_vld       |  out|    1|      ap_vld|                                                              data_V_326_out|       pointer|
|data_V_325_out              |  out|   16|      ap_vld|                                                              data_V_325_out|       pointer|
|data_V_325_out_ap_vld       |  out|    1|      ap_vld|                                                              data_V_325_out|       pointer|
|data_V_324_out              |  out|   16|      ap_vld|                                                              data_V_324_out|       pointer|
|data_V_324_out_ap_vld       |  out|    1|      ap_vld|                                                              data_V_324_out|       pointer|
|data_V_323_out              |  out|   16|      ap_vld|                                                              data_V_323_out|       pointer|
|data_V_323_out_ap_vld       |  out|    1|      ap_vld|                                                              data_V_323_out|       pointer|
|data_V_322_out              |  out|   16|      ap_vld|                                                              data_V_322_out|       pointer|
|data_V_322_out_ap_vld       |  out|    1|      ap_vld|                                                              data_V_322_out|       pointer|
|data_V_321_out              |  out|   16|      ap_vld|                                                              data_V_321_out|       pointer|
|data_V_321_out_ap_vld       |  out|    1|      ap_vld|                                                              data_V_321_out|       pointer|
|data_V_320_out              |  out|   16|      ap_vld|                                                              data_V_320_out|       pointer|
|data_V_320_out_ap_vld       |  out|    1|      ap_vld|                                                              data_V_320_out|       pointer|
|data_V_319_out              |  out|   16|      ap_vld|                                                              data_V_319_out|       pointer|
|data_V_319_out_ap_vld       |  out|    1|      ap_vld|                                                              data_V_319_out|       pointer|
|data_V_318_out              |  out|   16|      ap_vld|                                                              data_V_318_out|       pointer|
|data_V_318_out_ap_vld       |  out|    1|      ap_vld|                                                              data_V_318_out|       pointer|
|data_V_317_out              |  out|   16|      ap_vld|                                                              data_V_317_out|       pointer|
|data_V_317_out_ap_vld       |  out|    1|      ap_vld|                                                              data_V_317_out|       pointer|
|data_V_316_out              |  out|   16|      ap_vld|                                                              data_V_316_out|       pointer|
|data_V_316_out_ap_vld       |  out|    1|      ap_vld|                                                              data_V_316_out|       pointer|
|data_V_315_out              |  out|   16|      ap_vld|                                                              data_V_315_out|       pointer|
|data_V_315_out_ap_vld       |  out|    1|      ap_vld|                                                              data_V_315_out|       pointer|
|data_V_314_out              |  out|   16|      ap_vld|                                                              data_V_314_out|       pointer|
|data_V_314_out_ap_vld       |  out|    1|      ap_vld|                                                              data_V_314_out|       pointer|
|data_V_313_out              |  out|   16|      ap_vld|                                                              data_V_313_out|       pointer|
|data_V_313_out_ap_vld       |  out|    1|      ap_vld|                                                              data_V_313_out|       pointer|
|data_V_312_out              |  out|   16|      ap_vld|                                                              data_V_312_out|       pointer|
|data_V_312_out_ap_vld       |  out|    1|      ap_vld|                                                              data_V_312_out|       pointer|
|data_V_311_out              |  out|   16|      ap_vld|                                                              data_V_311_out|       pointer|
|data_V_311_out_ap_vld       |  out|    1|      ap_vld|                                                              data_V_311_out|       pointer|
|data_V_310_out              |  out|   16|      ap_vld|                                                              data_V_310_out|       pointer|
|data_V_310_out_ap_vld       |  out|    1|      ap_vld|                                                              data_V_310_out|       pointer|
|data_V_309_out              |  out|   16|      ap_vld|                                                              data_V_309_out|       pointer|
|data_V_309_out_ap_vld       |  out|    1|      ap_vld|                                                              data_V_309_out|       pointer|
|data_V_308_out              |  out|   16|      ap_vld|                                                              data_V_308_out|       pointer|
|data_V_308_out_ap_vld       |  out|    1|      ap_vld|                                                              data_V_308_out|       pointer|
|data_V_307_out              |  out|   16|      ap_vld|                                                              data_V_307_out|       pointer|
|data_V_307_out_ap_vld       |  out|    1|      ap_vld|                                                              data_V_307_out|       pointer|
|data_V_306_out              |  out|   16|      ap_vld|                                                              data_V_306_out|       pointer|
|data_V_306_out_ap_vld       |  out|    1|      ap_vld|                                                              data_V_306_out|       pointer|
|data_V_305_out              |  out|   16|      ap_vld|                                                              data_V_305_out|       pointer|
|data_V_305_out_ap_vld       |  out|    1|      ap_vld|                                                              data_V_305_out|       pointer|
|data_V_304_out              |  out|   16|      ap_vld|                                                              data_V_304_out|       pointer|
|data_V_304_out_ap_vld       |  out|    1|      ap_vld|                                                              data_V_304_out|       pointer|
|data_V_303_out              |  out|   16|      ap_vld|                                                              data_V_303_out|       pointer|
|data_V_303_out_ap_vld       |  out|    1|      ap_vld|                                                              data_V_303_out|       pointer|
|data_V_302_out              |  out|   16|      ap_vld|                                                              data_V_302_out|       pointer|
|data_V_302_out_ap_vld       |  out|    1|      ap_vld|                                                              data_V_302_out|       pointer|
|data_V_301_out              |  out|   16|      ap_vld|                                                              data_V_301_out|       pointer|
|data_V_301_out_ap_vld       |  out|    1|      ap_vld|                                                              data_V_301_out|       pointer|
|data_V_300_out              |  out|   16|      ap_vld|                                                              data_V_300_out|       pointer|
|data_V_300_out_ap_vld       |  out|    1|      ap_vld|                                                              data_V_300_out|       pointer|
|data_V_299_out              |  out|   16|      ap_vld|                                                              data_V_299_out|       pointer|
|data_V_299_out_ap_vld       |  out|    1|      ap_vld|                                                              data_V_299_out|       pointer|
|data_V_298_out              |  out|   16|      ap_vld|                                                              data_V_298_out|       pointer|
|data_V_298_out_ap_vld       |  out|    1|      ap_vld|                                                              data_V_298_out|       pointer|
|data_V_297_out              |  out|   16|      ap_vld|                                                              data_V_297_out|       pointer|
|data_V_297_out_ap_vld       |  out|    1|      ap_vld|                                                              data_V_297_out|       pointer|
|data_V_296_out              |  out|   16|      ap_vld|                                                              data_V_296_out|       pointer|
|data_V_296_out_ap_vld       |  out|    1|      ap_vld|                                                              data_V_296_out|       pointer|
|data_V_295_out              |  out|   16|      ap_vld|                                                              data_V_295_out|       pointer|
|data_V_295_out_ap_vld       |  out|    1|      ap_vld|                                                              data_V_295_out|       pointer|
|data_V_294_out              |  out|   16|      ap_vld|                                                              data_V_294_out|       pointer|
|data_V_294_out_ap_vld       |  out|    1|      ap_vld|                                                              data_V_294_out|       pointer|
|data_V_293_out              |  out|   16|      ap_vld|                                                              data_V_293_out|       pointer|
|data_V_293_out_ap_vld       |  out|    1|      ap_vld|                                                              data_V_293_out|       pointer|
|data_V_292_out              |  out|   16|      ap_vld|                                                              data_V_292_out|       pointer|
|data_V_292_out_ap_vld       |  out|    1|      ap_vld|                                                              data_V_292_out|       pointer|
|data_V_291_out              |  out|   16|      ap_vld|                                                              data_V_291_out|       pointer|
|data_V_291_out_ap_vld       |  out|    1|      ap_vld|                                                              data_V_291_out|       pointer|
|data_V_290_out              |  out|   16|      ap_vld|                                                              data_V_290_out|       pointer|
|data_V_290_out_ap_vld       |  out|    1|      ap_vld|                                                              data_V_290_out|       pointer|
|data_V_289_out              |  out|   16|      ap_vld|                                                              data_V_289_out|       pointer|
|data_V_289_out_ap_vld       |  out|    1|      ap_vld|                                                              data_V_289_out|       pointer|
|data_V_288_out              |  out|   16|      ap_vld|                                                              data_V_288_out|       pointer|
|data_V_288_out_ap_vld       |  out|    1|      ap_vld|                                                              data_V_288_out|       pointer|
|data_V_287_out              |  out|   16|      ap_vld|                                                              data_V_287_out|       pointer|
|data_V_287_out_ap_vld       |  out|    1|      ap_vld|                                                              data_V_287_out|       pointer|
|data_V_286_out              |  out|   16|      ap_vld|                                                              data_V_286_out|       pointer|
|data_V_286_out_ap_vld       |  out|    1|      ap_vld|                                                              data_V_286_out|       pointer|
|data_V_285_out              |  out|   16|      ap_vld|                                                              data_V_285_out|       pointer|
|data_V_285_out_ap_vld       |  out|    1|      ap_vld|                                                              data_V_285_out|       pointer|
|data_V_284_out              |  out|   16|      ap_vld|                                                              data_V_284_out|       pointer|
|data_V_284_out_ap_vld       |  out|    1|      ap_vld|                                                              data_V_284_out|       pointer|
|data_V_283_out              |  out|   16|      ap_vld|                                                              data_V_283_out|       pointer|
|data_V_283_out_ap_vld       |  out|    1|      ap_vld|                                                              data_V_283_out|       pointer|
|data_V_282_out              |  out|   16|      ap_vld|                                                              data_V_282_out|       pointer|
|data_V_282_out_ap_vld       |  out|    1|      ap_vld|                                                              data_V_282_out|       pointer|
|data_V_281_out              |  out|   16|      ap_vld|                                                              data_V_281_out|       pointer|
|data_V_281_out_ap_vld       |  out|    1|      ap_vld|                                                              data_V_281_out|       pointer|
|data_V_280_out              |  out|   16|      ap_vld|                                                              data_V_280_out|       pointer|
|data_V_280_out_ap_vld       |  out|    1|      ap_vld|                                                              data_V_280_out|       pointer|
|data_V_279_out              |  out|   16|      ap_vld|                                                              data_V_279_out|       pointer|
|data_V_279_out_ap_vld       |  out|    1|      ap_vld|                                                              data_V_279_out|       pointer|
|data_V_278_out              |  out|   16|      ap_vld|                                                              data_V_278_out|       pointer|
|data_V_278_out_ap_vld       |  out|    1|      ap_vld|                                                              data_V_278_out|       pointer|
|data_V_277_out              |  out|   16|      ap_vld|                                                              data_V_277_out|       pointer|
|data_V_277_out_ap_vld       |  out|    1|      ap_vld|                                                              data_V_277_out|       pointer|
|data_V_276_out              |  out|   16|      ap_vld|                                                              data_V_276_out|       pointer|
|data_V_276_out_ap_vld       |  out|    1|      ap_vld|                                                              data_V_276_out|       pointer|
|data_V_275_out              |  out|   16|      ap_vld|                                                              data_V_275_out|       pointer|
|data_V_275_out_ap_vld       |  out|    1|      ap_vld|                                                              data_V_275_out|       pointer|
|data_V_274_out              |  out|   16|      ap_vld|                                                              data_V_274_out|       pointer|
|data_V_274_out_ap_vld       |  out|    1|      ap_vld|                                                              data_V_274_out|       pointer|
|data_V_273_out              |  out|   16|      ap_vld|                                                              data_V_273_out|       pointer|
|data_V_273_out_ap_vld       |  out|    1|      ap_vld|                                                              data_V_273_out|       pointer|
|data_V_272_out              |  out|   16|      ap_vld|                                                              data_V_272_out|       pointer|
|data_V_272_out_ap_vld       |  out|    1|      ap_vld|                                                              data_V_272_out|       pointer|
|data_V_271_out              |  out|   16|      ap_vld|                                                              data_V_271_out|       pointer|
|data_V_271_out_ap_vld       |  out|    1|      ap_vld|                                                              data_V_271_out|       pointer|
|data_V_270_out              |  out|   16|      ap_vld|                                                              data_V_270_out|       pointer|
|data_V_270_out_ap_vld       |  out|    1|      ap_vld|                                                              data_V_270_out|       pointer|
|data_V_269_out              |  out|   16|      ap_vld|                                                              data_V_269_out|       pointer|
|data_V_269_out_ap_vld       |  out|    1|      ap_vld|                                                              data_V_269_out|       pointer|
|data_V_268_out              |  out|   16|      ap_vld|                                                              data_V_268_out|       pointer|
|data_V_268_out_ap_vld       |  out|    1|      ap_vld|                                                              data_V_268_out|       pointer|
|data_V_267_out              |  out|   16|      ap_vld|                                                              data_V_267_out|       pointer|
|data_V_267_out_ap_vld       |  out|    1|      ap_vld|                                                              data_V_267_out|       pointer|
|data_V_266_out              |  out|   16|      ap_vld|                                                              data_V_266_out|       pointer|
|data_V_266_out_ap_vld       |  out|    1|      ap_vld|                                                              data_V_266_out|       pointer|
|data_V_265_out              |  out|   16|      ap_vld|                                                              data_V_265_out|       pointer|
|data_V_265_out_ap_vld       |  out|    1|      ap_vld|                                                              data_V_265_out|       pointer|
|data_V_264_out              |  out|   16|      ap_vld|                                                              data_V_264_out|       pointer|
|data_V_264_out_ap_vld       |  out|    1|      ap_vld|                                                              data_V_264_out|       pointer|
|data_V_263_out              |  out|   16|      ap_vld|                                                              data_V_263_out|       pointer|
|data_V_263_out_ap_vld       |  out|    1|      ap_vld|                                                              data_V_263_out|       pointer|
|data_V_262_out              |  out|   16|      ap_vld|                                                              data_V_262_out|       pointer|
|data_V_262_out_ap_vld       |  out|    1|      ap_vld|                                                              data_V_262_out|       pointer|
|data_V_261_out              |  out|   16|      ap_vld|                                                              data_V_261_out|       pointer|
|data_V_261_out_ap_vld       |  out|    1|      ap_vld|                                                              data_V_261_out|       pointer|
|data_V_260_out              |  out|   16|      ap_vld|                                                              data_V_260_out|       pointer|
|data_V_260_out_ap_vld       |  out|    1|      ap_vld|                                                              data_V_260_out|       pointer|
|data_V_259_out              |  out|   16|      ap_vld|                                                              data_V_259_out|       pointer|
|data_V_259_out_ap_vld       |  out|    1|      ap_vld|                                                              data_V_259_out|       pointer|
|data_V_258_out              |  out|   16|      ap_vld|                                                              data_V_258_out|       pointer|
|data_V_258_out_ap_vld       |  out|    1|      ap_vld|                                                              data_V_258_out|       pointer|
|data_V_257_out              |  out|   16|      ap_vld|                                                              data_V_257_out|       pointer|
|data_V_257_out_ap_vld       |  out|    1|      ap_vld|                                                              data_V_257_out|       pointer|
|data_V_256_out              |  out|   16|      ap_vld|                                                              data_V_256_out|       pointer|
|data_V_256_out_ap_vld       |  out|    1|      ap_vld|                                                              data_V_256_out|       pointer|
|data_V_out                  |  out|   16|      ap_vld|                                                                  data_V_out|       pointer|
|data_V_out_ap_vld           |  out|    1|      ap_vld|                                                                  data_V_out|       pointer|
+----------------------------+-----+-----+------------+----------------------------------------------------------------------------+--------------+

