

================================================================
== Vitis HLS Report for 'dense_array_ap_fixed_16u_array_ap_fixed_16_6_5_3_0_10u_config30_s'
================================================================
* Date:           Tue Jun 13 19:58:54 2023

* Version:        2022.1 (Build 3526262 on Mon Apr 18 15:47:01 MDT 2022)
* Project:        AlexNet_Cifar10_Keras_prj
* Solution:       solution1 (Vivado IP Flow Target)
* Product family: zynquplus
* Target device:  xczu7ev-ffvc1156-2-e


================================================================
== Performance Estimates
================================================================
+ Timing: 
    * Summary: 
    +--------+---------+----------+------------+
    |  Clock |  Target | Estimated| Uncertainty|
    +--------+---------+----------+------------+
    |ap_clk  |  5.00 ns|  4.218 ns|     0.62 ns|
    +--------+---------+----------+------------+

+ Latency: 
    * Summary: 
    +---------+---------+-----------+-----------+-----+-----+---------+
    |  Latency (cycles) |   Latency (absolute)  |  Interval | Pipeline|
    |   min   |   max   |    min    |    max    | min | max |   Type  |
    +---------+---------+-----------+-----------+-----+-----+---------+
    |        2|        2|  10.000 ns|  10.000 ns|    2|    2|       no|
    +---------+---------+-----------+-----------+-----+-----+---------+

    + Detail: 
        * Instance: 
        N/A

        * Loop: 
        N/A



================================================================
== Utilization Estimates
================================================================
* Summary: 
+-----------------+---------+------+--------+--------+-----+
|       Name      | BRAM_18K|  DSP |   FF   |   LUT  | URAM|
+-----------------+---------+------+--------+--------+-----+
|DSP              |        -|     -|       -|       -|    -|
|Expression       |        -|     -|       0|    3570|    -|
|FIFO             |        -|     -|       -|       -|    -|
|Instance         |        -|   140|       0|     700|    -|
|Memory           |        -|     -|       -|       -|    -|
|Multiplexer      |        -|     -|       -|      56|    -|
|Register         |        -|     -|     964|       -|    -|
+-----------------+---------+------+--------+--------+-----+
|Total            |        0|   140|     964|    4326|    0|
+-----------------+---------+------+--------+--------+-----+
|Available        |      624|  1728|  460800|  230400|   96|
+-----------------+---------+------+--------+--------+-----+
|Utilization (%)  |        0|     8|      ~0|       1|    0|
+-----------------+---------+------+--------+--------+-----+

+ Detail: 
    * Instance: 
    +---------------------------+---------------------+---------+----+---+----+-----+
    |          Instance         |        Module       | BRAM_18K| DSP| FF| LUT| URAM|
    +---------------------------+---------------------+---------+----+---+----+-----+
    |mul_16s_10ns_26_1_1_U6659  |mul_16s_10ns_26_1_1  |        0|   1|  0|   5|    0|
    |mul_16s_10ns_26_1_1_U6660  |mul_16s_10ns_26_1_1  |        0|   1|  0|   5|    0|
    |mul_16s_10ns_26_1_1_U6663  |mul_16s_10ns_26_1_1  |        0|   1|  0|   5|    0|
    |mul_16s_10ns_26_1_1_U6677  |mul_16s_10ns_26_1_1  |        0|   1|  0|   5|    0|
    |mul_16s_10ns_26_1_1_U6690  |mul_16s_10ns_26_1_1  |        0|   1|  0|   5|    0|
    |mul_16s_10ns_26_1_1_U6721  |mul_16s_10ns_26_1_1  |        0|   1|  0|   5|    0|
    |mul_16s_10ns_26_1_1_U6733  |mul_16s_10ns_26_1_1  |        0|   1|  0|   5|    0|
    |mul_16s_10ns_26_1_1_U6746  |mul_16s_10ns_26_1_1  |        0|   1|  0|   5|    0|
    |mul_16s_10ns_26_1_1_U6756  |mul_16s_10ns_26_1_1  |        0|   1|  0|   5|    0|
    |mul_16s_10ns_26_1_1_U6772  |mul_16s_10ns_26_1_1  |        0|   1|  0|   5|    0|
    |mul_16s_10ns_26_1_1_U6782  |mul_16s_10ns_26_1_1  |        0|   1|  0|   5|    0|
    |mul_16s_10ns_26_1_1_U6791  |mul_16s_10ns_26_1_1  |        0|   1|  0|   5|    0|
    |mul_16s_10ns_26_1_1_U6794  |mul_16s_10ns_26_1_1  |        0|   1|  0|   5|    0|
    |mul_16s_10s_26_1_1_U6657   |mul_16s_10s_26_1_1   |        0|   1|  0|   5|    0|
    |mul_16s_10s_26_1_1_U6671   |mul_16s_10s_26_1_1   |        0|   1|  0|   5|    0|
    |mul_16s_10s_26_1_1_U6673   |mul_16s_10s_26_1_1   |        0|   1|  0|   5|    0|
    |mul_16s_10s_26_1_1_U6682   |mul_16s_10s_26_1_1   |        0|   1|  0|   5|    0|
    |mul_16s_10s_26_1_1_U6683   |mul_16s_10s_26_1_1   |        0|   1|  0|   5|    0|
    |mul_16s_10s_26_1_1_U6685   |mul_16s_10s_26_1_1   |        0|   1|  0|   5|    0|
    |mul_16s_10s_26_1_1_U6688   |mul_16s_10s_26_1_1   |        0|   1|  0|   5|    0|
    |mul_16s_10s_26_1_1_U6703   |mul_16s_10s_26_1_1   |        0|   1|  0|   5|    0|
    |mul_16s_10s_26_1_1_U6722   |mul_16s_10s_26_1_1   |        0|   1|  0|   5|    0|
    |mul_16s_10s_26_1_1_U6723   |mul_16s_10s_26_1_1   |        0|   1|  0|   5|    0|
    |mul_16s_10s_26_1_1_U6726   |mul_16s_10s_26_1_1   |        0|   1|  0|   5|    0|
    |mul_16s_10s_26_1_1_U6727   |mul_16s_10s_26_1_1   |        0|   1|  0|   5|    0|
    |mul_16s_10s_26_1_1_U6745   |mul_16s_10s_26_1_1   |        0|   1|  0|   5|    0|
    |mul_16s_10s_26_1_1_U6758   |mul_16s_10s_26_1_1   |        0|   1|  0|   5|    0|
    |mul_16s_10s_26_1_1_U6759   |mul_16s_10s_26_1_1   |        0|   1|  0|   5|    0|
    |mul_16s_10s_26_1_1_U6764   |mul_16s_10s_26_1_1   |        0|   1|  0|   5|    0|
    |mul_16s_10s_26_1_1_U6769   |mul_16s_10s_26_1_1   |        0|   1|  0|   5|    0|
    |mul_16s_10s_26_1_1_U6786   |mul_16s_10s_26_1_1   |        0|   1|  0|   5|    0|
    |mul_16s_10s_26_1_1_U6787   |mul_16s_10s_26_1_1   |        0|   1|  0|   5|    0|
    |mul_16s_10s_26_1_1_U6788   |mul_16s_10s_26_1_1   |        0|   1|  0|   5|    0|
    |mul_16s_10s_26_1_1_U6796   |mul_16s_10s_26_1_1   |        0|   1|  0|   5|    0|
    |mul_16s_11ns_26_1_1_U6661  |mul_16s_11ns_26_1_1  |        0|   1|  0|   5|    0|
    |mul_16s_11ns_26_1_1_U6667  |mul_16s_11ns_26_1_1  |        0|   1|  0|   5|    0|
    |mul_16s_11ns_26_1_1_U6674  |mul_16s_11ns_26_1_1  |        0|   1|  0|   5|    0|
    |mul_16s_11ns_26_1_1_U6678  |mul_16s_11ns_26_1_1  |        0|   1|  0|   5|    0|
    |mul_16s_11ns_26_1_1_U6680  |mul_16s_11ns_26_1_1  |        0|   1|  0|   5|    0|
    |mul_16s_11ns_26_1_1_U6687  |mul_16s_11ns_26_1_1  |        0|   1|  0|   5|    0|
    |mul_16s_11ns_26_1_1_U6694  |mul_16s_11ns_26_1_1  |        0|   1|  0|   5|    0|
    |mul_16s_11ns_26_1_1_U6695  |mul_16s_11ns_26_1_1  |        0|   1|  0|   5|    0|
    |mul_16s_11ns_26_1_1_U6701  |mul_16s_11ns_26_1_1  |        0|   1|  0|   5|    0|
    |mul_16s_11ns_26_1_1_U6702  |mul_16s_11ns_26_1_1  |        0|   1|  0|   5|    0|
    |mul_16s_11ns_26_1_1_U6710  |mul_16s_11ns_26_1_1  |        0|   1|  0|   5|    0|
    |mul_16s_11ns_26_1_1_U6714  |mul_16s_11ns_26_1_1  |        0|   1|  0|   5|    0|
    |mul_16s_11ns_26_1_1_U6716  |mul_16s_11ns_26_1_1  |        0|   1|  0|   5|    0|
    |mul_16s_11ns_26_1_1_U6720  |mul_16s_11ns_26_1_1  |        0|   1|  0|   5|    0|
    |mul_16s_11ns_26_1_1_U6734  |mul_16s_11ns_26_1_1  |        0|   1|  0|   5|    0|
    |mul_16s_11ns_26_1_1_U6735  |mul_16s_11ns_26_1_1  |        0|   1|  0|   5|    0|
    |mul_16s_11ns_26_1_1_U6740  |mul_16s_11ns_26_1_1  |        0|   1|  0|   5|    0|
    |mul_16s_11ns_26_1_1_U6742  |mul_16s_11ns_26_1_1  |        0|   1|  0|   5|    0|
    |mul_16s_11ns_26_1_1_U6747  |mul_16s_11ns_26_1_1  |        0|   1|  0|   5|    0|
    |mul_16s_11ns_26_1_1_U6757  |mul_16s_11ns_26_1_1  |        0|   1|  0|   5|    0|
    |mul_16s_11ns_26_1_1_U6766  |mul_16s_11ns_26_1_1  |        0|   1|  0|   5|    0|
    |mul_16s_11ns_26_1_1_U6771  |mul_16s_11ns_26_1_1  |        0|   1|  0|   5|    0|
    |mul_16s_11ns_26_1_1_U6774  |mul_16s_11ns_26_1_1  |        0|   1|  0|   5|    0|
    |mul_16s_11ns_26_1_1_U6778  |mul_16s_11ns_26_1_1  |        0|   1|  0|   5|    0|
    |mul_16s_11ns_26_1_1_U6793  |mul_16s_11ns_26_1_1  |        0|   1|  0|   5|    0|
    |mul_16s_11s_26_1_1_U6658   |mul_16s_11s_26_1_1   |        0|   1|  0|   5|    0|
    |mul_16s_11s_26_1_1_U6672   |mul_16s_11s_26_1_1   |        0|   1|  0|   5|    0|
    |mul_16s_11s_26_1_1_U6675   |mul_16s_11s_26_1_1   |        0|   1|  0|   5|    0|
    |mul_16s_11s_26_1_1_U6679   |mul_16s_11s_26_1_1   |        0|   1|  0|   5|    0|
    |mul_16s_11s_26_1_1_U6684   |mul_16s_11s_26_1_1   |        0|   1|  0|   5|    0|
    |mul_16s_11s_26_1_1_U6696   |mul_16s_11s_26_1_1   |        0|   1|  0|   5|    0|
    |mul_16s_11s_26_1_1_U6697   |mul_16s_11s_26_1_1   |        0|   1|  0|   5|    0|
    |mul_16s_11s_26_1_1_U6699   |mul_16s_11s_26_1_1   |        0|   1|  0|   5|    0|
    |mul_16s_11s_26_1_1_U6704   |mul_16s_11s_26_1_1   |        0|   1|  0|   5|    0|
    |mul_16s_11s_26_1_1_U6729   |mul_16s_11s_26_1_1   |        0|   1|  0|   5|    0|
    |mul_16s_11s_26_1_1_U6730   |mul_16s_11s_26_1_1   |        0|   1|  0|   5|    0|
    |mul_16s_11s_26_1_1_U6732   |mul_16s_11s_26_1_1   |        0|   1|  0|   5|    0|
    |mul_16s_11s_26_1_1_U6738   |mul_16s_11s_26_1_1   |        0|   1|  0|   5|    0|
    |mul_16s_11s_26_1_1_U6743   |mul_16s_11s_26_1_1   |        0|   1|  0|   5|    0|
    |mul_16s_11s_26_1_1_U6748   |mul_16s_11s_26_1_1   |        0|   1|  0|   5|    0|
    |mul_16s_11s_26_1_1_U6749   |mul_16s_11s_26_1_1   |        0|   1|  0|   5|    0|
    |mul_16s_11s_26_1_1_U6754   |mul_16s_11s_26_1_1   |        0|   1|  0|   5|    0|
    |mul_16s_11s_26_1_1_U6777   |mul_16s_11s_26_1_1   |        0|   1|  0|   5|    0|
    |mul_16s_11s_26_1_1_U6779   |mul_16s_11s_26_1_1   |        0|   1|  0|   5|    0|
    |mul_16s_11s_26_1_1_U6781   |mul_16s_11s_26_1_1   |        0|   1|  0|   5|    0|
    |mul_16s_11s_26_1_1_U6783   |mul_16s_11s_26_1_1   |        0|   1|  0|   5|    0|
    |mul_16s_12ns_26_1_1_U6712  |mul_16s_12ns_26_1_1  |        0|   1|  0|   5|    0|
    |mul_16s_12ns_26_1_1_U6717  |mul_16s_12ns_26_1_1  |        0|   1|  0|   5|    0|
    |mul_16s_12ns_26_1_1_U6719  |mul_16s_12ns_26_1_1  |        0|   1|  0|   5|    0|
    |mul_16s_12ns_26_1_1_U6728  |mul_16s_12ns_26_1_1  |        0|   1|  0|   5|    0|
    |mul_16s_12ns_26_1_1_U6744  |mul_16s_12ns_26_1_1  |        0|   1|  0|   5|    0|
    |mul_16s_12ns_26_1_1_U6752  |mul_16s_12ns_26_1_1  |        0|   1|  0|   5|    0|
    |mul_16s_12ns_26_1_1_U6761  |mul_16s_12ns_26_1_1  |        0|   1|  0|   5|    0|
    |mul_16s_12ns_26_1_1_U6780  |mul_16s_12ns_26_1_1  |        0|   1|  0|   5|    0|
    |mul_16s_12ns_26_1_1_U6785  |mul_16s_12ns_26_1_1  |        0|   1|  0|   5|    0|
    |mul_16s_12ns_26_1_1_U6790  |mul_16s_12ns_26_1_1  |        0|   1|  0|   5|    0|
    |mul_16s_12s_26_1_1_U6669   |mul_16s_12s_26_1_1   |        0|   1|  0|   5|    0|
    |mul_16s_12s_26_1_1_U6676   |mul_16s_12s_26_1_1   |        0|   1|  0|   5|    0|
    |mul_16s_12s_26_1_1_U6711   |mul_16s_12s_26_1_1   |        0|   1|  0|   5|    0|
    |mul_16s_12s_26_1_1_U6741   |mul_16s_12s_26_1_1   |        0|   1|  0|   5|    0|
    |mul_16s_12s_26_1_1_U6760   |mul_16s_12s_26_1_1   |        0|   1|  0|   5|    0|
    |mul_16s_5ns_21_1_1_U6715   |mul_16s_5ns_21_1_1   |        0|   1|  0|   5|    0|
    |mul_16s_5s_21_1_1_U6755    |mul_16s_5s_21_1_1    |        0|   1|  0|   5|    0|
    |mul_16s_6s_22_1_1_U6789    |mul_16s_6s_22_1_1    |        0|   1|  0|   5|    0|
    |mul_16s_7ns_23_1_1_U6670   |mul_16s_7ns_23_1_1   |        0|   1|  0|   5|    0|
    |mul_16s_7ns_23_1_1_U6706   |mul_16s_7ns_23_1_1   |        0|   1|  0|   5|    0|
    |mul_16s_7ns_23_1_1_U6718   |mul_16s_7ns_23_1_1   |        0|   1|  0|   5|    0|
    |mul_16s_7ns_23_1_1_U6737   |mul_16s_7ns_23_1_1   |        0|   1|  0|   5|    0|
    |mul_16s_7ns_23_1_1_U6739   |mul_16s_7ns_23_1_1   |        0|   1|  0|   5|    0|
    |mul_16s_7ns_23_1_1_U6750   |mul_16s_7ns_23_1_1   |        0|   1|  0|   5|    0|
    |mul_16s_7s_23_1_1_U6784    |mul_16s_7s_23_1_1    |        0|   1|  0|   5|    0|
    |mul_16s_7s_23_1_1_U6795    |mul_16s_7s_23_1_1    |        0|   1|  0|   5|    0|
    |mul_16s_8ns_24_1_1_U6662   |mul_16s_8ns_24_1_1   |        0|   1|  0|   5|    0|
    |mul_16s_8ns_24_1_1_U6725   |mul_16s_8ns_24_1_1   |        0|   1|  0|   5|    0|
    |mul_16s_8ns_24_1_1_U6736   |mul_16s_8ns_24_1_1   |        0|   1|  0|   5|    0|
    |mul_16s_8s_24_1_1_U6665    |mul_16s_8s_24_1_1    |        0|   1|  0|   5|    0|
    |mul_16s_8s_24_1_1_U6666    |mul_16s_8s_24_1_1    |        0|   1|  0|   5|    0|
    |mul_16s_8s_24_1_1_U6692    |mul_16s_8s_24_1_1    |        0|   1|  0|   5|    0|
    |mul_16s_8s_24_1_1_U6705    |mul_16s_8s_24_1_1    |        0|   1|  0|   5|    0|
    |mul_16s_8s_24_1_1_U6773    |mul_16s_8s_24_1_1    |        0|   1|  0|   5|    0|
    |mul_16s_8s_24_1_1_U6776    |mul_16s_8s_24_1_1    |        0|   1|  0|   5|    0|
    |mul_16s_9ns_25_1_1_U6668   |mul_16s_9ns_25_1_1   |        0|   1|  0|   5|    0|
    |mul_16s_9ns_25_1_1_U6681   |mul_16s_9ns_25_1_1   |        0|   1|  0|   5|    0|
    |mul_16s_9ns_25_1_1_U6693   |mul_16s_9ns_25_1_1   |        0|   1|  0|   5|    0|
    |mul_16s_9ns_25_1_1_U6707   |mul_16s_9ns_25_1_1   |        0|   1|  0|   5|    0|
    |mul_16s_9ns_25_1_1_U6708   |mul_16s_9ns_25_1_1   |        0|   1|  0|   5|    0|
    |mul_16s_9ns_25_1_1_U6709   |mul_16s_9ns_25_1_1   |        0|   1|  0|   5|    0|
    |mul_16s_9ns_25_1_1_U6713   |mul_16s_9ns_25_1_1   |        0|   1|  0|   5|    0|
    |mul_16s_9ns_25_1_1_U6751   |mul_16s_9ns_25_1_1   |        0|   1|  0|   5|    0|
    |mul_16s_9ns_25_1_1_U6753   |mul_16s_9ns_25_1_1   |        0|   1|  0|   5|    0|
    |mul_16s_9ns_25_1_1_U6762   |mul_16s_9ns_25_1_1   |        0|   1|  0|   5|    0|
    |mul_16s_9ns_25_1_1_U6763   |mul_16s_9ns_25_1_1   |        0|   1|  0|   5|    0|
    |mul_16s_9ns_25_1_1_U6770   |mul_16s_9ns_25_1_1   |        0|   1|  0|   5|    0|
    |mul_16s_9ns_25_1_1_U6792   |mul_16s_9ns_25_1_1   |        0|   1|  0|   5|    0|
    |mul_16s_9s_25_1_1_U6664    |mul_16s_9s_25_1_1    |        0|   1|  0|   5|    0|
    |mul_16s_9s_25_1_1_U6686    |mul_16s_9s_25_1_1    |        0|   1|  0|   5|    0|
    |mul_16s_9s_25_1_1_U6689    |mul_16s_9s_25_1_1    |        0|   1|  0|   5|    0|
    |mul_16s_9s_25_1_1_U6691    |mul_16s_9s_25_1_1    |        0|   1|  0|   5|    0|
    |mul_16s_9s_25_1_1_U6698    |mul_16s_9s_25_1_1    |        0|   1|  0|   5|    0|
    |mul_16s_9s_25_1_1_U6700    |mul_16s_9s_25_1_1    |        0|   1|  0|   5|    0|
    |mul_16s_9s_25_1_1_U6724    |mul_16s_9s_25_1_1    |        0|   1|  0|   5|    0|
    |mul_16s_9s_25_1_1_U6731    |mul_16s_9s_25_1_1    |        0|   1|  0|   5|    0|
    |mul_16s_9s_25_1_1_U6765    |mul_16s_9s_25_1_1    |        0|   1|  0|   5|    0|
    |mul_16s_9s_25_1_1_U6767    |mul_16s_9s_25_1_1    |        0|   1|  0|   5|    0|
    |mul_16s_9s_25_1_1_U6768    |mul_16s_9s_25_1_1    |        0|   1|  0|   5|    0|
    |mul_16s_9s_25_1_1_U6775    |mul_16s_9s_25_1_1    |        0|   1|  0|   5|    0|
    +---------------------------+---------------------+---------+----+---+----+-----+
    |Total                      |                     |        0| 140|  0| 700|    0|
    +---------------------------+---------------------+---------+----+---+----+-----+

    * DSP: 
    N/A

    * Memory: 
    N/A

    * FIFO: 
    N/A

    * Expression: 
    +-----------------------------+----------+----+---+----+------------+------------+
    |        Variable Name        | Operation| DSP| FF| LUT| Bitwidth P0| Bitwidth P1|
    +-----------------------------+----------+----+---+----+------------+------------+
    |add_ln859_4039_fu_88674_p2   |         +|   0|  0|  23|          16|          16|
    |add_ln859_4040_fu_88680_p2   |         +|   0|  0|  16|          16|          16|
    |add_ln859_4041_fu_88686_p2   |         +|   0|  0|  16|          16|          16|
    |add_ln859_4042_fu_88692_p2   |         +|   0|  0|  23|          16|          16|
    |add_ln859_4043_fu_88698_p2   |         +|   0|  0|  16|          16|          16|
    |add_ln859_4044_fu_89608_p2   |         +|   0|  0|  16|          16|          16|
    |add_ln859_4045_fu_88704_p2   |         +|   0|  0|  23|          16|          16|
    |add_ln859_4046_fu_88710_p2   |         +|   0|  0|  23|          16|          16|
    |add_ln859_4047_fu_88716_p2   |         +|   0|  0|  16|          16|          16|
    |add_ln859_4048_fu_88722_p2   |         +|   0|  0|  16|          16|          16|
    |add_ln859_4049_fu_88728_p2   |         +|   0|  0|  18|          11|           9|
    |add_ln859_4050_fu_88738_p2   |         +|   0|  0|  23|          16|          16|
    |add_ln859_4051_fu_88744_p2   |         +|   0|  0|  16|          16|          16|
    |add_ln859_4052_fu_88750_p2   |         +|   0|  0|  16|          16|          16|
    |add_ln859_4054_fu_88756_p2   |         +|   0|  0|  16|          16|          16|
    |add_ln859_4055_fu_88762_p2   |         +|   0|  0|  23|          16|          16|
    |add_ln859_4056_fu_88768_p2   |         +|   0|  0|  16|          16|          16|
    |add_ln859_4057_fu_88774_p2   |         +|   0|  0|  16|          16|          16|
    |add_ln859_4058_fu_88780_p2   |         +|   0|  0|  23|          16|          16|
    |add_ln859_4059_fu_88786_p2   |         +|   0|  0|  16|          16|          16|
    |add_ln859_4060_fu_89617_p2   |         +|   0|  0|  16|          16|          16|
    |add_ln859_4061_fu_88792_p2   |         +|   0|  0|  23|          16|          16|
    |add_ln859_4062_fu_88798_p2   |         +|   0|  0|  23|          16|          16|
    |add_ln859_4063_fu_88804_p2   |         +|   0|  0|  16|          16|          16|
    |add_ln859_4064_fu_88810_p2   |         +|   0|  0|  22|          15|          15|
    |add_ln859_4065_fu_88820_p2   |         +|   0|  0|  20|          13|           8|
    |add_ln859_4066_fu_88830_p2   |         +|   0|  0|  21|          14|          14|
    |add_ln859_4067_fu_88840_p2   |         +|   0|  0|  23|          16|          16|
    |add_ln859_4068_fu_88846_p2   |         +|   0|  0|  16|          16|          16|
    |add_ln859_4070_fu_88852_p2   |         +|   0|  0|  16|          16|          16|
    |add_ln859_4071_fu_88858_p2   |         +|   0|  0|  23|          16|          16|
    |add_ln859_4072_fu_88864_p2   |         +|   0|  0|  16|          16|          16|
    |add_ln859_4073_fu_88870_p2   |         +|   0|  0|  16|          16|          16|
    |add_ln859_4074_fu_88876_p2   |         +|   0|  0|  23|          16|          16|
    |add_ln859_4075_fu_88882_p2   |         +|   0|  0|  16|          16|          16|
    |add_ln859_4076_fu_89626_p2   |         +|   0|  0|  16|          16|          16|
    |add_ln859_4077_fu_88888_p2   |         +|   0|  0|  23|          16|          16|
    |add_ln859_4078_fu_88894_p2   |         +|   0|  0|  23|          16|          16|
    |add_ln859_4079_fu_88900_p2   |         +|   0|  0|  16|          16|          16|
    |add_ln859_4080_fu_88906_p2   |         +|   0|  0|  16|          15|          15|
    |add_ln859_4081_fu_88912_p2   |         +|   0|  0|  18|          11|           8|
    |add_ln859_4082_fu_88922_p2   |         +|   0|  0|  19|          12|          12|
    |add_ln859_4083_fu_88932_p2   |         +|   0|  0|  16|          15|          15|
    |add_ln859_4084_fu_88942_p2   |         +|   0|  0|  16|          16|          16|
    |add_ln859_4086_fu_88948_p2   |         +|   0|  0|  16|          16|          16|
    |add_ln859_4087_fu_88954_p2   |         +|   0|  0|  23|          16|          16|
    |add_ln859_4088_fu_88960_p2   |         +|   0|  0|  16|          16|          16|
    |add_ln859_4089_fu_88966_p2   |         +|   0|  0|  16|          16|          16|
    |add_ln859_4090_fu_88972_p2   |         +|   0|  0|  23|          16|          16|
    |add_ln859_4091_fu_88978_p2   |         +|   0|  0|  16|          16|          16|
    |add_ln859_4092_fu_89635_p2   |         +|   0|  0|  16|          16|          16|
    |add_ln859_4093_fu_88984_p2   |         +|   0|  0|  23|          16|          16|
    |add_ln859_4094_fu_88990_p2   |         +|   0|  0|  23|          16|          16|
    |add_ln859_4095_fu_88996_p2   |         +|   0|  0|  16|          16|          16|
    |add_ln859_4096_fu_89002_p2   |         +|   0|  0|  21|          14|          14|
    |add_ln859_4097_fu_89012_p2   |         +|   0|  0|  20|          13|           7|
    |add_ln859_4098_fu_89022_p2   |         +|   0|  0|  21|          14|          14|
    |add_ln859_4099_fu_89032_p2   |         +|   0|  0|  22|          15|          15|
    |add_ln859_4100_fu_89042_p2   |         +|   0|  0|  16|          16|          16|
    |add_ln859_4102_fu_89048_p2   |         +|   0|  0|  16|          16|          16|
    |add_ln859_4103_fu_89054_p2   |         +|   0|  0|  23|          16|          16|
    |add_ln859_4104_fu_89060_p2   |         +|   0|  0|  16|          16|          16|
    |add_ln859_4105_fu_89066_p2   |         +|   0|  0|  16|          16|          16|
    |add_ln859_4106_fu_89072_p2   |         +|   0|  0|  23|          16|          16|
    |add_ln859_4107_fu_89078_p2   |         +|   0|  0|  16|          16|          16|
    |add_ln859_4108_fu_89644_p2   |         +|   0|  0|  16|          16|          16|
    |add_ln859_4109_fu_89084_p2   |         +|   0|  0|  23|          16|          16|
    |add_ln859_4110_fu_89090_p2   |         +|   0|  0|  23|          16|          16|
    |add_ln859_4111_fu_89648_p2   |         +|   0|  0|  16|          16|          16|
    |add_ln859_4112_fu_89096_p2   |         +|   0|  0|  22|          15|          15|
    |add_ln859_4113_fu_89106_p2   |         +|   0|  0|  17|          10|          10|
    |add_ln859_4114_fu_89116_p2   |         +|   0|  0|  19|          12|          12|
    |add_ln859_4115_fu_89126_p2   |         +|   0|  0|  23|          16|          16|
    |add_ln859_4116_fu_89652_p2   |         +|   0|  0|  16|          16|          16|
    |add_ln859_4118_fu_89132_p2   |         +|   0|  0|  16|          16|          16|
    |add_ln859_4119_fu_89138_p2   |         +|   0|  0|  23|          16|          16|
    |add_ln859_4120_fu_89144_p2   |         +|   0|  0|  16|          16|          16|
    |add_ln859_4121_fu_89150_p2   |         +|   0|  0|  16|          16|          16|
    |add_ln859_4122_fu_89156_p2   |         +|   0|  0|  23|          16|          16|
    |add_ln859_4123_fu_89162_p2   |         +|   0|  0|  16|          16|          16|
    |add_ln859_4124_fu_89663_p2   |         +|   0|  0|  16|          16|          16|
    |add_ln859_4125_fu_89168_p2   |         +|   0|  0|  23|          16|          16|
    |add_ln859_4126_fu_89174_p2   |         +|   0|  0|  23|          16|          16|
    |add_ln859_4127_fu_89180_p2   |         +|   0|  0|  16|          16|          16|
    |add_ln859_4128_fu_89186_p2   |         +|   0|  0|  16|          16|          16|
    |add_ln859_4129_fu_89192_p2   |         +|   0|  0|  21|          14|           9|
    |add_ln859_4130_fu_89202_p2   |         +|   0|  0|  22|          15|          15|
    |add_ln859_4131_fu_89212_p2   |         +|   0|  0|  16|          16|          16|
    |add_ln859_4132_fu_89218_p2   |         +|   0|  0|  16|          16|          16|
    |add_ln859_4134_fu_89224_p2   |         +|   0|  0|  16|          16|          16|
    |add_ln859_4135_fu_89230_p2   |         +|   0|  0|  23|          16|          16|
    |add_ln859_4136_fu_89236_p2   |         +|   0|  0|  16|          16|          16|
    |add_ln859_4137_fu_89242_p2   |         +|   0|  0|  16|          16|          16|
    |add_ln859_4138_fu_89248_p2   |         +|   0|  0|  23|          16|          16|
    |add_ln859_4139_fu_89254_p2   |         +|   0|  0|  16|          16|          16|
    |add_ln859_4140_fu_89672_p2   |         +|   0|  0|  16|          16|          16|
    |add_ln859_4141_fu_89260_p2   |         +|   0|  0|  23|          16|          16|
    |add_ln859_4142_fu_89266_p2   |         +|   0|  0|  23|          16|          16|
    |add_ln859_4143_fu_89272_p2   |         +|   0|  0|  16|          16|          16|
    |add_ln859_4144_fu_89278_p2   |         +|   0|  0|  16|          15|          15|
    |add_ln859_4145_fu_89284_p2   |         +|   0|  0|  19|          12|           9|
    |add_ln859_4146_fu_89294_p2   |         +|   0|  0|  20|          13|          13|
    |add_ln859_4147_fu_89304_p2   |         +|   0|  0|  16|          15|          15|
    |add_ln859_4148_fu_89314_p2   |         +|   0|  0|  16|          16|          16|
    |add_ln859_4150_fu_89320_p2   |         +|   0|  0|  16|          16|          16|
    |add_ln859_4151_fu_89326_p2   |         +|   0|  0|  23|          16|          16|
    |add_ln859_4152_fu_89332_p2   |         +|   0|  0|  16|          16|          16|
    |add_ln859_4153_fu_89338_p2   |         +|   0|  0|  16|          16|          16|
    |add_ln859_4154_fu_89344_p2   |         +|   0|  0|  23|          16|          16|
    |add_ln859_4155_fu_89350_p2   |         +|   0|  0|  16|          16|          16|
    |add_ln859_4156_fu_89681_p2   |         +|   0|  0|  16|          16|          16|
    |add_ln859_4157_fu_89356_p2   |         +|   0|  0|  23|          16|          16|
    |add_ln859_4158_fu_89362_p2   |         +|   0|  0|  23|          16|          16|
    |add_ln859_4159_fu_89368_p2   |         +|   0|  0|  16|          16|          16|
    |add_ln859_4160_fu_89374_p2   |         +|   0|  0|  16|          15|          15|
    |add_ln859_4161_fu_89380_p2   |         +|   0|  0|  15|           8|           8|
    |add_ln859_4162_fu_89390_p2   |         +|   0|  0|  18|          11|          11|
    |add_ln859_4163_fu_89400_p2   |         +|   0|  0|  16|          15|          15|
    |add_ln859_4164_fu_89410_p2   |         +|   0|  0|  16|          16|          16|
    |add_ln859_4166_fu_89416_p2   |         +|   0|  0|  16|          16|          16|
    |add_ln859_4167_fu_89422_p2   |         +|   0|  0|  23|          16|          16|
    |add_ln859_4168_fu_89428_p2   |         +|   0|  0|  16|          16|          16|
    |add_ln859_4169_fu_89434_p2   |         +|   0|  0|  16|          16|          16|
    |add_ln859_4170_fu_89440_p2   |         +|   0|  0|  23|          16|          16|
    |add_ln859_4171_fu_89446_p2   |         +|   0|  0|  16|          16|          16|
    |add_ln859_4172_fu_89690_p2   |         +|   0|  0|  16|          16|          16|
    |add_ln859_4173_fu_89452_p2   |         +|   0|  0|  23|          16|          16|
    |add_ln859_4174_fu_89458_p2   |         +|   0|  0|  22|          15|          15|
    |add_ln859_4175_fu_89468_p2   |         +|   0|  0|  16|          16|          16|
    |add_ln859_4176_fu_89474_p2   |         +|   0|  0|  21|          14|          14|
    |add_ln859_4177_fu_89484_p2   |         +|   0|  0|  20|          13|           9|
    |add_ln859_4178_fu_89494_p2   |         +|   0|  0|  21|          14|          14|
    |add_ln859_4179_fu_89504_p2   |         +|   0|  0|  22|          15|          15|
    |add_ln859_4180_fu_89514_p2   |         +|   0|  0|  16|          16|          16|
    |add_ln859_4182_fu_89520_p2   |         +|   0|  0|  16|          16|          16|
    |add_ln859_4183_fu_89526_p2   |         +|   0|  0|  23|          16|          16|
    |add_ln859_4184_fu_89532_p2   |         +|   0|  0|  16|          16|          16|
    |add_ln859_4185_fu_89538_p2   |         +|   0|  0|  16|          16|          16|
    |add_ln859_4186_fu_89544_p2   |         +|   0|  0|  23|          16|          16|
    |add_ln859_4187_fu_89550_p2   |         +|   0|  0|  16|          16|          16|
    |add_ln859_4188_fu_89699_p2   |         +|   0|  0|  16|          16|          16|
    |add_ln859_4189_fu_89556_p2   |         +|   0|  0|  23|          16|          16|
    |add_ln859_4190_fu_89562_p2   |         +|   0|  0|  23|          16|          16|
    |add_ln859_4191_fu_89568_p2   |         +|   0|  0|  16|          16|          16|
    |add_ln859_4192_fu_89574_p2   |         +|   0|  0|  16|          16|          16|
    |add_ln859_4193_fu_89580_p2   |         +|   0|  0|  20|          13|          12|
    |add_ln859_4194_fu_89590_p2   |         +|   0|  0|  23|          16|          16|
    |add_ln859_4195_fu_89596_p2   |         +|   0|  0|  16|          16|          16|
    |add_ln859_4196_fu_89602_p2   |         +|   0|  0|  16|          16|          16|
    |add_ln859_fu_88668_p2        |         +|   0|  0|  16|          16|          16|
    |r_V_3677_fu_87046_p2         |         +|   0|  0|  30|          23|          23|
    |r_V_3725_fu_88003_p2         |         +|   0|  0|  29|          22|          22|
    |r_V_3728_fu_88046_p2         |         +|   0|  0|  29|          22|          22|
    |r_V_3734_fu_88210_p2         |         +|   0|  0|  30|          23|          23|
    |res_V_16_fu_89621_p2         |         +|   0|  0|  16|          16|          16|
    |res_V_17_fu_89630_p2         |         +|   0|  0|  16|          16|          16|
    |res_V_18_fu_89639_p2         |         +|   0|  0|  16|          16|          16|
    |res_V_19_fu_89657_p2         |         +|   0|  0|  16|          16|          16|
    |res_V_20_fu_89667_p2         |         +|   0|  0|  16|          16|          16|
    |res_V_21_fu_89676_p2         |         +|   0|  0|  16|          16|          16|
    |res_V_22_fu_89685_p2         |         +|   0|  0|  16|          16|          16|
    |res_V_23_fu_89694_p2         |         +|   0|  0|  16|          16|          16|
    |res_V_24_fu_89703_p2         |         +|   0|  0|  16|          16|          16|
    |res_V_fu_89612_p2            |         +|   0|  0|  16|          16|          16|
    |r_V_3644_fu_86344_p2         |         -|   0|  0|  29|          22|          22|
    |r_V_3654_fu_86562_p2         |         -|   0|  0|  33|          26|          26|
    |r_V_3655_fu_86595_p2         |         -|   0|  0|  24|          24|          24|
    |r_V_3660_fu_86733_p2         |         -|   0|  0|  29|          22|          22|
    |r_V_3673_fu_86944_p2         |         -|   0|  0|  31|          24|          24|
    |r_V_3675_fu_86995_p2         |         -|   0|  0|  23|          23|          23|
    |r_V_3694_fu_87393_p2         |         -|   0|  0|  27|          20|          20|
    |r_V_3695_fu_87452_p2         |         -|   0|  0|  28|          21|          21|
    |r_V_3697_fu_87514_p2         |         -|   0|  0|  33|          26|          26|
    |r_V_3720_fu_87878_p2         |         -|   0|  0|  29|          22|          22|
    |r_V_3721_fu_87920_p2         |         -|   0|  0|  32|          25|          25|
    |r_V_3729_fu_88094_p2         |         -|   0|  0|  23|          23|          23|
    |r_V_3732_fu_88155_p2         |         -|   0|  0|  27|          20|          20|
    |r_V_3735_fu_88241_p2         |         -|   0|  0|  26|           1|          19|
    |r_V_3742_fu_88400_p2         |         -|   0|  0|  24|           1|          17|
    |sub_ln1319_1433_fu_86989_p2  |         -|   0|  0|  23|           1|          23|
    |sub_ln1319_1440_fu_88077_p2  |         -|   0|  0|  23|           1|          23|
    |sub_ln1319_fu_86578_p2       |         -|   0|  0|  24|           1|          24|
    |ap_block_state1              |        or|   0|  0|   2|           1|           1|
    +-----------------------------+----------+----+---+----+------------+------------+
    |Total                        |          |   0|  0|3570|        2874|        2946|
    +-----------------------------+----------+----+---+----+------------+------------+

    * Multiplexer: 
    +-------------------+----+-----------+-----+-----------+
    |        Name       | LUT| Input Size| Bits| Total Bits|
    +-------------------+----+-----------+-----+-----------+
    |ap_NS_fsm          |  20|          4|    1|          4|
    |ap_done            |   9|          2|    1|          2|
    |layer29_out_blk_n  |   9|          2|    1|          2|
    |layer30_out_blk_n  |   9|          2|    1|          2|
    |real_start         |   9|          2|    1|          2|
    +-------------------+----+-----------+-----+-----------+
    |Total              |  56|         12|    5|         12|
    +-------------------+----+-----------+-----+-----------+

    * Register: 
    +--------------------------+----+----+-----+-----------+
    |           Name           | FF | LUT| Bits| Const Bits|
    +--------------------------+----+----+-----+-----------+
    |add_ln859_4040_reg_89939  |  16|   0|   16|          0|
    |add_ln859_4043_reg_89944  |  16|   0|   16|          0|
    |add_ln859_4052_reg_89949  |  16|   0|   16|          0|
    |add_ln859_4056_reg_89954  |  16|   0|   16|          0|
    |add_ln859_4059_reg_89959  |  16|   0|   16|          0|
    |add_ln859_4068_reg_89964  |  16|   0|   16|          0|
    |add_ln859_4072_reg_89969  |  16|   0|   16|          0|
    |add_ln859_4075_reg_89974  |  16|   0|   16|          0|
    |add_ln859_4084_reg_89979  |  16|   0|   16|          0|
    |add_ln859_4088_reg_89984  |  16|   0|   16|          0|
    |add_ln859_4091_reg_89989  |  16|   0|   16|          0|
    |add_ln859_4100_reg_89994  |  16|   0|   16|          0|
    |add_ln859_4104_reg_89999  |  16|   0|   16|          0|
    |add_ln859_4107_reg_90004  |  16|   0|   16|          0|
    |add_ln859_4109_reg_90009  |  16|   0|   16|          0|
    |add_ln859_4110_reg_90014  |  16|   0|   16|          0|
    |add_ln859_4115_reg_90019  |  16|   0|   16|          0|
    |add_ln859_4120_reg_90024  |  16|   0|   16|          0|
    |add_ln859_4123_reg_90029  |  16|   0|   16|          0|
    |add_ln859_4132_reg_90034  |  16|   0|   16|          0|
    |add_ln859_4136_reg_90039  |  16|   0|   16|          0|
    |add_ln859_4139_reg_90044  |  16|   0|   16|          0|
    |add_ln859_4148_reg_90049  |  16|   0|   16|          0|
    |add_ln859_4152_reg_90054  |  16|   0|   16|          0|
    |add_ln859_4155_reg_90059  |  16|   0|   16|          0|
    |add_ln859_4164_reg_90064  |  16|   0|   16|          0|
    |add_ln859_4168_reg_90069  |  16|   0|   16|          0|
    |add_ln859_4171_reg_90074  |  16|   0|   16|          0|
    |add_ln859_4180_reg_90079  |  16|   0|   16|          0|
    |add_ln859_4184_reg_90084  |  16|   0|   16|          0|
    |add_ln859_4187_reg_90089  |  16|   0|   16|          0|
    |add_ln859_4196_reg_90094  |  16|   0|   16|          0|
    |ap_CS_fsm                 |   3|   0|    3|          0|
    |ap_done_reg               |   1|   0|    1|          0|
    |data_V_16_reg_89754       |  16|   0|   16|          0|
    |data_V_17_reg_89763       |  16|   0|   16|          0|
    |data_V_18_reg_89772       |  16|   0|   16|          0|
    |data_V_19_reg_89778       |  16|   0|   16|          0|
    |data_V_20_reg_89788       |  16|   0|   16|          0|
    |data_V_21_reg_89795       |  16|   0|   16|          0|
    |data_V_22_reg_89802       |  16|   0|   16|          0|
    |data_V_23_reg_89815       |  16|   0|   16|          0|
    |data_V_24_reg_89821       |  16|   0|   16|          0|
    |data_V_25_reg_89827       |  16|   0|   16|          0|
    |data_V_26_reg_89837       |  16|   0|   16|          0|
    |data_V_27_reg_89847       |  16|   0|   16|          0|
    |data_V_28_reg_89857       |  16|   0|   16|          0|
    |data_V_29_reg_89742       |  16|   0|   16|          0|
    |data_V_30_reg_89749       |  16|   0|   16|          0|
    |data_V_reg_89733          |  16|   0|   16|          0|
    |mult_V_3871_reg_89864     |  11|   0|   11|          0|
    |mult_V_3891_reg_89869     |  13|   0|   13|          0|
    |mult_V_3897_reg_89874     |  13|   0|   13|          0|
    |mult_V_3926_reg_89879     |   7|   0|    7|          0|
    |mult_V_3930_reg_89884     |  13|   0|   13|          0|
    |mult_V_3942_reg_89889     |  13|   0|   13|          0|
    |mult_V_3947_reg_89894     |  13|   0|   13|          0|
    |mult_V_3950_reg_89899     |  14|   0|   14|          0|
    |mult_V_3958_reg_89904     |  12|   0|   12|          0|
    |mult_V_3964_reg_89909     |  13|   0|   13|          0|
    |mult_V_3974_reg_89914     |  13|   0|   13|          0|
    |mult_V_3978_reg_89919     |  15|   0|   15|          0|
    |mult_V_3985_reg_89924     |  11|   0|   11|          0|
    |mult_V_4009_reg_89929     |  15|   0|   15|          0|
    |mult_V_4016_reg_89934     |  15|   0|   15|          0|
    |start_once_reg            |   1|   0|    1|          0|
    +--------------------------+----+----+-----+-----------+
    |Total                     | 964|   0|  964|          0|
    +--------------------------+----+----+-----+-----------+



================================================================
== Interface
================================================================
* Summary: 
+----------------------------+-----+-----+------------+---------------------------------------------------------------------+--------------+
|          RTL Ports         | Dir | Bits|  Protocol  |                            Source Object                            |    C Type    |
+----------------------------+-----+-----+------------+---------------------------------------------------------------------+--------------+
|ap_clk                      |   in|    1|  ap_ctrl_hs|  dense<array<ap_fixed,16u>,array<ap_fixed<16,6,5,3,0>,10u>,config30>|  return value|
|ap_rst                      |   in|    1|  ap_ctrl_hs|  dense<array<ap_fixed,16u>,array<ap_fixed<16,6,5,3,0>,10u>,config30>|  return value|
|ap_start                    |   in|    1|  ap_ctrl_hs|  dense<array<ap_fixed,16u>,array<ap_fixed<16,6,5,3,0>,10u>,config30>|  return value|
|start_full_n                |   in|    1|  ap_ctrl_hs|  dense<array<ap_fixed,16u>,array<ap_fixed<16,6,5,3,0>,10u>,config30>|  return value|
|ap_done                     |  out|    1|  ap_ctrl_hs|  dense<array<ap_fixed,16u>,array<ap_fixed<16,6,5,3,0>,10u>,config30>|  return value|
|ap_continue                 |   in|    1|  ap_ctrl_hs|  dense<array<ap_fixed,16u>,array<ap_fixed<16,6,5,3,0>,10u>,config30>|  return value|
|ap_idle                     |  out|    1|  ap_ctrl_hs|  dense<array<ap_fixed,16u>,array<ap_fixed<16,6,5,3,0>,10u>,config30>|  return value|
|ap_ready                    |  out|    1|  ap_ctrl_hs|  dense<array<ap_fixed,16u>,array<ap_fixed<16,6,5,3,0>,10u>,config30>|  return value|
|start_out                   |  out|    1|  ap_ctrl_hs|  dense<array<ap_fixed,16u>,array<ap_fixed<16,6,5,3,0>,10u>,config30>|  return value|
|start_write                 |  out|    1|  ap_ctrl_hs|  dense<array<ap_fixed,16u>,array<ap_fixed<16,6,5,3,0>,10u>,config30>|  return value|
|layer29_out_dout            |   in|  256|     ap_fifo|                                                          layer29_out|       pointer|
|layer29_out_num_data_valid  |   in|    2|     ap_fifo|                                                          layer29_out|       pointer|
|layer29_out_fifo_cap        |   in|    2|     ap_fifo|                                                          layer29_out|       pointer|
|layer29_out_empty_n         |   in|    1|     ap_fifo|                                                          layer29_out|       pointer|
|layer29_out_read            |  out|    1|     ap_fifo|                                                          layer29_out|       pointer|
|layer30_out_din             |  out|  160|     ap_fifo|                                                          layer30_out|       pointer|
|layer30_out_num_data_valid  |   in|    2|     ap_fifo|                                                          layer30_out|       pointer|
|layer30_out_fifo_cap        |   in|    2|     ap_fifo|                                                          layer30_out|       pointer|
|layer30_out_full_n          |   in|    1|     ap_fifo|                                                          layer30_out|       pointer|
|layer30_out_write           |  out|    1|     ap_fifo|                                                          layer30_out|       pointer|
+----------------------------+-----+-----+------------+---------------------------------------------------------------------+--------------+

