

================================================================
== Vitis HLS Report for 'softmax_stable_array_array_ap_fixed_16_6_5_3_0_10u_softmax_config36_s'
================================================================
* Date:           Tue Jun 13 19:59:06 2023

* Version:        2022.1 (Build 3526262 on Mon Apr 18 15:47:01 MDT 2022)
* Project:        AlexNet_Cifar10_Keras_prj
* Solution:       solution1 (Vivado IP Flow Target)
* Product family: zynquplus
* Target device:  xczu7ev-ffvc1156-2-e


================================================================
== Performance Estimates
================================================================
+ Timing: 
    * Summary: 
    +--------+---------+----------+------------+
    |  Clock |  Target | Estimated| Uncertainty|
    +--------+---------+----------+------------+
    |ap_clk  |  5.00 ns|  4.309 ns|     0.62 ns|
    +--------+---------+----------+------------+

+ Latency: 
    * Summary: 
    +---------+---------+-----------+-----------+-----+-----+---------+
    |  Latency (cycles) |   Latency (absolute)  |  Interval | Pipeline|
    |   min   |   max   |    min    |    max    | min | max |   Type  |
    +---------+---------+-----------+-----------+-----+-----+---------+
    |        6|        6|  30.000 ns|  30.000 ns|    6|    6|       no|
    +---------+---------+-----------+-----------+-----+-----+---------+

    + Detail: 
        * Instance: 
        N/A

        * Loop: 
        N/A



================================================================
== Utilization Estimates
================================================================
* Summary: 
+-----------------+---------+------+--------+--------+-----+
|       Name      | BRAM_18K|  DSP |   FF   |   LUT  | URAM|
+-----------------+---------+------+--------+--------+-----+
|DSP              |        -|     -|       -|       -|    -|
|Expression       |        -|     -|       0|    1507|    -|
|FIFO             |        -|     -|       -|       -|    -|
|Instance         |        -|    10|       0|      50|    -|
|Memory           |       10|     -|       0|       0|    -|
|Multiplexer      |        -|     -|       -|      61|    -|
|Register         |        -|     -|     394|       -|    -|
+-----------------+---------+------+--------+--------+-----+
|Total            |       10|    10|     394|    1618|    0|
+-----------------+---------+------+--------+--------+-----+
|Available        |      624|  1728|  460800|  230400|   96|
+-----------------+---------+------+--------+--------+-----+
|Utilization (%)  |        1|    ~0|      ~0|      ~0|    0|
+-----------------+---------+------+--------+--------+-----+

+ Detail: 
    * Instance: 
    +---------------------------+---------------------+---------+----+---+----+-----+
    |          Instance         |        Module       | BRAM_18K| DSP| FF| LUT| URAM|
    +---------------------------+---------------------+---------+----+---+----+-----+
    |mul_18s_17ns_26_1_1_U6899  |mul_18s_17ns_26_1_1  |        0|   1|  0|   5|    0|
    |mul_18s_17ns_26_1_1_U6900  |mul_18s_17ns_26_1_1  |        0|   1|  0|   5|    0|
    |mul_18s_17ns_26_1_1_U6901  |mul_18s_17ns_26_1_1  |        0|   1|  0|   5|    0|
    |mul_18s_17ns_26_1_1_U6902  |mul_18s_17ns_26_1_1  |        0|   1|  0|   5|    0|
    |mul_18s_17ns_26_1_1_U6903  |mul_18s_17ns_26_1_1  |        0|   1|  0|   5|    0|
    |mul_18s_17ns_26_1_1_U6904  |mul_18s_17ns_26_1_1  |        0|   1|  0|   5|    0|
    |mul_18s_17ns_26_1_1_U6905  |mul_18s_17ns_26_1_1  |        0|   1|  0|   5|    0|
    |mul_18s_17ns_26_1_1_U6906  |mul_18s_17ns_26_1_1  |        0|   1|  0|   5|    0|
    |mul_18s_17ns_26_1_1_U6907  |mul_18s_17ns_26_1_1  |        0|   1|  0|   5|    0|
    |mul_18s_17ns_26_1_1_U6908  |mul_18s_17ns_26_1_1  |        0|   1|  0|   5|    0|
    +---------------------------+---------------------+---------+----+---+----+-----+
    |Total                      |                     |        0|  10|  0|  50|    0|
    +---------------------------+---------------------+---------+----+---+----+-----+

    * DSP: 
    N/A

    * Memory: 
    +----------------+----------------------------------------------------------------------------------+---------+---+----+-----+------+-----+------+-------------+
    |     Memory     |                                      Module                                      | BRAM_18K| FF| LUT| URAM| Words| Bits| Banks| W*Bits*Banks|
    +----------------+----------------------------------------------------------------------------------+---------+---+----+-----+------+-----+------+-------------+
    |exp_table_U     |softmax_stable_array_array_ap_fixed_16_6_5_3_0_10u_softmax_config36_s_exp_tabeBS  |        9|  0|   0|    0|  1024|   17|     1|        17408|
    |invert_table_U  |softmax_stable_array_array_ap_fixed_16_6_5_3_0_10u_softmax_config36_s_invert_eCS  |        1|  0|   0|    0|  1024|   18|     1|        18432|
    +----------------+----------------------------------------------------------------------------------+---------+---+----+-----+------+-----+------+-------------+
    |Total           |                                                                                  |       10|  0|   0|    0|  2048|   35|     2|        35840|
    +----------------+----------------------------------------------------------------------------------+---------+---+----+-----+------+-----+------+-------------+

    * FIFO: 
    N/A

    * Expression: 
    +----------------------------+----------+----+---+----+------------+------------+
    |        Variable Name       | Operation| DSP| FF| LUT| Bitwidth P0| Bitwidth P1|
    +----------------------------+----------+----+---+----+------------+------------+
    |add_ln902_fu_2119_p2        |         +|   0|  0|  24|          17|          17|
    |p_Val2_10_fu_1669_p2        |         +|   0|  0|  25|          18|          18|
    |p_Val2_11_fu_1707_p2        |         +|   0|  0|  25|          18|          18|
    |p_Val2_13_fu_1759_p2        |         +|   0|  0|  25|          18|          18|
    |p_Val2_14_fu_1863_p2        |         +|   0|  0|  25|          18|          18|
    |p_Val2_15_fu_1901_p2        |         +|   0|  0|  25|          18|          18|
    |p_Val2_17_fu_1953_p2        |         +|   0|  0|  25|          18|          18|
    |p_Val2_19_fu_2059_p2        |         +|   0|  0|  25|          18|          18|
    |p_Val2_20_fu_2113_p2        |         +|   0|  0|  25|          18|          18|
    |p_Val2_22_fu_2157_p2        |         +|   0|  0|  25|          18|          18|
    |ret_V_10_fu_1753_p2         |         +|   0|  0|  26|          19|          19|
    |ret_V_11_fu_1947_p2         |         +|   0|  0|  26|          19|          19|
    |ret_V_12_fu_2053_p2         |         +|   0|  0|  26|          19|          19|
    |ret_V_13_fu_2151_p2         |         +|   0|  0|  26|          19|          19|
    |ret_V_1_fu_959_p2           |         -|   0|  0|  24|          17|          17|
    |ret_V_2_fu_1002_p2          |         -|   0|  0|  24|          17|          17|
    |ret_V_3_fu_1045_p2          |         -|   0|  0|  24|          17|          17|
    |ret_V_4_fu_1088_p2          |         -|   0|  0|  24|          17|          17|
    |ret_V_5_fu_1131_p2          |         -|   0|  0|  24|          17|          17|
    |ret_V_6_fu_1174_p2          |         -|   0|  0|  24|          17|          17|
    |ret_V_7_fu_1217_p2          |         -|   0|  0|  24|          17|          17|
    |ret_V_8_fu_1260_p2          |         -|   0|  0|  24|          17|          17|
    |ret_V_9_fu_1303_p2          |         -|   0|  0|  24|          17|          17|
    |ret_V_fu_916_p2             |         -|   0|  0|  24|          17|          17|
    |overflow_12_fu_1787_p2      |       and|   0|  0|   2|           1|           1|
    |overflow_15_fu_1981_p2      |       and|   0|  0|   2|           1|           1|
    |overflow_16_fu_2085_p2      |       and|   0|  0|   2|           1|           1|
    |overflow_18_fu_2185_p2      |       and|   0|  0|   2|           1|           1|
    |overflow_1_fu_987_p2        |       and|   0|  0|   2|           1|           1|
    |overflow_2_fu_1030_p2       |       and|   0|  0|   2|           1|           1|
    |overflow_3_fu_1073_p2       |       and|   0|  0|   2|           1|           1|
    |overflow_4_fu_1116_p2       |       and|   0|  0|   2|           1|           1|
    |overflow_5_fu_1159_p2       |       and|   0|  0|   2|           1|           1|
    |overflow_6_fu_1202_p2       |       and|   0|  0|   2|           1|           1|
    |overflow_7_fu_1245_p2       |       and|   0|  0|   2|           1|           1|
    |overflow_8_fu_1288_p2       |       and|   0|  0|   2|           1|           1|
    |overflow_9_fu_1331_p2       |       and|   0|  0|   2|           1|           1|
    |overflow_fu_944_p2          |       and|   0|  0|   2|           1|           1|
    |underflow_1_fu_1799_p2      |       and|   0|  0|   2|           1|           1|
    |underflow_2_fu_1993_p2      |       and|   0|  0|   2|           1|           1|
    |underflow_fu_2197_p2        |       and|   0|  0|   2|           1|           1|
    |icmp_ln1697_1_fu_754_p2     |      icmp|   0|  0|  13|          16|          16|
    |icmp_ln1697_2_fu_794_p2     |      icmp|   0|  0|  13|          16|          16|
    |icmp_ln1697_3_fu_760_p2     |      icmp|   0|  0|  13|          16|          16|
    |icmp_ln1697_4_fu_766_p2     |      icmp|   0|  0|  13|          16|          16|
    |icmp_ln1697_5_fu_836_p2     |      icmp|   0|  0|  13|          16|          16|
    |icmp_ln1697_6_fu_856_p2     |      icmp|   0|  0|  13|          16|          16|
    |icmp_ln1697_7_fu_876_p2     |      icmp|   0|  0|  13|          16|          16|
    |icmp_ln1697_8_fu_891_p2     |      icmp|   0|  0|  13|          16|          16|
    |icmp_ln1697_fu_748_p2       |      icmp|   0|  0|  13|          16|          16|
    |ap_block_state1             |        or|   0|  0|   2|           1|           1|
    |or_ln348_1_fu_1817_p2       |        or|   0|  0|   2|           1|           1|
    |or_ln348_2_fu_2011_p2       |        or|   0|  0|   2|           1|           1|
    |or_ln348_fu_2215_p2         |        or|   0|  0|   2|           1|           1|
    |lhs_2_fu_1699_p3            |    select|   0|  0|  17|           1|          18|
    |lhs_5_fu_1893_p3            |    select|   0|  0|  17|           1|          18|
    |lhs_6_fu_1839_p3            |    select|   0|  0|  17|           1|          18|
    |lhs_7_fu_2105_p3            |    select|   0|  0|  17|           1|          18|
    |p_Result_21_fu_1392_p3      |    select|   0|  0|  10|           1|          10|
    |p_Result_22_fu_1423_p3      |    select|   0|  0|  10|           1|          10|
    |p_Result_23_fu_1454_p3      |    select|   0|  0|  10|           1|          10|
    |p_Result_24_fu_1485_p3      |    select|   0|  0|  10|           1|          10|
    |p_Result_25_fu_1516_p3      |    select|   0|  0|  10|           1|          10|
    |p_Result_26_fu_1547_p3      |    select|   0|  0|  10|           1|          10|
    |p_Result_27_fu_1578_p3      |    select|   0|  0|  10|           1|          10|
    |p_Result_28_fu_1609_p3      |    select|   0|  0|  10|           1|          10|
    |p_Result_29_fu_1640_p3      |    select|   0|  0|  10|           1|          10|
    |p_Result_43_fu_2247_p3      |    select|   0|  0|  10|           1|          10|
    |p_Result_s_fu_1361_p3       |    select|   0|  0|  10|           1|          10|
    |rhs_2_fu_1737_p3            |    select|   0|  0|  17|           1|          18|
    |rhs_5_fu_1931_p3            |    select|   0|  0|  17|           1|          18|
    |rhs_6_fu_2033_p3            |    select|   0|  0|  17|           1|          18|
    |rhs_7_fu_2131_p3            |    select|   0|  0|  16|           1|           2|
    |select_ln348_5_fu_2017_p3   |    select|   0|  0|  17|           1|          17|
    |select_ln348_8_fu_2231_p3   |    select|   0|  0|  10|           1|           9|
    |select_ln348_fu_1823_p3     |    select|   0|  0|  17|           1|          17|
    |select_ln392_10_fu_2097_p3  |    select|   0|  0|  18|           1|          17|
    |select_ln392_11_fu_1691_p3  |    select|   0|  0|  18|           1|          17|
    |select_ln392_12_fu_1729_p3  |    select|   0|  0|  18|           1|          17|
    |select_ln392_13_fu_1885_p3  |    select|   0|  0|  18|           1|          17|
    |select_ln392_14_fu_1923_p3  |    select|   0|  0|  18|           1|          17|
    |select_ln392_1_fu_1374_p3   |    select|   0|  0|  10|           1|           9|
    |select_ln392_2_fu_1405_p3   |    select|   0|  0|  10|           1|           9|
    |select_ln392_3_fu_1436_p3   |    select|   0|  0|  10|           1|           9|
    |select_ln392_4_fu_1467_p3   |    select|   0|  0|  10|           1|           9|
    |select_ln392_5_fu_1498_p3   |    select|   0|  0|  10|           1|           9|
    |select_ln392_6_fu_1529_p3   |    select|   0|  0|  10|           1|           9|
    |select_ln392_7_fu_1560_p3   |    select|   0|  0|  10|           1|           9|
    |select_ln392_8_fu_1591_p3   |    select|   0|  0|  10|           1|           9|
    |select_ln392_9_fu_1622_p3   |    select|   0|  0|  10|           1|           9|
    |select_ln392_fu_1343_p3     |    select|   0|  0|  10|           1|           9|
    |select_ln396_1_fu_2025_p3   |    select|   0|  0|  18|           1|          19|
    |select_ln396_2_fu_2239_p3   |    select|   0|  0|  10|           1|          11|
    |select_ln396_fu_1831_p3     |    select|   0|  0|  18|           1|          19|
    |select_ln65_1_fu_788_p3     |    select|   0|  0|  16|           1|          16|
    |select_ln65_2_fu_806_p3     |    select|   0|  0|  16|           1|          16|
    |select_ln65_3_fu_819_p3     |    select|   0|  0|  16|           1|          16|
    |select_ln65_4_fu_830_p3     |    select|   0|  0|  16|           1|          16|
    |select_ln65_5_fu_848_p3     |    select|   0|  0|  16|           1|          16|
    |select_ln65_6_fu_868_p3     |    select|   0|  0|  16|           1|          16|
    |select_ln65_7_fu_885_p3     |    select|   0|  0|  16|           1|          16|
    |select_ln65_fu_777_p3       |    select|   0|  0|  16|           1|          16|
    |x_max_V_fu_902_p3           |    select|   0|  0|  16|           1|          16|
    |xor_ln1697_1_fu_783_p2      |       xor|   0|  0|   2|           1|           2|
    |xor_ln1697_2_fu_800_p2      |       xor|   0|  0|   2|           1|           2|
    |xor_ln1697_3_fu_814_p2      |       xor|   0|  0|   2|           1|           2|
    |xor_ln1697_4_fu_825_p2      |       xor|   0|  0|   2|           1|           2|
    |xor_ln1697_5_fu_842_p2      |       xor|   0|  0|   2|           1|           2|
    |xor_ln1697_6_fu_862_p2      |       xor|   0|  0|   2|           1|           2|
    |xor_ln1697_7_fu_880_p2      |       xor|   0|  0|   2|           1|           2|
    |xor_ln1697_8_fu_896_p2      |       xor|   0|  0|   2|           1|           2|
    |xor_ln1697_fu_772_p2        |       xor|   0|  0|   2|           1|           2|
    |xor_ln348_10_fu_2091_p2     |       xor|   0|  0|   2|           1|           1|
    |xor_ln348_11_fu_2203_p2     |       xor|   0|  0|   2|           1|           1|
    |xor_ln348_12_fu_2209_p2     |       xor|   0|  0|   2|           1|           2|
    |xor_ln348_13_fu_1805_p2     |       xor|   0|  0|   2|           1|           1|
    |xor_ln348_14_fu_1811_p2     |       xor|   0|  0|   2|           1|           2|
    |xor_ln348_15_fu_1999_p2     |       xor|   0|  0|   2|           1|           1|
    |xor_ln348_16_fu_2005_p2     |       xor|   0|  0|   2|           1|           2|
    |xor_ln348_1_fu_993_p2       |       xor|   0|  0|   2|           1|           1|
    |xor_ln348_2_fu_1036_p2      |       xor|   0|  0|   2|           1|           1|
    |xor_ln348_3_fu_1079_p2      |       xor|   0|  0|   2|           1|           1|
    |xor_ln348_4_fu_1122_p2      |       xor|   0|  0|   2|           1|           1|
    |xor_ln348_5_fu_1165_p2      |       xor|   0|  0|   2|           1|           1|
    |xor_ln348_6_fu_1208_p2      |       xor|   0|  0|   2|           1|           1|
    |xor_ln348_7_fu_1251_p2      |       xor|   0|  0|   2|           1|           1|
    |xor_ln348_8_fu_1294_p2      |       xor|   0|  0|   2|           1|           1|
    |xor_ln348_9_fu_1337_p2      |       xor|   0|  0|   2|           1|           1|
    |xor_ln348_fu_950_p2         |       xor|   0|  0|   2|           1|           1|
    |xor_ln941_10_fu_2079_p2     |       xor|   0|  0|   2|           1|           2|
    |xor_ln941_11_fu_2179_p2     |       xor|   0|  0|   2|           1|           2|
    |xor_ln941_12_fu_1781_p2     |       xor|   0|  0|   2|           1|           2|
    |xor_ln941_13_fu_1975_p2     |       xor|   0|  0|   2|           1|           2|
    |xor_ln941_1_fu_981_p2       |       xor|   0|  0|   2|           1|           2|
    |xor_ln941_2_fu_1024_p2      |       xor|   0|  0|   2|           1|           2|
    |xor_ln941_3_fu_1067_p2      |       xor|   0|  0|   2|           1|           2|
    |xor_ln941_4_fu_1110_p2      |       xor|   0|  0|   2|           1|           2|
    |xor_ln941_5_fu_1153_p2      |       xor|   0|  0|   2|           1|           2|
    |xor_ln941_6_fu_1196_p2      |       xor|   0|  0|   2|           1|           2|
    |xor_ln941_7_fu_1239_p2      |       xor|   0|  0|   2|           1|           2|
    |xor_ln941_8_fu_1282_p2      |       xor|   0|  0|   2|           1|           2|
    |xor_ln941_9_fu_1325_p2      |       xor|   0|  0|   2|           1|           2|
    |xor_ln941_fu_938_p2         |       xor|   0|  0|   2|           1|           2|
    |xor_ln942_1_fu_1793_p2      |       xor|   0|  0|   2|           1|           2|
    |xor_ln942_2_fu_1987_p2      |       xor|   0|  0|   2|           1|           2|
    |xor_ln942_fu_2191_p2        |       xor|   0|  0|   2|           1|           2|
    +----------------------------+----------+----+---+----+------------+------------+
    |Total                       |          |   0|  0|1507|         682|        1311|
    +----------------------------+----------+----+---+----+------------+------------+

    * Multiplexer: 
    +-------------------------+----+-----------+-----+-----------+
    |           Name          | LUT| Input Size| Bits| Total Bits|
    +-------------------------+----+-----------+-----+-----------+
    |ap_NS_fsm                |  43|          8|    1|          8|
    |layer34_out_blk_n        |   9|          2|    1|          2|
    |layer36_out_TDATA_blk_n  |   9|          2|    1|          2|
    +-------------------------+----+-----------+-----+-----------+
    |Total                    |  61|         12|    3|         12|
    +-------------------------+----+-----------+-----+-----------+

    * Register: 
    +-------------------------+----+----+-----+-----------+
    |           Name          | FF | LUT| Bits| Const Bits|
    +-------------------------+----+----+-----+-----------+
    |ap_CS_fsm                |   7|   0|    7|          0|
    |data_array_V_4_reg_2477  |  16|   0|   16|          0|
    |data_array_V_5_reg_2483  |  16|   0|   16|          0|
    |data_array_V_6_reg_2489  |  16|   0|   16|          0|
    |data_array_V_7_reg_2495  |  16|   0|   16|          0|
    |data_array_V_8_reg_2445  |  16|   0|   16|          0|
    |data_array_V_9_reg_2452  |  16|   0|   16|          0|
    |exp_res_V_10_reg_2587    |  17|   0|   17|          0|
    |exp_res_V_11_reg_2592    |  17|   0|   17|          0|
    |exp_res_V_12_reg_2597    |  17|   0|   17|          0|
    |exp_res_V_13_reg_2602    |  17|   0|   17|          0|
    |exp_res_V_14_reg_2607    |  17|   0|   17|          0|
    |exp_res_V_15_reg_2612    |  17|   0|   17|          0|
    |exp_res_V_16_reg_2617    |  17|   0|   17|          0|
    |exp_res_V_17_reg_2622    |  17|   0|   17|          0|
    |exp_res_V_18_reg_2629    |  17|   0|   17|          0|
    |exp_res_V_reg_2582       |  17|   0|   17|          0|
    |icmp_ln1697_1_reg_2506   |   1|   0|    1|          0|
    |icmp_ln1697_3_reg_2511   |   1|   0|    1|          0|
    |icmp_ln1697_4_reg_2516   |   1|   0|    1|          0|
    |icmp_ln1697_7_reg_2527   |   1|   0|    1|          0|
    |icmp_ln1697_reg_2501     |   1|   0|    1|          0|
    |in_pack_data_4_reg_2459  |  16|   0|   16|          0|
    |in_pack_data_5_reg_2465  |  16|   0|   16|          0|
    |in_pack_data_6_reg_2471  |  16|   0|   16|          0|
    |in_pack_data_reg_2439    |  16|   0|   16|          0|
    |lhs_6_reg_2636           |  18|   0|   18|          0|
    |rhs_6_reg_2642           |  18|   0|   18|          0|
    |select_ln65_6_reg_2521   |  16|   0|   16|          0|
    +-------------------------+----+----+-----+-----------+
    |Total                    | 394|   0|  394|          0|
    +-------------------------+----+----+-----+-----------+



================================================================
== Interface
================================================================
* Summary: 
+----------------------------+-----+-----+------------+------------------------------------------------------------------------+--------------+
|          RTL Ports         | Dir | Bits|  Protocol  |                              Source Object                             |    C Type    |
+----------------------------+-----+-----+------------+------------------------------------------------------------------------+--------------+
|ap_clk                      |   in|    1|  ap_ctrl_hs|  softmax_stable<array,array<ap_fixed<16,6,5,3,0>,10u>,softmax_config36>|  return value|
|ap_rst                      |   in|    1|  ap_ctrl_hs|  softmax_stable<array,array<ap_fixed<16,6,5,3,0>,10u>,softmax_config36>|  return value|
|ap_start                    |   in|    1|  ap_ctrl_hs|  softmax_stable<array,array<ap_fixed<16,6,5,3,0>,10u>,softmax_config36>|  return value|
|ap_done                     |  out|    1|  ap_ctrl_hs|  softmax_stable<array,array<ap_fixed<16,6,5,3,0>,10u>,softmax_config36>|  return value|
|ap_idle                     |  out|    1|  ap_ctrl_hs|  softmax_stable<array,array<ap_fixed<16,6,5,3,0>,10u>,softmax_config36>|  return value|
|ap_ready                    |  out|    1|  ap_ctrl_hs|  softmax_stable<array,array<ap_fixed<16,6,5,3,0>,10u>,softmax_config36>|  return value|
|layer34_out_dout            |   in|  160|     ap_fifo|                                                             layer34_out|       pointer|
|layer34_out_num_data_valid  |   in|    2|     ap_fifo|                                                             layer34_out|       pointer|
|layer34_out_fifo_cap        |   in|    2|     ap_fifo|                                                             layer34_out|       pointer|
|layer34_out_empty_n         |   in|    1|     ap_fifo|                                                             layer34_out|       pointer|
|layer34_out_read            |  out|    1|     ap_fifo|                                                             layer34_out|       pointer|
|layer36_out_TDATA           |  out|  160|        axis|                                                             layer36_out|       pointer|
|layer36_out_TVALID          |  out|    1|        axis|                                                             layer36_out|       pointer|
|layer36_out_TREADY          |   in|    1|        axis|                                                             layer36_out|       pointer|
+----------------------------+-----+-----+------------+------------------------------------------------------------------------+--------------+

