

================================================================
== Vivado HLS Report for 'dense_array_ap_fixed_30u_array_ap_fixed_16_6_5_3_0_10u_config13_s'
================================================================
* Date:           Tue Jul  4 23:40:58 2023

* Version:        2019.2 (Build 2704478 on Wed Nov 06 22:10:23 MST 2019)
* Project:        myproject_prj
* Solution:       solution1
* Product family: zynq
* Target device:  xc7z020-clg400-1


================================================================
== Performance Estimates
================================================================
+ Timing: 
    * Summary: 
    +--------+---------+----------+------------+
    |  Clock |  Target | Estimated| Uncertainty|
    +--------+---------+----------+------------+
    |ap_clk  | 5.00 ns | 3.991 ns |   0.62 ns  |
    +--------+---------+----------+------------+

+ Latency: 
    * Summary: 
    +---------+---------+-----------+-----------+-----+-----+---------+
    |  Latency (cycles) |   Latency (absolute)  |  Interval | Pipeline|
    |   min   |   max   |    min    |    max    | min | max |   Type  |
    +---------+---------+-----------+-----------+-----+-----+---------+
    |        7|        7| 35.000 ns | 35.000 ns |    7|    7|   none  |
    +---------+---------+-----------+-----------+-----+-----+---------+

    + Detail: 
        * Instance: 
        +-----------------------------------------------------------------------------+------------------------------------------------------------------+---------+---------+-----------+-----------+-----+-----+----------+
        |                                                                             |                                                                  |  Latency (cycles) |   Latency (absolute)  |  Interval | Pipeline |
        |                                   Instance                                  |                              Module                              |   min   |   max   |    min    |    max    | min | max |   Type   |
        +-----------------------------------------------------------------------------+------------------------------------------------------------------+---------+---------+-----------+-----------+-----+-----+----------+
        |grp_dense_wrapper_ap_fixed_16_6_5_3_0_ap_fixed_16_6_5_3_0_config13_s_fu_202  |dense_wrapper_ap_fixed_16_6_5_3_0_ap_fixed_16_6_5_3_0_config13_s  |        4|        4| 20.000 ns | 20.000 ns |    1|    1| function |
        +-----------------------------------------------------------------------------+------------------------------------------------------------------+---------+---------+-----------+-----------+-----+-----+----------+

        * Loop: 
        N/A



================================================================
== Utilization Estimates
================================================================
* Summary: 
+-----------------+---------+-------+--------+-------+-----+
|       Name      | BRAM_18K| DSP48E|   FF   |  LUT  | URAM|
+-----------------+---------+-------+--------+-------+-----+
|DSP              |        -|      -|       -|      -|    -|
|Expression       |        -|      -|       0|      6|    -|
|FIFO             |        -|      -|       -|      -|    -|
|Instance         |        0|      -|    4628|   5431|    -|
|Memory           |        -|      -|       -|      -|    -|
|Multiplexer      |        -|      -|       -|    422|    -|
|Register         |        -|      -|     650|      -|    -|
+-----------------+---------+-------+--------+-------+-----+
|Total            |        0|      0|    5278|   5859|    0|
+-----------------+---------+-------+--------+-------+-----+
|Available        |      280|    220|  106400|  53200|    0|
+-----------------+---------+-------+--------+-------+-----+
|Utilization (%)  |        0|      0|       4|     11|    0|
+-----------------+---------+-------+--------+-------+-----+

+ Detail: 
    * Instance: 
    +-----------------------------------------------------------------------------+------------------------------------------------------------------+---------+-------+------+------+-----+
    |                                   Instance                                  |                              Module                              | BRAM_18K| DSP48E|  FF  |  LUT | URAM|
    +-----------------------------------------------------------------------------+------------------------------------------------------------------+---------+-------+------+------+-----+
    |grp_dense_wrapper_ap_fixed_16_6_5_3_0_ap_fixed_16_6_5_3_0_config13_s_fu_202  |dense_wrapper_ap_fixed_16_6_5_3_0_ap_fixed_16_6_5_3_0_config13_s  |        0|      0|  4628|  5431|    0|
    +-----------------------------------------------------------------------------+------------------------------------------------------------------+---------+-------+------+------+-----+
    |Total                                                                        |                                                                  |        0|      0|  4628|  5431|    0|
    +-----------------------------------------------------------------------------+------------------------------------------------------------------+---------+-------+------+------+-----+

    * DSP48E: 
    N/A

    * Memory: 
    N/A

    * FIFO: 
    N/A

    * Expression: 
    +--------------------------+----------+-------+---+----+------------+------------+
    |       Variable Name      | Operation| DSP48E| FF| LUT| Bitwidth P0| Bitwidth P1|
    +--------------------------+----------+-------+---+----+------------+------------+
    |io_acc_block_signal_op9   |    and   |      0|  0|   2|           1|           1|
    |io_acc_block_signal_op98  |    and   |      0|  0|   2|           1|           1|
    |ap_block_state1           |    or    |      0|  0|   2|           1|           1|
    +--------------------------+----------+-------+---+----+------------+------------+
    |Total                     |          |      0|  0|   6|           3|           3|
    +--------------------------+----------+-------+---+----+------------+------------+

    * Multiplexer: 
    +-------------------------------+----+-----------+-----+-----------+
    |              Name             | LUT| Input Size| Bits| Total Bits|
    +-------------------------------+----+-----------+-----+-----------+
    |ap_NS_fsm                      |  44|          9|    1|          9|
    |ap_done                        |   9|          2|    1|          2|
    |data_stream_V_data_0_V_blk_n   |   9|          2|    1|          2|
    |data_stream_V_data_10_V_blk_n  |   9|          2|    1|          2|
    |data_stream_V_data_11_V_blk_n  |   9|          2|    1|          2|
    |data_stream_V_data_12_V_blk_n  |   9|          2|    1|          2|
    |data_stream_V_data_13_V_blk_n  |   9|          2|    1|          2|
    |data_stream_V_data_14_V_blk_n  |   9|          2|    1|          2|
    |data_stream_V_data_15_V_blk_n  |   9|          2|    1|          2|
    |data_stream_V_data_16_V_blk_n  |   9|          2|    1|          2|
    |data_stream_V_data_17_V_blk_n  |   9|          2|    1|          2|
    |data_stream_V_data_18_V_blk_n  |   9|          2|    1|          2|
    |data_stream_V_data_19_V_blk_n  |   9|          2|    1|          2|
    |data_stream_V_data_1_V_blk_n   |   9|          2|    1|          2|
    |data_stream_V_data_20_V_blk_n  |   9|          2|    1|          2|
    |data_stream_V_data_21_V_blk_n  |   9|          2|    1|          2|
    |data_stream_V_data_22_V_blk_n  |   9|          2|    1|          2|
    |data_stream_V_data_23_V_blk_n  |   9|          2|    1|          2|
    |data_stream_V_data_24_V_blk_n  |   9|          2|    1|          2|
    |data_stream_V_data_25_V_blk_n  |   9|          2|    1|          2|
    |data_stream_V_data_26_V_blk_n  |   9|          2|    1|          2|
    |data_stream_V_data_27_V_blk_n  |   9|          2|    1|          2|
    |data_stream_V_data_28_V_blk_n  |   9|          2|    1|          2|
    |data_stream_V_data_29_V_blk_n  |   9|          2|    1|          2|
    |data_stream_V_data_2_V_blk_n   |   9|          2|    1|          2|
    |data_stream_V_data_3_V_blk_n   |   9|          2|    1|          2|
    |data_stream_V_data_4_V_blk_n   |   9|          2|    1|          2|
    |data_stream_V_data_5_V_blk_n   |   9|          2|    1|          2|
    |data_stream_V_data_6_V_blk_n   |   9|          2|    1|          2|
    |data_stream_V_data_7_V_blk_n   |   9|          2|    1|          2|
    |data_stream_V_data_8_V_blk_n   |   9|          2|    1|          2|
    |data_stream_V_data_9_V_blk_n   |   9|          2|    1|          2|
    |real_start                     |   9|          2|    1|          2|
    |res_stream_V_data_0_V_blk_n    |   9|          2|    1|          2|
    |res_stream_V_data_1_V_blk_n    |   9|          2|    1|          2|
    |res_stream_V_data_2_V_blk_n    |   9|          2|    1|          2|
    |res_stream_V_data_3_V_blk_n    |   9|          2|    1|          2|
    |res_stream_V_data_4_V_blk_n    |   9|          2|    1|          2|
    |res_stream_V_data_5_V_blk_n    |   9|          2|    1|          2|
    |res_stream_V_data_6_V_blk_n    |   9|          2|    1|          2|
    |res_stream_V_data_7_V_blk_n    |   9|          2|    1|          2|
    |res_stream_V_data_8_V_blk_n    |   9|          2|    1|          2|
    |res_stream_V_data_9_V_blk_n    |   9|          2|    1|          2|
    +-------------------------------+----+-----------+-----+-----------+
    |Total                          | 422|         93|   43|         93|
    +-------------------------------+----+-----------+-----+-----------+

    * Register: 
    +----------------------+----+----+-----+-----------+
    |         Name         | FF | LUT| Bits| Const Bits|
    +----------------------+----+----+-----+-----------+
    |ap_CS_fsm             |   8|   0|    8|          0|
    |ap_done_reg           |   1|   0|    1|          0|
    |data_0_V_reg_396      |  16|   0|   16|          0|
    |data_10_V_reg_446     |  16|   0|   16|          0|
    |data_11_V_reg_451     |  16|   0|   16|          0|
    |data_12_V_reg_456     |  16|   0|   16|          0|
    |data_13_V_reg_461     |  16|   0|   16|          0|
    |data_14_V_reg_466     |  16|   0|   16|          0|
    |data_15_V_reg_471     |  16|   0|   16|          0|
    |data_16_V_reg_476     |  16|   0|   16|          0|
    |data_17_V_reg_481     |  16|   0|   16|          0|
    |data_18_V_reg_486     |  16|   0|   16|          0|
    |data_19_V_reg_491     |  16|   0|   16|          0|
    |data_1_V_reg_401      |  16|   0|   16|          0|
    |data_20_V_reg_496     |  16|   0|   16|          0|
    |data_21_V_reg_501     |  16|   0|   16|          0|
    |data_22_V_reg_506     |  16|   0|   16|          0|
    |data_23_V_reg_511     |  16|   0|   16|          0|
    |data_24_V_reg_516     |  16|   0|   16|          0|
    |data_25_V_reg_521     |  16|   0|   16|          0|
    |data_26_V_reg_526     |  16|   0|   16|          0|
    |data_27_V_reg_531     |  16|   0|   16|          0|
    |data_28_V_reg_536     |  16|   0|   16|          0|
    |data_29_V_reg_541     |  16|   0|   16|          0|
    |data_2_V_reg_406      |  16|   0|   16|          0|
    |data_3_V_reg_411      |  16|   0|   16|          0|
    |data_4_V_reg_416      |  16|   0|   16|          0|
    |data_5_V_reg_421      |  16|   0|   16|          0|
    |data_6_V_reg_426      |  16|   0|   16|          0|
    |data_7_V_reg_431      |  16|   0|   16|          0|
    |data_8_V_reg_436      |  16|   0|   16|          0|
    |data_9_V_reg_441      |  16|   0|   16|          0|
    |start_once_reg        |   1|   0|    1|          0|
    |tmp_data_0_V_reg_546  |  16|   0|   16|          0|
    |tmp_data_1_V_reg_551  |  16|   0|   16|          0|
    |tmp_data_2_V_reg_556  |  16|   0|   16|          0|
    |tmp_data_3_V_reg_561  |  16|   0|   16|          0|
    |tmp_data_4_V_reg_566  |  16|   0|   16|          0|
    |tmp_data_5_V_reg_571  |  16|   0|   16|          0|
    |tmp_data_6_V_reg_576  |  16|   0|   16|          0|
    |tmp_data_7_V_reg_581  |  16|   0|   16|          0|
    |tmp_data_8_V_reg_586  |  16|   0|   16|          0|
    |tmp_data_9_V_reg_591  |  16|   0|   16|          0|
    +----------------------+----+----+-----+-----------+
    |Total                 | 650|   0|  650|          0|
    +----------------------+----+----+-----+-----------+



================================================================
== Interface
================================================================
* Summary: 
+---------------------------------+-----+-----+------------+---------------------------------------------------------------------+--------------+
|            RTL Ports            | Dir | Bits|  Protocol  |                            Source Object                            |    C Type    |
+---------------------------------+-----+-----+------------+---------------------------------------------------------------------+--------------+
|ap_clk                           |  in |    1| ap_ctrl_hs | dense<array<ap_fixed,30u>,array<ap_fixed<16,6,5,3,0>,10u>,config13> | return value |
|ap_rst                           |  in |    1| ap_ctrl_hs | dense<array<ap_fixed,30u>,array<ap_fixed<16,6,5,3,0>,10u>,config13> | return value |
|ap_start                         |  in |    1| ap_ctrl_hs | dense<array<ap_fixed,30u>,array<ap_fixed<16,6,5,3,0>,10u>,config13> | return value |
|start_full_n                     |  in |    1| ap_ctrl_hs | dense<array<ap_fixed,30u>,array<ap_fixed<16,6,5,3,0>,10u>,config13> | return value |
|ap_done                          | out |    1| ap_ctrl_hs | dense<array<ap_fixed,30u>,array<ap_fixed<16,6,5,3,0>,10u>,config13> | return value |
|ap_continue                      |  in |    1| ap_ctrl_hs | dense<array<ap_fixed,30u>,array<ap_fixed<16,6,5,3,0>,10u>,config13> | return value |
|ap_idle                          | out |    1| ap_ctrl_hs | dense<array<ap_fixed,30u>,array<ap_fixed<16,6,5,3,0>,10u>,config13> | return value |
|ap_ready                         | out |    1| ap_ctrl_hs | dense<array<ap_fixed,30u>,array<ap_fixed<16,6,5,3,0>,10u>,config13> | return value |
|start_out                        | out |    1| ap_ctrl_hs | dense<array<ap_fixed,30u>,array<ap_fixed<16,6,5,3,0>,10u>,config13> | return value |
|start_write                      | out |    1| ap_ctrl_hs | dense<array<ap_fixed,30u>,array<ap_fixed<16,6,5,3,0>,10u>,config13> | return value |
|data_stream_V_data_0_V_dout      |  in |   16|   ap_fifo  |                        data_stream_V_data_0_V                       |    pointer   |
|data_stream_V_data_0_V_empty_n   |  in |    1|   ap_fifo  |                        data_stream_V_data_0_V                       |    pointer   |
|data_stream_V_data_0_V_read      | out |    1|   ap_fifo  |                        data_stream_V_data_0_V                       |    pointer   |
|data_stream_V_data_1_V_dout      |  in |   16|   ap_fifo  |                        data_stream_V_data_1_V                       |    pointer   |
|data_stream_V_data_1_V_empty_n   |  in |    1|   ap_fifo  |                        data_stream_V_data_1_V                       |    pointer   |
|data_stream_V_data_1_V_read      | out |    1|   ap_fifo  |                        data_stream_V_data_1_V                       |    pointer   |
|data_stream_V_data_2_V_dout      |  in |   16|   ap_fifo  |                        data_stream_V_data_2_V                       |    pointer   |
|data_stream_V_data_2_V_empty_n   |  in |    1|   ap_fifo  |                        data_stream_V_data_2_V                       |    pointer   |
|data_stream_V_data_2_V_read      | out |    1|   ap_fifo  |                        data_stream_V_data_2_V                       |    pointer   |
|data_stream_V_data_3_V_dout      |  in |   16|   ap_fifo  |                        data_stream_V_data_3_V                       |    pointer   |
|data_stream_V_data_3_V_empty_n   |  in |    1|   ap_fifo  |                        data_stream_V_data_3_V                       |    pointer   |
|data_stream_V_data_3_V_read      | out |    1|   ap_fifo  |                        data_stream_V_data_3_V                       |    pointer   |
|data_stream_V_data_4_V_dout      |  in |   16|   ap_fifo  |                        data_stream_V_data_4_V                       |    pointer   |
|data_stream_V_data_4_V_empty_n   |  in |    1|   ap_fifo  |                        data_stream_V_data_4_V                       |    pointer   |
|data_stream_V_data_4_V_read      | out |    1|   ap_fifo  |                        data_stream_V_data_4_V                       |    pointer   |
|data_stream_V_data_5_V_dout      |  in |   16|   ap_fifo  |                        data_stream_V_data_5_V                       |    pointer   |
|data_stream_V_data_5_V_empty_n   |  in |    1|   ap_fifo  |                        data_stream_V_data_5_V                       |    pointer   |
|data_stream_V_data_5_V_read      | out |    1|   ap_fifo  |                        data_stream_V_data_5_V                       |    pointer   |
|data_stream_V_data_6_V_dout      |  in |   16|   ap_fifo  |                        data_stream_V_data_6_V                       |    pointer   |
|data_stream_V_data_6_V_empty_n   |  in |    1|   ap_fifo  |                        data_stream_V_data_6_V                       |    pointer   |
|data_stream_V_data_6_V_read      | out |    1|   ap_fifo  |                        data_stream_V_data_6_V                       |    pointer   |
|data_stream_V_data_7_V_dout      |  in |   16|   ap_fifo  |                        data_stream_V_data_7_V                       |    pointer   |
|data_stream_V_data_7_V_empty_n   |  in |    1|   ap_fifo  |                        data_stream_V_data_7_V                       |    pointer   |
|data_stream_V_data_7_V_read      | out |    1|   ap_fifo  |                        data_stream_V_data_7_V                       |    pointer   |
|data_stream_V_data_8_V_dout      |  in |   16|   ap_fifo  |                        data_stream_V_data_8_V                       |    pointer   |
|data_stream_V_data_8_V_empty_n   |  in |    1|   ap_fifo  |                        data_stream_V_data_8_V                       |    pointer   |
|data_stream_V_data_8_V_read      | out |    1|   ap_fifo  |                        data_stream_V_data_8_V                       |    pointer   |
|data_stream_V_data_9_V_dout      |  in |   16|   ap_fifo  |                        data_stream_V_data_9_V                       |    pointer   |
|data_stream_V_data_9_V_empty_n   |  in |    1|   ap_fifo  |                        data_stream_V_data_9_V                       |    pointer   |
|data_stream_V_data_9_V_read      | out |    1|   ap_fifo  |                        data_stream_V_data_9_V                       |    pointer   |
|data_stream_V_data_10_V_dout     |  in |   16|   ap_fifo  |                       data_stream_V_data_10_V                       |    pointer   |
|data_stream_V_data_10_V_empty_n  |  in |    1|   ap_fifo  |                       data_stream_V_data_10_V                       |    pointer   |
|data_stream_V_data_10_V_read     | out |    1|   ap_fifo  |                       data_stream_V_data_10_V                       |    pointer   |
|data_stream_V_data_11_V_dout     |  in |   16|   ap_fifo  |                       data_stream_V_data_11_V                       |    pointer   |
|data_stream_V_data_11_V_empty_n  |  in |    1|   ap_fifo  |                       data_stream_V_data_11_V                       |    pointer   |
|data_stream_V_data_11_V_read     | out |    1|   ap_fifo  |                       data_stream_V_data_11_V                       |    pointer   |
|data_stream_V_data_12_V_dout     |  in |   16|   ap_fifo  |                       data_stream_V_data_12_V                       |    pointer   |
|data_stream_V_data_12_V_empty_n  |  in |    1|   ap_fifo  |                       data_stream_V_data_12_V                       |    pointer   |
|data_stream_V_data_12_V_read     | out |    1|   ap_fifo  |                       data_stream_V_data_12_V                       |    pointer   |
|data_stream_V_data_13_V_dout     |  in |   16|   ap_fifo  |                       data_stream_V_data_13_V                       |    pointer   |
|data_stream_V_data_13_V_empty_n  |  in |    1|   ap_fifo  |                       data_stream_V_data_13_V                       |    pointer   |
|data_stream_V_data_13_V_read     | out |    1|   ap_fifo  |                       data_stream_V_data_13_V                       |    pointer   |
|data_stream_V_data_14_V_dout     |  in |   16|   ap_fifo  |                       data_stream_V_data_14_V                       |    pointer   |
|data_stream_V_data_14_V_empty_n  |  in |    1|   ap_fifo  |                       data_stream_V_data_14_V                       |    pointer   |
|data_stream_V_data_14_V_read     | out |    1|   ap_fifo  |                       data_stream_V_data_14_V                       |    pointer   |
|data_stream_V_data_15_V_dout     |  in |   16|   ap_fifo  |                       data_stream_V_data_15_V                       |    pointer   |
|data_stream_V_data_15_V_empty_n  |  in |    1|   ap_fifo  |                       data_stream_V_data_15_V                       |    pointer   |
|data_stream_V_data_15_V_read     | out |    1|   ap_fifo  |                       data_stream_V_data_15_V                       |    pointer   |
|data_stream_V_data_16_V_dout     |  in |   16|   ap_fifo  |                       data_stream_V_data_16_V                       |    pointer   |
|data_stream_V_data_16_V_empty_n  |  in |    1|   ap_fifo  |                       data_stream_V_data_16_V                       |    pointer   |
|data_stream_V_data_16_V_read     | out |    1|   ap_fifo  |                       data_stream_V_data_16_V                       |    pointer   |
|data_stream_V_data_17_V_dout     |  in |   16|   ap_fifo  |                       data_stream_V_data_17_V                       |    pointer   |
|data_stream_V_data_17_V_empty_n  |  in |    1|   ap_fifo  |                       data_stream_V_data_17_V                       |    pointer   |
|data_stream_V_data_17_V_read     | out |    1|   ap_fifo  |                       data_stream_V_data_17_V                       |    pointer   |
|data_stream_V_data_18_V_dout     |  in |   16|   ap_fifo  |                       data_stream_V_data_18_V                       |    pointer   |
|data_stream_V_data_18_V_empty_n  |  in |    1|   ap_fifo  |                       data_stream_V_data_18_V                       |    pointer   |
|data_stream_V_data_18_V_read     | out |    1|   ap_fifo  |                       data_stream_V_data_18_V                       |    pointer   |
|data_stream_V_data_19_V_dout     |  in |   16|   ap_fifo  |                       data_stream_V_data_19_V                       |    pointer   |
|data_stream_V_data_19_V_empty_n  |  in |    1|   ap_fifo  |                       data_stream_V_data_19_V                       |    pointer   |
|data_stream_V_data_19_V_read     | out |    1|   ap_fifo  |                       data_stream_V_data_19_V                       |    pointer   |
|data_stream_V_data_20_V_dout     |  in |   16|   ap_fifo  |                       data_stream_V_data_20_V                       |    pointer   |
|data_stream_V_data_20_V_empty_n  |  in |    1|   ap_fifo  |                       data_stream_V_data_20_V                       |    pointer   |
|data_stream_V_data_20_V_read     | out |    1|   ap_fifo  |                       data_stream_V_data_20_V                       |    pointer   |
|data_stream_V_data_21_V_dout     |  in |   16|   ap_fifo  |                       data_stream_V_data_21_V                       |    pointer   |
|data_stream_V_data_21_V_empty_n  |  in |    1|   ap_fifo  |                       data_stream_V_data_21_V                       |    pointer   |
|data_stream_V_data_21_V_read     | out |    1|   ap_fifo  |                       data_stream_V_data_21_V                       |    pointer   |
|data_stream_V_data_22_V_dout     |  in |   16|   ap_fifo  |                       data_stream_V_data_22_V                       |    pointer   |
|data_stream_V_data_22_V_empty_n  |  in |    1|   ap_fifo  |                       data_stream_V_data_22_V                       |    pointer   |
|data_stream_V_data_22_V_read     | out |    1|   ap_fifo  |                       data_stream_V_data_22_V                       |    pointer   |
|data_stream_V_data_23_V_dout     |  in |   16|   ap_fifo  |                       data_stream_V_data_23_V                       |    pointer   |
|data_stream_V_data_23_V_empty_n  |  in |    1|   ap_fifo  |                       data_stream_V_data_23_V                       |    pointer   |
|data_stream_V_data_23_V_read     | out |    1|   ap_fifo  |                       data_stream_V_data_23_V                       |    pointer   |
|data_stream_V_data_24_V_dout     |  in |   16|   ap_fifo  |                       data_stream_V_data_24_V                       |    pointer   |
|data_stream_V_data_24_V_empty_n  |  in |    1|   ap_fifo  |                       data_stream_V_data_24_V                       |    pointer   |
|data_stream_V_data_24_V_read     | out |    1|   ap_fifo  |                       data_stream_V_data_24_V                       |    pointer   |
|data_stream_V_data_25_V_dout     |  in |   16|   ap_fifo  |                       data_stream_V_data_25_V                       |    pointer   |
|data_stream_V_data_25_V_empty_n  |  in |    1|   ap_fifo  |                       data_stream_V_data_25_V                       |    pointer   |
|data_stream_V_data_25_V_read     | out |    1|   ap_fifo  |                       data_stream_V_data_25_V                       |    pointer   |
|data_stream_V_data_26_V_dout     |  in |   16|   ap_fifo  |                       data_stream_V_data_26_V                       |    pointer   |
|data_stream_V_data_26_V_empty_n  |  in |    1|   ap_fifo  |                       data_stream_V_data_26_V                       |    pointer   |
|data_stream_V_data_26_V_read     | out |    1|   ap_fifo  |                       data_stream_V_data_26_V                       |    pointer   |
|data_stream_V_data_27_V_dout     |  in |   16|   ap_fifo  |                       data_stream_V_data_27_V                       |    pointer   |
|data_stream_V_data_27_V_empty_n  |  in |    1|   ap_fifo  |                       data_stream_V_data_27_V                       |    pointer   |
|data_stream_V_data_27_V_read     | out |    1|   ap_fifo  |                       data_stream_V_data_27_V                       |    pointer   |
|data_stream_V_data_28_V_dout     |  in |   16|   ap_fifo  |                       data_stream_V_data_28_V                       |    pointer   |
|data_stream_V_data_28_V_empty_n  |  in |    1|   ap_fifo  |                       data_stream_V_data_28_V                       |    pointer   |
|data_stream_V_data_28_V_read     | out |    1|   ap_fifo  |                       data_stream_V_data_28_V                       |    pointer   |
|data_stream_V_data_29_V_dout     |  in |   16|   ap_fifo  |                       data_stream_V_data_29_V                       |    pointer   |
|data_stream_V_data_29_V_empty_n  |  in |    1|   ap_fifo  |                       data_stream_V_data_29_V                       |    pointer   |
|data_stream_V_data_29_V_read     | out |    1|   ap_fifo  |                       data_stream_V_data_29_V                       |    pointer   |
|res_stream_V_data_0_V_din        | out |   16|   ap_fifo  |                        res_stream_V_data_0_V                        |    pointer   |
|res_stream_V_data_0_V_full_n     |  in |    1|   ap_fifo  |                        res_stream_V_data_0_V                        |    pointer   |
|res_stream_V_data_0_V_write      | out |    1|   ap_fifo  |                        res_stream_V_data_0_V                        |    pointer   |
|res_stream_V_data_1_V_din        | out |   16|   ap_fifo  |                        res_stream_V_data_1_V                        |    pointer   |
|res_stream_V_data_1_V_full_n     |  in |    1|   ap_fifo  |                        res_stream_V_data_1_V                        |    pointer   |
|res_stream_V_data_1_V_write      | out |    1|   ap_fifo  |                        res_stream_V_data_1_V                        |    pointer   |
|res_stream_V_data_2_V_din        | out |   16|   ap_fifo  |                        res_stream_V_data_2_V                        |    pointer   |
|res_stream_V_data_2_V_full_n     |  in |    1|   ap_fifo  |                        res_stream_V_data_2_V                        |    pointer   |
|res_stream_V_data_2_V_write      | out |    1|   ap_fifo  |                        res_stream_V_data_2_V                        |    pointer   |
|res_stream_V_data_3_V_din        | out |   16|   ap_fifo  |                        res_stream_V_data_3_V                        |    pointer   |
|res_stream_V_data_3_V_full_n     |  in |    1|   ap_fifo  |                        res_stream_V_data_3_V                        |    pointer   |
|res_stream_V_data_3_V_write      | out |    1|   ap_fifo  |                        res_stream_V_data_3_V                        |    pointer   |
|res_stream_V_data_4_V_din        | out |   16|   ap_fifo  |                        res_stream_V_data_4_V                        |    pointer   |
|res_stream_V_data_4_V_full_n     |  in |    1|   ap_fifo  |                        res_stream_V_data_4_V                        |    pointer   |
|res_stream_V_data_4_V_write      | out |    1|   ap_fifo  |                        res_stream_V_data_4_V                        |    pointer   |
|res_stream_V_data_5_V_din        | out |   16|   ap_fifo  |                        res_stream_V_data_5_V                        |    pointer   |
|res_stream_V_data_5_V_full_n     |  in |    1|   ap_fifo  |                        res_stream_V_data_5_V                        |    pointer   |
|res_stream_V_data_5_V_write      | out |    1|   ap_fifo  |                        res_stream_V_data_5_V                        |    pointer   |
|res_stream_V_data_6_V_din        | out |   16|   ap_fifo  |                        res_stream_V_data_6_V                        |    pointer   |
|res_stream_V_data_6_V_full_n     |  in |    1|   ap_fifo  |                        res_stream_V_data_6_V                        |    pointer   |
|res_stream_V_data_6_V_write      | out |    1|   ap_fifo  |                        res_stream_V_data_6_V                        |    pointer   |
|res_stream_V_data_7_V_din        | out |   16|   ap_fifo  |                        res_stream_V_data_7_V                        |    pointer   |
|res_stream_V_data_7_V_full_n     |  in |    1|   ap_fifo  |                        res_stream_V_data_7_V                        |    pointer   |
|res_stream_V_data_7_V_write      | out |    1|   ap_fifo  |                        res_stream_V_data_7_V                        |    pointer   |
|res_stream_V_data_8_V_din        | out |   16|   ap_fifo  |                        res_stream_V_data_8_V                        |    pointer   |
|res_stream_V_data_8_V_full_n     |  in |    1|   ap_fifo  |                        res_stream_V_data_8_V                        |    pointer   |
|res_stream_V_data_8_V_write      | out |    1|   ap_fifo  |                        res_stream_V_data_8_V                        |    pointer   |
|res_stream_V_data_9_V_din        | out |   16|   ap_fifo  |                        res_stream_V_data_9_V                        |    pointer   |
|res_stream_V_data_9_V_full_n     |  in |    1|   ap_fifo  |                        res_stream_V_data_9_V                        |    pointer   |
|res_stream_V_data_9_V_write      | out |    1|   ap_fifo  |                        res_stream_V_data_9_V                        |    pointer   |
+---------------------------------+-----+-----+------------+---------------------------------------------------------------------+--------------+

